lint-and-security	Set up job	﻿2026-05-09T14:55:26.6543918Z Current runner version: '2.334.0'
lint-and-security	Set up job	2026-05-09T14:55:26.6578122Z ##[group]Runner Image Provisioner
lint-and-security	Set up job	2026-05-09T14:55:26.6579209Z Hosted Compute Agent
lint-and-security	Set up job	2026-05-09T14:55:26.6580143Z Version: 20260213.493
lint-and-security	Set up job	2026-05-09T14:55:26.6581078Z Commit: 5c115507f6dd24b8de37d8bbe0bb4509d0cc0fa3
lint-and-security	Set up job	2026-05-09T14:55:26.6582289Z Build Date: 2026-02-13T00:28:41Z
lint-and-security	Set up job	2026-05-09T14:55:26.6583344Z Worker ID: {13cc247f-d262-4d67-af51-9388809b969a}
lint-and-security	Set up job	2026-05-09T14:55:26.6584402Z Azure Region: northcentralus
lint-and-security	Set up job	2026-05-09T14:55:26.6585985Z ##[endgroup]
lint-and-security	Set up job	2026-05-09T14:55:26.6588088Z ##[group]Operating System
lint-and-security	Set up job	2026-05-09T14:55:26.6589054Z Ubuntu
lint-and-security	Set up job	2026-05-09T14:55:26.6589861Z 24.04.4
lint-and-security	Set up job	2026-05-09T14:55:26.6590599Z LTS
lint-and-security	Set up job	2026-05-09T14:55:26.6591293Z ##[endgroup]
lint-and-security	Set up job	2026-05-09T14:55:26.6592112Z ##[group]Runner Image
lint-and-security	Set up job	2026-05-09T14:55:26.6593035Z Image: ubuntu-24.04
lint-and-security	Set up job	2026-05-09T14:55:26.6593784Z Version: 20260413.86.1
lint-and-security	Set up job	2026-05-09T14:55:26.6595793Z Included Software: https://github.com/actions/runner-images/blob/ubuntu24/20260413.86/images/ubuntu/Ubuntu2404-Readme.md
lint-and-security	Set up job	2026-05-09T14:55:26.6598486Z Image Release: https://github.com/actions/runner-images/releases/tag/ubuntu24%2F20260413.86
lint-and-security	Set up job	2026-05-09T14:55:26.6600078Z ##[endgroup]
lint-and-security	Set up job	2026-05-09T14:55:26.6601859Z ##[group]GITHUB_TOKEN Permissions
lint-and-security	Set up job	2026-05-09T14:55:26.6604395Z Contents: read
lint-and-security	Set up job	2026-05-09T14:55:26.6605288Z Metadata: read
lint-and-security	Set up job	2026-05-09T14:55:26.6606424Z Packages: read
lint-and-security	Set up job	2026-05-09T14:55:26.6607367Z ##[endgroup]
lint-and-security	Set up job	2026-05-09T14:55:26.6610146Z Secret source: Dependabot
lint-and-security	Set up job	2026-05-09T14:55:26.6611234Z Prepare workflow directory
lint-and-security	Set up job	2026-05-09T14:55:26.7143235Z Prepare all required actions
lint-and-security	Set up job	2026-05-09T14:55:26.7200083Z Getting action download info
lint-and-security	Set up job	2026-05-09T14:55:26.9753529Z Download action repository 'actions/checkout@v6' (SHA:de0fac2e4500dabe0009e67214ff5f5447ce83dd)
lint-and-security	Set up job	2026-05-09T14:55:27.6861232Z Download action repository 'actions/setup-python@v5' (SHA:a26af69be951a213d495a4c3e4e4022e16d87065)
lint-and-security	Set up job	2026-05-09T14:55:28.1550291Z Complete job name: lint-and-security
lint-and-security	Run actions/checkout@v6	﻿2026-05-09T14:55:28.2424016Z ##[group]Run actions/checkout@v6
lint-and-security	Run actions/checkout@v6	2026-05-09T14:55:28.2425640Z with:
lint-and-security	Run actions/checkout@v6	2026-05-09T14:55:28.2426547Z   repository: chottokun/docling-markdown-generator
lint-and-security	Run actions/checkout@v6	2026-05-09T14:55:28.2427999Z   token: ***
lint-and-security	Run actions/checkout@v6	2026-05-09T14:55:28.2428727Z   ssh-strict: true
lint-and-security	Run actions/checkout@v6	2026-05-09T14:55:28.2429491Z   ssh-user: git
lint-and-security	Run actions/checkout@v6	2026-05-09T14:55:28.2430259Z   persist-credentials: true
lint-and-security	Run actions/checkout@v6	2026-05-09T14:55:28.2431131Z   clean: true
lint-and-security	Run actions/checkout@v6	2026-05-09T14:55:28.2431903Z   sparse-checkout-cone-mode: true
lint-and-security	Run actions/checkout@v6	2026-05-09T14:55:28.2432860Z   fetch-depth: 1
lint-and-security	Run actions/checkout@v6	2026-05-09T14:55:28.2433604Z   fetch-tags: false
lint-and-security	Run actions/checkout@v6	2026-05-09T14:55:28.2434385Z   show-progress: true
lint-and-security	Run actions/checkout@v6	2026-05-09T14:55:28.2435185Z   lfs: false
lint-and-security	Run actions/checkout@v6	2026-05-09T14:55:28.2436052Z   submodules: false
lint-and-security	Run actions/checkout@v6	2026-05-09T14:55:28.2436868Z   set-safe-directory: true
lint-and-security	Run actions/checkout@v6	2026-05-09T14:55:28.2438067Z ##[endgroup]
lint-and-security	Run actions/checkout@v6	2026-05-09T14:55:28.3405196Z Syncing repository: chottokun/docling-markdown-generator
lint-and-security	Run actions/checkout@v6	2026-05-09T14:55:28.3408337Z ##[group]Getting Git version info
lint-and-security	Run actions/checkout@v6	2026-05-09T14:55:28.3410161Z Working directory is '/home/runner/work/docling-markdown-generator/docling-markdown-generator'
lint-and-security	Run actions/checkout@v6	2026-05-09T14:55:28.3412758Z [command]/usr/bin/git version
lint-and-security	Run actions/checkout@v6	2026-05-09T14:55:28.3423374Z git version 2.53.0
lint-and-security	Run actions/checkout@v6	2026-05-09T14:55:28.3447172Z ##[endgroup]
lint-and-security	Run actions/checkout@v6	2026-05-09T14:55:28.3461740Z Temporarily overriding HOME='/home/runner/work/_temp/227ec225-fdf3-46a7-aeab-345fe50e9b14' before making global git config changes
lint-and-security	Run actions/checkout@v6	2026-05-09T14:55:28.3465157Z Adding repository directory to the temporary git global config as a safe directory
lint-and-security	Run actions/checkout@v6	2026-05-09T14:55:28.3468250Z [command]/usr/bin/git config --global --add safe.directory /home/runner/work/docling-markdown-generator/docling-markdown-generator
lint-and-security	Run actions/checkout@v6	2026-05-09T14:55:28.3500480Z Deleting the contents of '/home/runner/work/docling-markdown-generator/docling-markdown-generator'
lint-and-security	Run actions/checkout@v6	2026-05-09T14:55:28.3503337Z ##[group]Initializing the repository
lint-and-security	Run actions/checkout@v6	2026-05-09T14:55:28.3509637Z [command]/usr/bin/git init /home/runner/work/docling-markdown-generator/docling-markdown-generator
lint-and-security	Run actions/checkout@v6	2026-05-09T14:55:28.3579383Z hint: Using 'master' as the name for the initial branch. This default branch name
lint-and-security	Run actions/checkout@v6	2026-05-09T14:55:28.3581958Z hint: will change to "main" in Git 3.0. To configure the initial branch name
lint-and-security	Run actions/checkout@v6	2026-05-09T14:55:28.3584132Z hint: to use in all of your new repositories, which will suppress this warning,
lint-and-security	Run actions/checkout@v6	2026-05-09T14:55:28.3586008Z hint: call:
lint-and-security	Run actions/checkout@v6	2026-05-09T14:55:28.3587212Z hint:
lint-and-security	Run actions/checkout@v6	2026-05-09T14:55:28.3588147Z hint: 	git config --global init.defaultBranch <name>
lint-and-security	Run actions/checkout@v6	2026-05-09T14:55:28.3589451Z hint:
lint-and-security	Run actions/checkout@v6	2026-05-09T14:55:28.3590895Z hint: Names commonly chosen instead of 'master' are 'main', 'trunk' and
lint-and-security	Run actions/checkout@v6	2026-05-09T14:55:28.3593036Z hint: 'development'. The just-created branch can be renamed via this command:
lint-and-security	Run actions/checkout@v6	2026-05-09T14:55:28.3594484Z hint:
lint-and-security	Run actions/checkout@v6	2026-05-09T14:55:28.3595244Z hint: 	git branch -m <name>
lint-and-security	Run actions/checkout@v6	2026-05-09T14:55:28.3596497Z hint:
lint-and-security	Run actions/checkout@v6	2026-05-09T14:55:28.3597759Z hint: Disable this message with "git config set advice.defaultBranchName false"
lint-and-security	Run actions/checkout@v6	2026-05-09T14:55:28.3600222Z Initialized empty Git repository in /home/runner/work/docling-markdown-generator/docling-markdown-generator/.git/
lint-and-security	Run actions/checkout@v6	2026-05-09T14:55:28.3604058Z [command]/usr/bin/git remote add origin https://github.com/chottokun/docling-markdown-generator
lint-and-security	Run actions/checkout@v6	2026-05-09T14:55:28.3623508Z ##[endgroup]
lint-and-security	Run actions/checkout@v6	2026-05-09T14:55:28.3625049Z ##[group]Disabling automatic garbage collection
lint-and-security	Run actions/checkout@v6	2026-05-09T14:55:28.3626849Z [command]/usr/bin/git config --local gc.auto 0
lint-and-security	Run actions/checkout@v6	2026-05-09T14:55:28.3657238Z ##[endgroup]
lint-and-security	Run actions/checkout@v6	2026-05-09T14:55:28.3659370Z ##[group]Setting up auth
lint-and-security	Run actions/checkout@v6	2026-05-09T14:55:28.3661026Z Removing SSH command configuration
lint-and-security	Run actions/checkout@v6	2026-05-09T14:55:28.3664441Z [command]/usr/bin/git config --local --name-only --get-regexp core\.sshCommand
lint-and-security	Run actions/checkout@v6	2026-05-09T14:55:28.3695714Z [command]/usr/bin/git submodule foreach --recursive sh -c "git config --local --name-only --get-regexp 'core\.sshCommand' && git config --local --unset-all 'core.sshCommand' || :"
lint-and-security	Run actions/checkout@v6	2026-05-09T14:55:28.3969892Z Removing HTTP extra header
lint-and-security	Run actions/checkout@v6	2026-05-09T14:55:28.3976206Z [command]/usr/bin/git config --local --name-only --get-regexp http\.https\:\/\/github\.com\/\.extraheader
lint-and-security	Run actions/checkout@v6	2026-05-09T14:55:28.4006291Z [command]/usr/bin/git submodule foreach --recursive sh -c "git config --local --name-only --get-regexp 'http\.https\:\/\/github\.com\/\.extraheader' && git config --local --unset-all 'http.https://github.com/.extraheader' || :"
lint-and-security	Run actions/checkout@v6	2026-05-09T14:55:28.4215933Z Removing includeIf entries pointing to credentials config files
lint-and-security	Run actions/checkout@v6	2026-05-09T14:55:28.4220326Z [command]/usr/bin/git config --local --name-only --get-regexp ^includeIf\.gitdir:
lint-and-security	Run actions/checkout@v6	2026-05-09T14:55:28.4250012Z [command]/usr/bin/git submodule foreach --recursive git config --local --show-origin --name-only --get-regexp remote.origin.url
lint-and-security	Run actions/checkout@v6	2026-05-09T14:55:28.4465555Z [command]/usr/bin/git config --file /home/runner/work/_temp/git-credentials-50031c10-8560-4637-ab83-aa3c6d6a70a8.config http.https://github.com/.extraheader AUTHORIZATION: basic ***
lint-and-security	Run actions/checkout@v6	2026-05-09T14:55:28.4501573Z [command]/usr/bin/git config --local includeIf.gitdir:/home/runner/work/docling-markdown-generator/docling-markdown-generator/.git.path /home/runner/work/_temp/git-credentials-50031c10-8560-4637-ab83-aa3c6d6a70a8.config
lint-and-security	Run actions/checkout@v6	2026-05-09T14:55:28.4534417Z [command]/usr/bin/git config --local includeIf.gitdir:/home/runner/work/docling-markdown-generator/docling-markdown-generator/.git/worktrees/*.path /home/runner/work/_temp/git-credentials-50031c10-8560-4637-ab83-aa3c6d6a70a8.config
lint-and-security	Run actions/checkout@v6	2026-05-09T14:55:28.4564961Z [command]/usr/bin/git config --local includeIf.gitdir:/github/workspace/.git.path /github/runner_temp/git-credentials-50031c10-8560-4637-ab83-aa3c6d6a70a8.config
lint-and-security	Run actions/checkout@v6	2026-05-09T14:55:28.4594466Z [command]/usr/bin/git config --local includeIf.gitdir:/github/workspace/.git/worktrees/*.path /github/runner_temp/git-credentials-50031c10-8560-4637-ab83-aa3c6d6a70a8.config
lint-and-security	Run actions/checkout@v6	2026-05-09T14:55:28.4620613Z ##[endgroup]
lint-and-security	Run actions/checkout@v6	2026-05-09T14:55:28.4621938Z ##[group]Fetching the repository
lint-and-security	Run actions/checkout@v6	2026-05-09T14:55:28.4630448Z [command]/usr/bin/git -c protocol.version=2 fetch --no-tags --prune --no-recurse-submodules --depth=1 origin +86bc111d51b2a52ab5f73942bafcd5e3bb66c07d:refs/remotes/pull/99/merge
lint-and-security	Run actions/checkout@v6	2026-05-09T14:55:28.9668746Z From https://github.com/chottokun/docling-markdown-generator
lint-and-security	Run actions/checkout@v6	2026-05-09T14:55:28.9671295Z  * [new ref]         86bc111d51b2a52ab5f73942bafcd5e3bb66c07d -> pull/99/merge
lint-and-security	Run actions/checkout@v6	2026-05-09T14:55:28.9705558Z ##[endgroup]
lint-and-security	Run actions/checkout@v6	2026-05-09T14:55:28.9707886Z ##[group]Determining the checkout info
lint-and-security	Run actions/checkout@v6	2026-05-09T14:55:28.9710434Z ##[endgroup]
lint-and-security	Run actions/checkout@v6	2026-05-09T14:55:28.9711890Z [command]/usr/bin/git sparse-checkout disable
lint-and-security	Run actions/checkout@v6	2026-05-09T14:55:28.9751108Z [command]/usr/bin/git config --local --unset-all extensions.worktreeConfig
lint-and-security	Run actions/checkout@v6	2026-05-09T14:55:28.9782626Z ##[group]Checking out the ref
lint-and-security	Run actions/checkout@v6	2026-05-09T14:55:28.9785684Z [command]/usr/bin/git checkout --progress --force refs/remotes/pull/99/merge
lint-and-security	Run actions/checkout@v6	2026-05-09T14:55:28.9929191Z Note: switching to 'refs/remotes/pull/99/merge'.
lint-and-security	Run actions/checkout@v6	2026-05-09T14:55:28.9930708Z 
lint-and-security	Run actions/checkout@v6	2026-05-09T14:55:28.9931903Z You are in 'detached HEAD' state. You can look around, make experimental
lint-and-security	Run actions/checkout@v6	2026-05-09T14:55:28.9935094Z changes and commit them, and you can discard any commits you make in this
lint-and-security	Run actions/checkout@v6	2026-05-09T14:55:28.9938311Z state without impacting any branches by switching back to a branch.
lint-and-security	Run actions/checkout@v6	2026-05-09T14:55:28.9940128Z 
lint-and-security	Run actions/checkout@v6	2026-05-09T14:55:28.9941259Z If you want to create a new branch to retain commits you create, you may
lint-and-security	Run actions/checkout@v6	2026-05-09T14:55:28.9944064Z do so (now or later) by using -c with the switch command. Example:
lint-and-security	Run actions/checkout@v6	2026-05-09T14:55:28.9946252Z 
lint-and-security	Run actions/checkout@v6	2026-05-09T14:55:28.9946940Z   git switch -c <new-branch-name>
lint-and-security	Run actions/checkout@v6	2026-05-09T14:55:28.9948088Z 
lint-and-security	Run actions/checkout@v6	2026-05-09T14:55:28.9948706Z Or undo this operation with:
lint-and-security	Run actions/checkout@v6	2026-05-09T14:55:28.9949740Z 
lint-and-security	Run actions/checkout@v6	2026-05-09T14:55:28.9950282Z   git switch -
lint-and-security	Run actions/checkout@v6	2026-05-09T14:55:28.9951056Z 
lint-and-security	Run actions/checkout@v6	2026-05-09T14:55:28.9952347Z Turn off this advice by setting config variable advice.detachedHead to false
lint-and-security	Run actions/checkout@v6	2026-05-09T14:55:28.9954354Z 
lint-and-security	Run actions/checkout@v6	2026-05-09T14:55:28.9956808Z HEAD is now at 86bc111 Merge 472e842d95abb8d164de7310b4911b18e64bbfb7 into d3a6a53701138e362e5d538663e140ab06136417
lint-and-security	Run actions/checkout@v6	2026-05-09T14:55:28.9963024Z ##[endgroup]
lint-and-security	Run actions/checkout@v6	2026-05-09T14:55:28.9973595Z [command]/usr/bin/git log -1 --format=%H
lint-and-security	Run actions/checkout@v6	2026-05-09T14:55:28.9997632Z 86bc111d51b2a52ab5f73942bafcd5e3bb66c07d
lint-and-security	Set up Python 3.11	﻿2026-05-09T14:55:29.0322917Z ##[group]Run actions/setup-python@v5
lint-and-security	Set up Python 3.11	2026-05-09T14:55:29.0323973Z with:
lint-and-security	Set up Python 3.11	2026-05-09T14:55:29.0324660Z   python-version: 3.11
lint-and-security	Set up Python 3.11	2026-05-09T14:55:29.0325744Z   check-latest: false
lint-and-security	Set up Python 3.11	2026-05-09T14:55:29.0326799Z   token: ***
lint-and-security	Set up Python 3.11	2026-05-09T14:55:29.0327546Z   update-environment: true
lint-and-security	Set up Python 3.11	2026-05-09T14:55:29.0328432Z   allow-prereleases: false
lint-and-security	Set up Python 3.11	2026-05-09T14:55:29.0329268Z   freethreaded: false
lint-and-security	Set up Python 3.11	2026-05-09T14:55:29.0330056Z ##[endgroup]
lint-and-security	Set up Python 3.11	2026-05-09T14:55:29.2062020Z ##[group]Installed versions
lint-and-security	Set up Python 3.11	2026-05-09T14:55:29.2153593Z Successfully set up CPython (3.11.15)
lint-and-security	Set up Python 3.11	2026-05-09T14:55:29.2156173Z ##[endgroup]
lint-and-security	Install Linting & Security Tools	﻿2026-05-09T14:55:29.2300938Z ##[group]Run python -m pip install --upgrade pip
lint-and-security	Install Linting & Security Tools	2026-05-09T14:55:29.2302378Z ^[[36;1mpython -m pip install --upgrade pip^[[0m
lint-and-security	Install Linting & Security Tools	2026-05-09T14:55:29.2303629Z ^[[36;1mpip install ruff bandit safety^[[0m
lint-and-security	Install Linting & Security Tools	2026-05-09T14:55:29.2414875Z shell: /usr/bin/bash -e {0}
lint-and-security	Install Linting & Security Tools	2026-05-09T14:55:29.2416155Z env:
lint-and-security	Install Linting & Security Tools	2026-05-09T14:55:29.2417176Z   pythonLocation: /opt/hostedtoolcache/Python/3.11.15/x64
lint-and-security	Install Linting & Security Tools	2026-05-09T14:55:29.2418835Z   PKG_CONFIG_PATH: /opt/hostedtoolcache/Python/3.11.15/x64/lib/pkgconfig
lint-and-security	Install Linting & Security Tools	2026-05-09T14:55:29.2420507Z   Python_ROOT_DIR: /opt/hostedtoolcache/Python/3.11.15/x64
lint-and-security	Install Linting & Security Tools	2026-05-09T14:55:29.2421996Z   Python2_ROOT_DIR: /opt/hostedtoolcache/Python/3.11.15/x64
lint-and-security	Install Linting & Security Tools	2026-05-09T14:55:29.2423497Z   Python3_ROOT_DIR: /opt/hostedtoolcache/Python/3.11.15/x64
lint-and-security	Install Linting & Security Tools	2026-05-09T14:55:29.2425035Z   LD_LIBRARY_PATH: /opt/hostedtoolcache/Python/3.11.15/x64/lib
lint-and-security	Install Linting & Security Tools	2026-05-09T14:55:29.2426551Z ##[endgroup]
lint-and-security	Install Linting & Security Tools	2026-05-09T14:55:31.8081280Z Requirement already satisfied: pip in /opt/hostedtoolcache/Python/3.11.15/x64/lib/python3.11/site-packages (26.0.1)
lint-and-security	Install Linting & Security Tools	2026-05-09T14:55:31.9111013Z Collecting pip
lint-and-security	Install Linting & Security Tools	2026-05-09T14:55:31.9646862Z   Downloading pip-26.1.1-py3-none-any.whl.metadata (4.6 kB)
lint-and-security	Install Linting & Security Tools	2026-05-09T14:55:31.9719743Z Downloading pip-26.1.1-py3-none-any.whl (1.8 MB)
lint-and-security	Install Linting & Security Tools	2026-05-09T14:55:32.0193164Z    ━━━━━━━━━━━━━━━━━━━━━━━━━━━━━━━━━━━━━━━━ 1.8/1.8 MB 85.6 MB/s  0:00:00
lint-and-security	Install Linting & Security Tools	2026-05-09T14:55:32.0570449Z Installing collected packages: pip
lint-and-security	Install Linting & Security Tools	2026-05-09T14:55:32.0571690Z   Attempting uninstall: pip
lint-and-security	Install Linting & Security Tools	2026-05-09T14:55:32.0587677Z     Found existing installation: pip 26.0.1
lint-and-security	Install Linting & Security Tools	2026-05-09T14:55:32.1290859Z     Uninstalling pip-26.0.1:
lint-and-security	Install Linting & Security Tools	2026-05-09T14:55:32.1362649Z       Successfully uninstalled pip-26.0.1
lint-and-security	Install Linting & Security Tools	2026-05-09T14:55:32.9550089Z Successfully installed pip-26.1.1
lint-and-security	Install Linting & Security Tools	2026-05-09T14:55:33.7475722Z Collecting ruff
lint-and-security	Install Linting & Security Tools	2026-05-09T14:55:33.7993717Z   Downloading ruff-0.15.12-py3-none-manylinux_2_17_x86_64.manylinux2014_x86_64.whl.metadata (26 kB)
lint-and-security	Install Linting & Security Tools	2026-05-09T14:55:33.8242467Z Collecting bandit
lint-and-security	Install Linting & Security Tools	2026-05-09T14:55:33.8287212Z   Downloading bandit-1.9.4-py3-none-any.whl.metadata (7.1 kB)
lint-and-security	Install Linting & Security Tools	2026-05-09T14:55:33.8544938Z Collecting safety
lint-and-security	Install Linting & Security Tools	2026-05-09T14:55:33.8583706Z   Downloading safety-3.7.0-py3-none-any.whl.metadata (11 kB)
lint-and-security	Install Linting & Security Tools	2026-05-09T14:55:33.8934227Z Collecting PyYAML>=5.3.1 (from bandit)
lint-and-security	Install Linting & Security Tools	2026-05-09T14:55:33.8975901Z   Downloading pyyaml-6.0.3-cp311-cp311-manylinux2014_x86_64.manylinux_2_17_x86_64.manylinux_2_28_x86_64.whl.metadata (2.4 kB)
lint-and-security	Install Linting & Security Tools	2026-05-09T14:55:33.9158605Z Collecting stevedore>=1.20.0 (from bandit)
lint-and-security	Install Linting & Security Tools	2026-05-09T14:55:33.9193242Z   Downloading stevedore-5.7.0-py3-none-any.whl.metadata (2.4 kB)
lint-and-security	Install Linting & Security Tools	2026-05-09T14:55:33.9519449Z Collecting rich (from bandit)
lint-and-security	Install Linting & Security Tools	2026-05-09T14:55:33.9553982Z   Downloading rich-15.0.0-py3-none-any.whl.metadata (18 kB)
lint-and-security	Install Linting & Security Tools	2026-05-09T14:55:33.9720396Z Collecting authlib>=1.2.0 (from safety)
lint-and-security	Install Linting & Security Tools	2026-05-09T14:55:33.9755718Z   Downloading authlib-1.7.2-py2.py3-none-any.whl.metadata (10 kB)
lint-and-security	Install Linting & Security Tools	2026-05-09T14:55:33.9905236Z Collecting click>=8.0.2 (from safety)
lint-and-security	Install Linting & Security Tools	2026-05-09T14:55:33.9939470Z   Downloading click-8.3.3-py3-none-any.whl.metadata (2.6 kB)
lint-and-security	Install Linting & Security Tools	2026-05-09T14:55:34.0048332Z Collecting dparse>=0.6.4 (from safety)
lint-and-security	Install Linting & Security Tools	2026-05-09T14:55:34.0082356Z   Downloading dparse-0.6.4-py3-none-any.whl.metadata (5.5 kB)
lint-and-security	Install Linting & Security Tools	2026-05-09T14:55:34.0277573Z Collecting filelock<4.0,>=3.16.1 (from safety)
lint-and-security	Install Linting & Security Tools	2026-05-09T14:55:34.0319814Z   Downloading filelock-3.29.0-py3-none-any.whl.metadata (2.0 kB)
lint-and-security	Install Linting & Security Tools	2026-05-09T14:55:34.0572322Z Collecting httpx (from safety)
lint-and-security	Install Linting & Security Tools	2026-05-09T14:55:34.0614133Z   Downloading httpx-0.28.1-py3-none-any.whl.metadata (7.1 kB)
lint-and-security	Install Linting & Security Tools	2026-05-09T14:55:34.0772237Z Collecting jinja2>=3.1.0 (from safety)
lint-and-security	Install Linting & Security Tools	2026-05-09T14:55:34.0810033Z   Downloading jinja2-3.1.6-py3-none-any.whl.metadata (2.9 kB)
lint-and-security	Install Linting & Security Tools	2026-05-09T14:55:34.1073717Z Collecting marshmallow>=3.15.0 (from safety)
lint-and-security	Install Linting & Security Tools	2026-05-09T14:55:34.1109843Z   Downloading marshmallow-4.3.0-py3-none-any.whl.metadata (6.8 kB)
lint-and-security	Install Linting & Security Tools	2026-05-09T14:55:34.1261893Z Collecting nltk>=3.9 (from safety)
lint-and-security	Install Linting & Security Tools	2026-05-09T14:55:34.1296197Z   Downloading nltk-3.9.4-py3-none-any.whl.metadata (3.2 kB)
lint-and-security	Install Linting & Security Tools	2026-05-09T14:55:34.1447902Z Collecting packaging>=21.0 (from safety)
lint-and-security	Install Linting & Security Tools	2026-05-09T14:55:34.1483705Z   Downloading packaging-26.2-py3-none-any.whl.metadata (3.5 kB)
lint-and-security	Install Linting & Security Tools	2026-05-09T14:55:34.2552918Z Collecting pydantic>=2.6.0 (from safety)
lint-and-security	Install Linting & Security Tools	2026-05-09T14:55:34.2588727Z   Downloading pydantic-2.13.4-py3-none-any.whl.metadata (109 kB)
lint-and-security	Install Linting & Security Tools	2026-05-09T14:55:34.2848974Z Collecting requests (from safety)
lint-and-security	Install Linting & Security Tools	2026-05-09T14:55:34.2885437Z   Downloading requests-2.33.1-py3-none-any.whl.metadata (4.8 kB)
lint-and-security	Install Linting & Security Tools	2026-05-09T14:55:34.3934652Z Collecting ruamel-yaml>=0.17.21 (from safety)
lint-and-security	Install Linting & Security Tools	2026-05-09T14:55:34.3972988Z   Downloading ruamel_yaml-0.19.1-py3-none-any.whl.metadata (16 kB)
lint-and-security	Install Linting & Security Tools	2026-05-09T14:55:34.4110851Z Collecting safety-schemas==0.0.16 (from safety)
lint-and-security	Install Linting & Security Tools	2026-05-09T14:55:34.4145480Z   Downloading safety_schemas-0.0.16-py3-none-any.whl.metadata (1.1 kB)
lint-and-security	Install Linting & Security Tools	2026-05-09T14:55:34.4278427Z Collecting tenacity>=8.1.0 (from safety)
lint-and-security	Install Linting & Security Tools	2026-05-09T14:55:34.4313928Z   Downloading tenacity-9.1.4-py3-none-any.whl.metadata (1.2 kB)
lint-and-security	Install Linting & Security Tools	2026-05-09T14:55:34.4468256Z Collecting tomlkit (from safety)
lint-and-security	Install Linting & Security Tools	2026-05-09T14:55:34.4503509Z   Downloading tomlkit-0.14.0-py3-none-any.whl.metadata (2.8 kB)
lint-and-security	Install Linting & Security Tools	2026-05-09T14:55:34.4665679Z Collecting typer>=0.16.0 (from safety)
lint-and-security	Install Linting & Security Tools	2026-05-09T14:55:34.4700764Z   Downloading typer-0.25.1-py3-none-any.whl.metadata (15 kB)
lint-and-security	Install Linting & Security Tools	2026-05-09T14:55:34.4845964Z Collecting typing-extensions>=4.7.1 (from safety)
lint-and-security	Install Linting & Security Tools	2026-05-09T14:55:34.4881723Z   Downloading typing_extensions-4.15.0-py3-none-any.whl.metadata (3.3 kB)
lint-and-security	Install Linting & Security Tools	2026-05-09T14:55:34.6659086Z Collecting cryptography (from authlib>=1.2.0->safety)
lint-and-security	Install Linting & Security Tools	2026-05-09T14:55:34.6697703Z   Downloading cryptography-48.0.0-cp311-abi3-manylinux_2_34_x86_64.whl.metadata (4.3 kB)
lint-and-security	Install Linting & Security Tools	2026-05-09T14:55:34.6830994Z Collecting joserfc>=1.6.0 (from authlib>=1.2.0->safety)
lint-and-security	Install Linting & Security Tools	2026-05-09T14:55:34.6865098Z   Downloading joserfc-1.6.5-py3-none-any.whl.metadata (3.2 kB)
lint-and-security	Install Linting & Security Tools	2026-05-09T14:55:34.7316773Z Collecting MarkupSafe>=2.0 (from jinja2>=3.1.0->safety)
lint-and-security	Install Linting & Security Tools	2026-05-09T14:55:34.7352932Z   Downloading markupsafe-3.0.3-cp311-cp311-manylinux2014_x86_64.manylinux_2_17_x86_64.manylinux_2_28_x86_64.whl.metadata (2.7 kB)
lint-and-security	Install Linting & Security Tools	2026-05-09T14:55:34.8230616Z Collecting cffi>=2.0.0 (from cryptography->authlib>=1.2.0->safety)
lint-and-security	Install Linting & Security Tools	2026-05-09T14:55:34.8266196Z   Downloading cffi-2.0.0-cp311-cp311-manylinux2014_x86_64.manylinux_2_17_x86_64.whl.metadata (2.6 kB)
lint-and-security	Install Linting & Security Tools	2026-05-09T14:55:34.8373097Z Collecting pycparser (from cffi>=2.0.0->cryptography->authlib>=1.2.0->safety)
lint-and-security	Install Linting & Security Tools	2026-05-09T14:55:34.8409170Z   Downloading pycparser-3.0-py3-none-any.whl.metadata (8.2 kB)
lint-and-security	Install Linting & Security Tools	2026-05-09T14:55:34.8596811Z Collecting joblib (from nltk>=3.9->safety)
lint-and-security	Install Linting & Security Tools	2026-05-09T14:55:34.8632672Z   Downloading joblib-1.5.3-py3-none-any.whl.metadata (5.5 kB)
lint-and-security	Install Linting & Security Tools	2026-05-09T14:55:35.1975011Z Collecting regex>=2021.8.3 (from nltk>=3.9->safety)
lint-and-security	Install Linting & Security Tools	2026-05-09T14:55:35.2018329Z   Downloading regex-2026.4.4-cp311-cp311-manylinux2014_x86_64.manylinux_2_17_x86_64.manylinux_2_28_x86_64.whl.metadata (40 kB)
lint-and-security	Install Linting & Security Tools	2026-05-09T14:55:35.2305415Z Collecting tqdm (from nltk>=3.9->safety)
lint-and-security	Install Linting & Security Tools	2026-05-09T14:55:35.2341105Z   Downloading tqdm-4.67.3-py3-none-any.whl.metadata (57 kB)
lint-and-security	Install Linting & Security Tools	2026-05-09T14:55:35.2499714Z Collecting annotated-types>=0.6.0 (from pydantic>=2.6.0->safety)
lint-and-security	Install Linting & Security Tools	2026-05-09T14:55:35.2534795Z   Downloading annotated_types-0.7.0-py3-none-any.whl.metadata (15 kB)
lint-and-security	Install Linting & Security Tools	2026-05-09T14:55:35.8452987Z Collecting pydantic-core==2.46.4 (from pydantic>=2.6.0->safety)
lint-and-security	Install Linting & Security Tools	2026-05-09T14:55:35.8496022Z   Downloading pydantic_core-2.46.4-cp311-cp311-manylinux_2_17_x86_64.manylinux2014_x86_64.whl.metadata (6.6 kB)
lint-and-security	Install Linting & Security Tools	2026-05-09T14:55:35.8606397Z Collecting typing-inspection>=0.4.2 (from pydantic>=2.6.0->safety)
lint-and-security	Install Linting & Security Tools	2026-05-09T14:55:35.8643987Z   Downloading typing_inspection-0.4.2-py3-none-any.whl.metadata (2.6 kB)
lint-and-security	Install Linting & Security Tools	2026-05-09T14:55:35.8818276Z Collecting shellingham>=1.3.0 (from typer>=0.16.0->safety)
lint-and-security	Install Linting & Security Tools	2026-05-09T14:55:35.8852791Z   Downloading shellingham-1.5.4-py2.py3-none-any.whl.metadata (3.5 kB)
lint-and-security	Install Linting & Security Tools	2026-05-09T14:55:35.8963702Z Collecting annotated-doc>=0.0.2 (from typer>=0.16.0->safety)
lint-and-security	Install Linting & Security Tools	2026-05-09T14:55:35.8998506Z   Downloading annotated_doc-0.0.4-py3-none-any.whl.metadata (6.6 kB)
lint-and-security	Install Linting & Security Tools	2026-05-09T14:55:35.9137596Z Collecting markdown-it-py>=2.2.0 (from rich->bandit)
lint-and-security	Install Linting & Security Tools	2026-05-09T14:55:35.9172811Z   Downloading markdown_it_py-4.2.0-py3-none-any.whl.metadata (7.4 kB)
lint-and-security	Install Linting & Security Tools	2026-05-09T14:55:35.9354329Z Collecting pygments<3.0.0,>=2.13.0 (from rich->bandit)
lint-and-security	Install Linting & Security Tools	2026-05-09T14:55:35.9391368Z   Downloading pygments-2.20.0-py3-none-any.whl.metadata (2.5 kB)
lint-and-security	Install Linting & Security Tools	2026-05-09T14:55:35.9493427Z Collecting mdurl~=0.1 (from markdown-it-py>=2.2.0->rich->bandit)
lint-and-security	Install Linting & Security Tools	2026-05-09T14:55:35.9527339Z   Downloading mdurl-0.1.2-py3-none-any.whl.metadata (1.6 kB)
lint-and-security	Install Linting & Security Tools	2026-05-09T14:55:35.9715621Z Collecting anyio (from httpx->safety)
lint-and-security	Install Linting & Security Tools	2026-05-09T14:55:35.9749376Z   Downloading anyio-4.13.0-py3-none-any.whl.metadata (4.5 kB)
lint-and-security	Install Linting & Security Tools	2026-05-09T14:55:35.9920109Z Collecting certifi (from httpx->safety)
lint-and-security	Install Linting & Security Tools	2026-05-09T14:55:35.9953581Z   Downloading certifi-2026.4.22-py3-none-any.whl.metadata (2.5 kB)
lint-and-security	Install Linting & Security Tools	2026-05-09T14:55:36.0098068Z Collecting httpcore==1.* (from httpx->safety)
lint-and-security	Install Linting & Security Tools	2026-05-09T14:55:36.0132602Z   Downloading httpcore-1.0.9-py3-none-any.whl.metadata (21 kB)
lint-and-security	Install Linting & Security Tools	2026-05-09T14:55:36.0269488Z Collecting idna (from httpx->safety)
lint-and-security	Install Linting & Security Tools	2026-05-09T14:55:36.0303781Z   Downloading idna-3.13-py3-none-any.whl.metadata (8.0 kB)
lint-and-security	Install Linting & Security Tools	2026-05-09T14:55:36.0414379Z Collecting h11>=0.16 (from httpcore==1.*->httpx->safety)
lint-and-security	Install Linting & Security Tools	2026-05-09T14:55:36.0449313Z   Downloading h11-0.16.0-py3-none-any.whl.metadata (8.3 kB)
lint-and-security	Install Linting & Security Tools	2026-05-09T14:55:36.1596428Z Collecting charset_normalizer<4,>=2 (from requests->safety)
lint-and-security	Install Linting & Security Tools	2026-05-09T14:55:36.1635239Z   Downloading charset_normalizer-3.4.7-cp311-cp311-manylinux2014_x86_64.manylinux_2_17_x86_64.manylinux_2_28_x86_64.whl.metadata (40 kB)
lint-and-security	Install Linting & Security Tools	2026-05-09T14:55:36.1855484Z Collecting urllib3<3,>=1.26 (from requests->safety)
lint-and-security	Install Linting & Security Tools	2026-05-09T14:55:36.1891642Z   Downloading urllib3-2.7.0-py3-none-any.whl.metadata (6.9 kB)
lint-and-security	Install Linting & Security Tools	2026-05-09T14:55:36.2006341Z Downloading ruff-0.15.12-py3-none-manylinux_2_17_x86_64.manylinux2014_x86_64.whl (11.3 MB)
lint-and-security	Install Linting & Security Tools	2026-05-09T14:55:36.2502881Z    ━━━━━━━━━━━━━━━━━━━━━━━━━━━━━━━━━━━━━━━━ 11.3/11.3 MB 251.6 MB/s  0:00:00
lint-and-security	Install Linting & Security Tools	2026-05-09T14:55:36.2540604Z Downloading bandit-1.9.4-py3-none-any.whl (134 kB)
lint-and-security	Install Linting & Security Tools	2026-05-09T14:55:36.2600701Z Downloading safety-3.7.0-py3-none-any.whl (312 kB)
lint-and-security	Install Linting & Security Tools	2026-05-09T14:55:36.2664021Z Downloading safety_schemas-0.0.16-py3-none-any.whl (39 kB)
lint-and-security	Install Linting & Security Tools	2026-05-09T14:55:36.2722942Z Downloading filelock-3.29.0-py3-none-any.whl (39 kB)
lint-and-security	Install Linting & Security Tools	2026-05-09T14:55:36.2780188Z Downloading authlib-1.7.2-py2.py3-none-any.whl (259 kB)
lint-and-security	Install Linting & Security Tools	2026-05-09T14:55:36.2844024Z Downloading click-8.3.3-py3-none-any.whl (110 kB)
lint-and-security	Install Linting & Security Tools	2026-05-09T14:55:36.2903007Z Downloading dparse-0.6.4-py3-none-any.whl (11 kB)
lint-and-security	Install Linting & Security Tools	2026-05-09T14:55:36.2958238Z Downloading jinja2-3.1.6-py3-none-any.whl (134 kB)
lint-and-security	Install Linting & Security Tools	2026-05-09T14:55:36.3021076Z Downloading joserfc-1.6.5-py3-none-any.whl (70 kB)
lint-and-security	Install Linting & Security Tools	2026-05-09T14:55:36.3085933Z Downloading cryptography-48.0.0-cp311-abi3-manylinux_2_34_x86_64.whl (4.7 MB)
lint-and-security	Install Linting & Security Tools	2026-05-09T14:55:36.3250131Z    ━━━━━━━━━━━━━━━━━━━━━━━━━━━━━━━━━━━━━━━━ 4.7/4.7 MB 321.7 MB/s  0:00:00
lint-and-security	Install Linting & Security Tools	2026-05-09T14:55:36.3287756Z Downloading cffi-2.0.0-cp311-cp311-manylinux2014_x86_64.manylinux_2_17_x86_64.whl (215 kB)
lint-and-security	Install Linting & Security Tools	2026-05-09T14:55:36.3350041Z Downloading markupsafe-3.0.3-cp311-cp311-manylinux2014_x86_64.manylinux_2_17_x86_64.manylinux_2_28_x86_64.whl (22 kB)
lint-and-security	Install Linting & Security Tools	2026-05-09T14:55:36.3405536Z Downloading marshmallow-4.3.0-py3-none-any.whl (49 kB)
lint-and-security	Install Linting & Security Tools	2026-05-09T14:55:36.3463024Z Downloading nltk-3.9.4-py3-none-any.whl (1.6 MB)
lint-and-security	Install Linting & Security Tools	2026-05-09T14:55:36.3538224Z    ━━━━━━━━━━━━━━━━━━━━━━━━━━━━━━━━━━━━━━━━ 1.6/1.6 MB 240.2 MB/s  0:00:00
lint-and-security	Install Linting & Security Tools	2026-05-09T14:55:36.3573735Z Downloading packaging-26.2-py3-none-any.whl (100 kB)
lint-and-security	Install Linting & Security Tools	2026-05-09T14:55:36.3630762Z Downloading pydantic-2.13.4-py3-none-any.whl (472 kB)
lint-and-security	Install Linting & Security Tools	2026-05-09T14:55:36.3696551Z Downloading pydantic_core-2.46.4-cp311-cp311-manylinux_2_17_x86_64.manylinux2014_x86_64.whl (2.1 MB)
lint-and-security	Install Linting & Security Tools	2026-05-09T14:55:36.3794011Z    ━━━━━━━━━━━━━━━━━━━━━━━━━━━━━━━━━━━━━━━━ 2.1/2.1 MB 250.4 MB/s  0:00:00
lint-and-security	Install Linting & Security Tools	2026-05-09T14:55:36.3829962Z Downloading annotated_types-0.7.0-py3-none-any.whl (13 kB)
lint-and-security	Install Linting & Security Tools	2026-05-09T14:55:36.3889144Z Downloading pyyaml-6.0.3-cp311-cp311-manylinux2014_x86_64.manylinux_2_17_x86_64.manylinux_2_28_x86_64.whl (806 kB)
lint-and-security	Install Linting & Security Tools	2026-05-09T14:55:36.3976369Z    ━━━━━━━━━━━━━━━━━━━━━━━━━━━━━━━━━━━━━━━━ 806.6/806.6 kB 116.7 MB/s  0:00:00
lint-and-security	Install Linting & Security Tools	2026-05-09T14:55:36.4009606Z Downloading regex-2026.4.4-cp311-cp311-manylinux2014_x86_64.manylinux_2_17_x86_64.manylinux_2_28_x86_64.whl (799 kB)
lint-and-security	Install Linting & Security Tools	2026-05-09T14:55:36.4073069Z    ━━━━━━━━━━━━━━━━━━━━━━━━━━━━━━━━━━━━━━━━ 799.8/799.8 kB 131.7 MB/s  0:00:00
lint-and-security	Install Linting & Security Tools	2026-05-09T14:55:36.4108431Z Downloading ruamel_yaml-0.19.1-py3-none-any.whl (118 kB)
lint-and-security	Install Linting & Security Tools	2026-05-09T14:55:36.4164105Z Downloading stevedore-5.7.0-py3-none-any.whl (54 kB)
lint-and-security	Install Linting & Security Tools	2026-05-09T14:55:36.4219110Z Downloading tenacity-9.1.4-py3-none-any.whl (28 kB)
lint-and-security	Install Linting & Security Tools	2026-05-09T14:55:36.4271886Z Downloading typer-0.25.1-py3-none-any.whl (58 kB)
lint-and-security	Install Linting & Security Tools	2026-05-09T14:55:36.4326135Z Downloading annotated_doc-0.0.4-py3-none-any.whl (5.3 kB)
lint-and-security	Install Linting & Security Tools	2026-05-09T14:55:36.4381361Z Downloading rich-15.0.0-py3-none-any.whl (310 kB)
lint-and-security	Install Linting & Security Tools	2026-05-09T14:55:36.4443056Z Downloading pygments-2.20.0-py3-none-any.whl (1.2 MB)
lint-and-security	Install Linting & Security Tools	2026-05-09T14:55:36.4504157Z    ━━━━━━━━━━━━━━━━━━━━━━━━━━━━━━━━━━━━━━━━ 1.2/1.2 MB 237.8 MB/s  0:00:00
lint-and-security	Install Linting & Security Tools	2026-05-09T14:55:36.4537445Z Downloading markdown_it_py-4.2.0-py3-none-any.whl (91 kB)
lint-and-security	Install Linting & Security Tools	2026-05-09T14:55:36.4594343Z Downloading mdurl-0.1.2-py3-none-any.whl (10.0 kB)
lint-and-security	Install Linting & Security Tools	2026-05-09T14:55:36.4648049Z Downloading shellingham-1.5.4-py2.py3-none-any.whl (9.8 kB)
lint-and-security	Install Linting & Security Tools	2026-05-09T14:55:36.4701479Z Downloading typing_extensions-4.15.0-py3-none-any.whl (44 kB)
lint-and-security	Install Linting & Security Tools	2026-05-09T14:55:36.4756828Z Downloading typing_inspection-0.4.2-py3-none-any.whl (14 kB)
lint-and-security	Install Linting & Security Tools	2026-05-09T14:55:36.4810333Z Downloading httpx-0.28.1-py3-none-any.whl (73 kB)
lint-and-security	Install Linting & Security Tools	2026-05-09T14:55:36.4865369Z Downloading httpcore-1.0.9-py3-none-any.whl (78 kB)
lint-and-security	Install Linting & Security Tools	2026-05-09T14:55:36.4922928Z Downloading h11-0.16.0-py3-none-any.whl (37 kB)
lint-and-security	Install Linting & Security Tools	2026-05-09T14:55:36.4977166Z Downloading anyio-4.13.0-py3-none-any.whl (114 kB)
lint-and-security	Install Linting & Security Tools	2026-05-09T14:55:36.5032253Z Downloading idna-3.13-py3-none-any.whl (68 kB)
lint-and-security	Install Linting & Security Tools	2026-05-09T14:55:36.5097861Z Downloading certifi-2026.4.22-py3-none-any.whl (135 kB)
lint-and-security	Install Linting & Security Tools	2026-05-09T14:55:36.5153673Z Downloading joblib-1.5.3-py3-none-any.whl (309 kB)
lint-and-security	Install Linting & Security Tools	2026-05-09T14:55:36.5213923Z Downloading pycparser-3.0-py3-none-any.whl (48 kB)
lint-and-security	Install Linting & Security Tools	2026-05-09T14:55:36.5269285Z Downloading requests-2.33.1-py3-none-any.whl (64 kB)
lint-and-security	Install Linting & Security Tools	2026-05-09T14:55:36.5325317Z Downloading charset_normalizer-3.4.7-cp311-cp311-manylinux2014_x86_64.manylinux_2_17_x86_64.manylinux_2_28_x86_64.whl (214 kB)
lint-and-security	Install Linting & Security Tools	2026-05-09T14:55:36.5381347Z Downloading urllib3-2.7.0-py3-none-any.whl (131 kB)
lint-and-security	Install Linting & Security Tools	2026-05-09T14:55:36.5438220Z Downloading tomlkit-0.14.0-py3-none-any.whl (39 kB)
lint-and-security	Install Linting & Security Tools	2026-05-09T14:55:36.5491050Z Downloading tqdm-4.67.3-py3-none-any.whl (78 kB)
lint-and-security	Install Linting & Security Tools	2026-05-09T14:55:36.6994338Z Installing collected packages: urllib3, typing-extensions, tqdm, tomlkit, tenacity, stevedore, shellingham, ruff, ruamel-yaml, regex, PyYAML, pygments, pycparser, packaging, mdurl, marshmallow, MarkupSafe, joblib, idna, h11, filelock, click, charset_normalizer, certifi, annotated-types, annotated-doc, typing-inspection, requests, pydantic-core, nltk, markdown-it-py, jinja2, httpcore, dparse, cffi, anyio, rich, pydantic, httpx, cryptography, typer, safety-schemas, joserfc, bandit, authlib, safety
lint-and-security	Install Linting & Security Tools	2026-05-09T14:55:40.9034990Z 
lint-and-security	Install Linting & Security Tools	2026-05-09T14:55:40.9059782Z Successfully installed MarkupSafe-3.0.3 PyYAML-6.0.3 annotated-doc-0.0.4 annotated-types-0.7.0 anyio-4.13.0 authlib-1.7.2 bandit-1.9.4 certifi-2026.4.22 cffi-2.0.0 charset_normalizer-3.4.7 click-8.3.3 cryptography-48.0.0 dparse-0.6.4 filelock-3.29.0 h11-0.16.0 httpcore-1.0.9 httpx-0.28.1 idna-3.13 jinja2-3.1.6 joblib-1.5.3 joserfc-1.6.5 markdown-it-py-4.2.0 marshmallow-4.3.0 mdurl-0.1.2 nltk-3.9.4 packaging-26.2 pycparser-3.0 pydantic-2.13.4 pydantic-core-2.46.4 pygments-2.20.0 regex-2026.4.4 requests-2.33.1 rich-15.0.0 ruamel-yaml-0.19.1 ruff-0.15.12 safety-3.7.0 safety-schemas-0.0.16 shellingham-1.5.4 stevedore-5.7.0 tenacity-9.1.4 tomlkit-0.14.0 tqdm-4.67.3 typer-0.25.1 typing-extensions-4.15.0 typing-inspection-0.4.2 urllib3-2.7.0
lint-and-security	Lint with ruff	﻿2026-05-09T14:55:41.0350131Z ##[group]Run ruff check .
lint-and-security	Lint with ruff	2026-05-09T14:55:41.0350414Z ^[[36;1mruff check .^[[0m
lint-and-security	Lint with ruff	2026-05-09T14:55:41.0372153Z shell: /usr/bin/bash -e {0}
lint-and-security	Lint with ruff	2026-05-09T14:55:41.0372376Z env:
lint-and-security	Lint with ruff	2026-05-09T14:55:41.0372612Z   pythonLocation: /opt/hostedtoolcache/Python/3.11.15/x64
lint-and-security	Lint with ruff	2026-05-09T14:55:41.0373034Z   PKG_CONFIG_PATH: /opt/hostedtoolcache/Python/3.11.15/x64/lib/pkgconfig
lint-and-security	Lint with ruff	2026-05-09T14:55:41.0373443Z   Python_ROOT_DIR: /opt/hostedtoolcache/Python/3.11.15/x64
lint-and-security	Lint with ruff	2026-05-09T14:55:41.0373796Z   Python2_ROOT_DIR: /opt/hostedtoolcache/Python/3.11.15/x64
lint-and-security	Lint with ruff	2026-05-09T14:55:41.0374136Z   Python3_ROOT_DIR: /opt/hostedtoolcache/Python/3.11.15/x64
lint-and-security	Lint with ruff	2026-05-09T14:55:41.0374490Z   LD_LIBRARY_PATH: /opt/hostedtoolcache/Python/3.11.15/x64/lib
lint-and-security	Lint with ruff	2026-05-09T14:55:41.0374794Z ##[endgroup]
lint-and-security	Lint with ruff	2026-05-09T14:55:41.0538208Z E501 Line too long (90 > 88)
lint-and-security	Lint with ruff	2026-05-09T14:55:41.0538684Z   --> scripts/verify_real_data.py:44:89
lint-and-security	Lint with ruff	2026-05-09T14:55:41.0539115Z    |
lint-and-security	Lint with ruff	2026-05-09T14:55:41.0539442Z 43 |             if result_path and result_path.exists():
lint-and-security	Lint with ruff	2026-05-09T14:55:41.0540153Z 44 |                 logger.info(f"SUCCESS: Generated {result_path.relative_to(project_root)}")
lint-and-security	Lint with ruff	2026-05-09T14:55:41.0540891Z    |                                                                                         ^^
lint-and-security	Lint with ruff	2026-05-09T14:55:41.0541333Z 45 |                 # Check for images dir
lint-and-security	Lint with ruff	2026-05-09T14:55:41.0541610Z 46 |                 images_dir = output_dir / "images"
lint-and-security	Lint with ruff	2026-05-09T14:55:41.0541878Z    |
lint-and-security	Lint with ruff	2026-05-09T14:55:41.0542056Z 
lint-and-security	Lint with ruff	2026-05-09T14:55:41.0542190Z E501 Line too long (113 > 88)
lint-and-security	Lint with ruff	2026-05-09T14:55:41.0542578Z   --> scripts/verify_real_data.py:49:89
lint-and-security	Lint with ruff	2026-05-09T14:55:41.0542954Z    |
lint-and-security	Lint with ruff	2026-05-09T14:55:41.0543240Z 47 |                 if images_dir.exists():
lint-and-security	Lint with ruff	2026-05-09T14:55:41.0543875Z 48 |                     image_count = len(list(images_dir.glob("*.png")))
lint-and-security	Lint with ruff	2026-05-09T14:55:41.0544720Z 49 |                     logger.info(f"         Found {image_count} images in {images_dir.relative_to(project_root)}")
lint-and-security	Lint with ruff	2026-05-09T14:55:41.0545791Z    |                                                                                         ^^^^^^^^^^^^^^^^^^^^^^^^^
lint-and-security	Lint with ruff	2026-05-09T14:55:41.0546212Z 50 |                 success_count += 1
lint-and-security	Lint with ruff	2026-05-09T14:55:41.0546615Z 51 |             else:
lint-and-security	Lint with ruff	2026-05-09T14:55:41.0546893Z    |
lint-and-security	Lint with ruff	2026-05-09T14:55:41.0547042Z 
lint-and-security	Lint with ruff	2026-05-09T14:55:41.0547166Z E501 Line too long (92 > 88)
lint-and-security	Lint with ruff	2026-05-09T14:55:41.0547534Z   --> scripts/verify_real_data.py:55:89
lint-and-security	Lint with ruff	2026-05-09T14:55:41.0547849Z    |
lint-and-security	Lint with ruff	2026-05-09T14:55:41.0548017Z 53 |                 failure_count += 1
lint-and-security	Lint with ruff	2026-05-09T14:55:41.0548364Z 54 |         except Exception as e:
lint-and-security	Lint with ruff	2026-05-09T14:55:41.0549366Z 55 |             logger.exception(f"ERROR: Exception during processing of {test_file.name}: {e}")
lint-and-security	Lint with ruff	2026-05-09T14:55:41.0549891Z    |                                                                                         ^^^^
lint-and-security	Lint with ruff	2026-05-09T14:55:41.0550316Z 56 |             failure_count += 1
lint-and-security	Lint with ruff	2026-05-09T14:55:41.0550672Z    |
lint-and-security	Lint with ruff	2026-05-09T14:55:41.0550818Z 
lint-and-security	Lint with ruff	2026-05-09T14:55:41.0550943Z E501 Line too long (93 > 88)
lint-and-security	Lint with ruff	2026-05-09T14:55:41.0551324Z   --> scripts/verify_real_data.py:68:89
lint-and-security	Lint with ruff	2026-05-09T14:55:41.0551660Z    |
lint-and-security	Lint with ruff	2026-05-09T14:55:41.0551821Z 67 | if __name__ == "__main__":
lint-and-security	Lint with ruff	2026-05-09T14:55:41.0552533Z 68 |     parser = argparse.ArgumentParser(description="Verify conversion results with real data.")
lint-and-security	Lint with ruff	2026-05-09T14:55:41.0553243Z    |                                                                                         ^^^^^
lint-and-security	Lint with ruff	2026-05-09T14:55:41.0553674Z 69 |     parser.add_argument("--filter", type=str, help="Filter files to test by name")
lint-and-security	Lint with ruff	2026-05-09T14:55:41.0554060Z 70 |     args = parser.parse_args()
lint-and-security	Lint with ruff	2026-05-09T14:55:41.0554276Z    |
lint-and-security	Lint with ruff	2026-05-09T14:55:41.0554357Z 
lint-and-security	Lint with ruff	2026-05-09T14:55:41.0554440Z E501 Line too long (112 > 88)
lint-and-security	Lint with ruff	2026-05-09T14:55:41.0554662Z   --> src/docling_lib/cli.py:23:89
lint-and-security	Lint with ruff	2026-05-09T14:55:41.0554869Z    |
lint-and-security	Lint with ruff	2026-05-09T14:55:41.0555120Z 21 |     """Sets up and returns the argument parser for the CLI."""
lint-and-security	Lint with ruff	2026-05-09T14:55:41.0555709Z 22 |     parser = argparse.ArgumentParser(
lint-and-security	Lint with ruff	2026-05-09T14:55:41.0556214Z 23 |         description="Extract markdown, figures, and tables from documents (PDF, DOCX, PPTX) with high accuracy."
lint-and-security	Lint with ruff	2026-05-09T14:55:41.0556971Z    |                                                                                         ^^^^^^^^^^^^^^^^^^^^^^^^
lint-and-security	Lint with ruff	2026-05-09T14:55:41.0557269Z 24 |     )
lint-and-security	Lint with ruff	2026-05-09T14:55:41.0557442Z 25 |     parser.add_argument(
lint-and-security	Lint with ruff	2026-05-09T14:55:41.0557637Z    |
lint-and-security	Lint with ruff	2026-05-09T14:55:41.0557726Z 
lint-and-security	Lint with ruff	2026-05-09T14:55:41.0557896Z E501 Line too long (94 > 88)
lint-and-security	Lint with ruff	2026-05-09T14:55:41.0558273Z   --> src/docling_lib/cli.py:39:89
lint-and-security	Lint with ruff	2026-05-09T14:55:41.0558642Z    |
lint-and-security	Lint with ruff	2026-05-09T14:55:41.0558883Z 37 |         type=str,
lint-and-security	Lint with ruff	2026-05-09T14:55:41.0559207Z 38 |         default=IMAGE_DIR_NAME,
lint-and-security	Lint with ruff	2026-05-09T14:55:41.0559873Z 39 |         help=f"Name of the directory to save extracted images (default: '{IMAGE_DIR_NAME}').",
lint-and-security	Lint with ruff	2026-05-09T14:55:41.0560663Z    |                                                                                         ^^^^^^
lint-and-security	Lint with ruff	2026-05-09T14:55:41.0561424Z 40 |     )
lint-and-security	Lint with ruff	2026-05-09T14:55:41.0561634Z 41 |     parser.add_argument(
lint-and-security	Lint with ruff	2026-05-09T14:55:41.0561849Z    |
lint-and-security	Lint with ruff	2026-05-09T14:55:41.0561938Z 
lint-and-security	Lint with ruff	2026-05-09T14:55:41.0562021Z E501 Line too long (128 > 88)
lint-and-security	Lint with ruff	2026-05-09T14:55:41.0562235Z   --> src/docling_lib/cli.py:53:89
lint-and-security	Lint with ruff	2026-05-09T14:55:41.0562450Z    |
lint-and-security	Lint with ruff	2026-05-09T14:55:41.0562601Z 51 |         type=float,
lint-and-security	Lint with ruff	2026-05-09T14:55:41.0562827Z 52 |         default=IMAGE_RESOLUTION_SCALE,
lint-and-security	Lint with ruff	2026-05-09T14:55:41.0563354Z 53 |         help=f"Image resolution scale (default: {IMAGE_RESOLUTION_SCALE}). Higher values mean better quality but larger files.",
lint-and-security	Lint with ruff	2026-05-09T14:55:41.0563974Z    |                                                                                         ^^^^^^^^^^^^^^^^^^^^^^^^^^^^^^^^^^^^^^^^
lint-and-security	Lint with ruff	2026-05-09T14:55:41.0564473Z 54 |     )
lint-and-security	Lint with ruff	2026-05-09T14:55:41.0564633Z 55 |     return parser
lint-and-security	Lint with ruff	2026-05-09T14:55:41.0564816Z    |
lint-and-security	Lint with ruff	2026-05-09T14:55:41.0564899Z 
lint-and-security	Lint with ruff	2026-05-09T14:55:41.0564977Z E501 Line too long (93 > 88)
lint-and-security	Lint with ruff	2026-05-09T14:55:41.0565218Z   --> src/docling_lib/config.py:15:89
lint-and-security	Lint with ruff	2026-05-09T14:55:41.0565710Z    |
lint-and-security	Lint with ruff	2026-05-09T14:55:41.0565893Z 14 | # Security configurations
lint-and-security	Lint with ruff	2026-05-09T14:55:41.0566274Z 15 | MAX_UPLOAD_SIZE = int(os.getenv("DOCLING_MAX_UPLOAD_SIZE", 20 * 1024 * 1024))  # Default 20MB
lint-and-security	Lint with ruff	2026-05-09T14:55:41.0566742Z    |                                                                                         ^^^^^
lint-and-security	Lint with ruff	2026-05-09T14:55:41.0567154Z 16 | # Default to empty list for security (must be explicitly configured)
lint-and-security	Lint with ruff	2026-05-09T14:55:41.0567493Z 17 | CORS_ORIGINS = [
lint-and-security	Lint with ruff	2026-05-09T14:55:41.0567666Z    |
lint-and-security	Lint with ruff	2026-05-09T14:55:41.0567755Z 
lint-and-security	Lint with ruff	2026-05-09T14:55:41.0567829Z E501 Line too long (94 > 88)
lint-and-security	Lint with ruff	2026-05-09T14:55:41.0568058Z    --> src/docling_lib/converter.py:113:89
lint-and-security	Lint with ruff	2026-05-09T14:55:41.0568289Z     |
lint-and-security	Lint with ruff	2026-05-09T14:55:41.0568541Z 111 |         if hasattr(doc, "_mock_name") or "MagicMock" in str(type(doc)):
lint-and-security	Lint with ruff	2026-05-09T14:55:41.0568995Z 112 |             # Skip Pydantic validation by setting attributes directly if it's a mock
lint-and-security	Lint with ruff	2026-05-09T14:55:41.0569536Z 113 |             # Use object.__setattr__ to bypass Pydantic's frozen or validation logic if needed
lint-and-security	Lint with ruff	2026-05-09T14:55:41.0569986Z     |                                                                                         ^^^^^^
lint-and-security	Lint with ruff	2026-05-09T14:55:41.0570318Z 114 |             object.__setattr__(self, "doc", doc)
lint-and-security	Lint with ruff	2026-05-09T14:55:41.0570721Z 115 |             object.__setattr__(self, "params", kwargs.get("params", MarkdownParams()))
lint-and-security	Lint with ruff	2026-05-09T14:55:41.0571090Z     |
lint-and-security	Lint with ruff	2026-05-09T14:55:41.0571177Z 
lint-and-security	Lint with ruff	2026-05-09T14:55:41.0571261Z E501 Line too long (91 > 88)
lint-and-security	Lint with ruff	2026-05-09T14:55:41.0571489Z    --> src/docling_lib/converter.py:259:89
lint-and-security	Lint with ruff	2026-05-09T14:55:41.0571725Z     |
lint-and-security	Lint with ruff	2026-05-09T14:55:41.0571867Z 257 |         """
lint-and-security	Lint with ruff	2026-05-09T14:55:41.0572122Z 258 |         Helper method to save the document as Markdown and images.
lint-and-security	Lint with ruff	2026-05-09T14:55:41.0572596Z 259 |         Uses an enhanced custom serializer based on the provided or instance configuration.
lint-and-security	Lint with ruff	2026-05-09T14:55:41.0573045Z     |                                                                                         ^^^
lint-and-security	Lint with ruff	2026-05-09T14:55:41.0573321Z 260 |         """
lint-and-security	Lint with ruff	2026-05-09T14:55:41.0573693Z 261 |         actual_options = options or self.options
lint-and-security	Lint with ruff	2026-05-09T14:55:41.0573956Z     |
lint-and-security	Lint with ruff	2026-05-09T14:55:41.0574042Z 
lint-and-security	Lint with ruff	2026-05-09T14:55:41.0574117Z E501 Line too long (90 > 88)
lint-and-security	Lint with ruff	2026-05-09T14:55:41.0574341Z   --> src/docling_lib/server.py:70:89
lint-and-security	Lint with ruff	2026-05-09T14:55:41.0574560Z    |
lint-and-security	Lint with ruff	2026-05-09T14:55:41.0574728Z 68 |                 raise HTTPException(
lint-and-security	Lint with ruff	2026-05-09T14:55:41.0574974Z 69 |                     status_code=413,
lint-and-security	Lint with ruff	2026-05-09T14:55:41.0575557Z 70 |                     detail=f"Payload Too Large. Maximum size is {MAX_UPLOAD_SIZE} bytes.",
lint-and-security	Lint with ruff	2026-05-09T14:55:41.0576022Z    |                                                                                         ^^
lint-and-security	Lint with ruff	2026-05-09T14:55:41.0576304Z 71 |                 )
lint-and-security	Lint with ruff	2026-05-09T14:55:41.0576542Z 72 |             await run_in_threadpool(tmp_file.write, chunk)
lint-and-security	Lint with ruff	2026-05-09T14:55:41.0576805Z    |
lint-and-security	Lint with ruff	2026-05-09T14:55:41.0576892Z 
lint-and-security	Lint with ruff	2026-05-09T14:55:41.0577390Z B008 Do not perform function call `File` in argument defaults; instead, perform the call within the function, or read the default from a module-level singleton variable
lint-and-security	Lint with ruff	2026-05-09T14:55:41.0578055Z    --> src/docling_lib/server.py:109:24
lint-and-security	Lint with ruff	2026-05-09T14:55:41.0578283Z     |
lint-and-security	Lint with ruff	2026-05-09T14:55:41.0578453Z 107 | @router.post("/convert/")
lint-and-security	Lint with ruff	2026-05-09T14:55:41.0578672Z 108 | async def convert_file(
lint-and-security	Lint with ruff	2026-05-09T14:55:41.0578990Z 109 |     file: UploadFile = File(...), content_length: int | None = Header(None)
lint-and-security	Lint with ruff	2026-05-09T14:55:41.0579330Z     |                        ^^^^^^^^^
lint-and-security	Lint with ruff	2026-05-09T14:55:41.0579546Z 110 | ):
lint-and-security	Lint with ruff	2026-05-09T14:55:41.0579689Z 111 |     """
lint-and-security	Lint with ruff	2026-05-09T14:55:41.0579848Z     |
lint-and-security	Lint with ruff	2026-05-09T14:55:41.0579931Z 
lint-and-security	Lint with ruff	2026-05-09T14:55:41.0580015Z E722 Do not use bare `except`
lint-and-security	Lint with ruff	2026-05-09T14:55:41.0580393Z   --> tests/benchmark/io_benchmark.py:18:13
lint-and-security	Lint with ruff	2026-05-09T14:55:41.0580633Z    |
lint-and-security	Lint with ruff	2026-05-09T14:55:41.0580775Z 16 |             try:
lint-and-security	Lint with ruff	2026-05-09T14:55:41.0580956Z 17 |                 f.unlink()
lint-and-security	Lint with ruff	2026-05-09T14:55:41.0581147Z 18 |             except:
lint-and-security	Lint with ruff	2026-05-09T14:55:41.0581333Z    |             ^^^^^^
lint-and-security	Lint with ruff	2026-05-09T14:55:41.0581517Z 19 |                 pass
lint-and-security	Lint with ruff	2026-05-09T14:55:41.0581711Z 20 |         try:
lint-and-security	Lint with ruff	2026-05-09T14:55:41.0581872Z    |
lint-and-security	Lint with ruff	2026-05-09T14:55:41.0581961Z 
lint-and-security	Lint with ruff	2026-05-09T14:55:41.0582129Z S110 `try`-`except`-`pass` detected, consider logging the exception
lint-and-security	Lint with ruff	2026-05-09T14:55:41.0582473Z   --> tests/benchmark/io_benchmark.py:18:13
lint-and-security	Lint with ruff	2026-05-09T14:55:41.0582702Z    |
lint-and-security	Lint with ruff	2026-05-09T14:55:41.0582860Z 16 |               try:
lint-and-security	Lint with ruff	2026-05-09T14:55:41.0583039Z 17 |                   f.unlink()
lint-and-security	Lint with ruff	2026-05-09T14:55:41.0583245Z 18 | /             except:
lint-and-security	Lint with ruff	2026-05-09T14:55:41.0583429Z 19 | |                 pass
lint-and-security	Lint with ruff	2026-05-09T14:55:41.0583621Z    | |____________________^
lint-and-security	Lint with ruff	2026-05-09T14:55:41.0583807Z 20 |           try:
lint-and-security	Lint with ruff	2026-05-09T14:55:41.0583991Z 21 |               OUT_DIR.rmdir()
lint-and-security	Lint with ruff	2026-05-09T14:55:41.0584193Z    |
lint-and-security	Lint with ruff	2026-05-09T14:55:41.0584273Z 
lint-and-security	Lint with ruff	2026-05-09T14:55:41.0584348Z E722 Do not use bare `except`
lint-and-security	Lint with ruff	2026-05-09T14:55:41.0584576Z   --> tests/benchmark/io_benchmark.py:22:9
lint-and-security	Lint with ruff	2026-05-09T14:55:41.0584802Z    |
lint-and-security	Lint with ruff	2026-05-09T14:55:41.0584942Z 20 |         try:
lint-and-security	Lint with ruff	2026-05-09T14:55:41.0585117Z 21 |             OUT_DIR.rmdir()
lint-and-security	Lint with ruff	2026-05-09T14:55:41.0585527Z 22 |         except:
lint-and-security	Lint with ruff	2026-05-09T14:55:41.0585745Z    |         ^^^^^^
lint-and-security	Lint with ruff	2026-05-09T14:55:41.0585917Z 23 |             pass
lint-and-security	Lint with ruff	2026-05-09T14:55:41.0586077Z    |
lint-and-security	Lint with ruff	2026-05-09T14:55:41.0586165Z 
lint-and-security	Lint with ruff	2026-05-09T14:55:41.0586319Z S110 `try`-`except`-`pass` detected, consider logging the exception
lint-and-security	Lint with ruff	2026-05-09T14:55:41.0586654Z   --> tests/benchmark/io_benchmark.py:22:9
lint-and-security	Lint with ruff	2026-05-09T14:55:41.0586879Z    |
lint-and-security	Lint with ruff	2026-05-09T14:55:41.0587026Z 20 |           try:
lint-and-security	Lint with ruff	2026-05-09T14:55:41.0587204Z 21 |               OUT_DIR.rmdir()
lint-and-security	Lint with ruff	2026-05-09T14:55:41.0587417Z 22 | /         except:
lint-and-security	Lint with ruff	2026-05-09T14:55:41.0587596Z 23 | |             pass
lint-and-security	Lint with ruff	2026-05-09T14:55:41.0587774Z    | |________________^
lint-and-security	Lint with ruff	2026-05-09T14:55:41.0587938Z 24 |
lint-and-security	Lint with ruff	2026-05-09T14:55:41.0588122Z 25 |   async def sync_write(filename, content):
lint-and-security	Lint with ruff	2026-05-09T14:55:41.0588368Z    |
lint-and-security	Lint with ruff	2026-05-09T14:55:41.0588449Z 
lint-and-security	Lint with ruff	2026-05-09T14:55:41.0588524Z E501 Line too long (92 > 88)
lint-and-security	Lint with ruff	2026-05-09T14:55:41.0588753Z   --> tests/benchmark/io_benchmark.py:49:89
lint-and-security	Lint with ruff	2026-05-09T14:55:41.0589117Z    |
lint-and-security	Lint with ruff	2026-05-09T14:55:41.0589268Z 48 | async def main():
lint-and-security	Lint with ruff	2026-05-09T14:55:41.0589609Z 49 |     print(f"Running benchmark with {NUM_FILES} files of {len(CONTENT)/1024/1024}MB each...")
lint-and-security	Lint with ruff	2026-05-09T14:55:41.0590058Z    |                                                                                         ^^^^
lint-and-security	Lint with ruff	2026-05-09T14:55:41.0590337Z 50 |     # Warm up
lint-and-security	Lint with ruff	2026-05-09T14:55:41.0590533Z 51 |     await run_test(sync_write, "Warmup")
lint-and-security	Lint with ruff	2026-05-09T14:55:41.0590770Z    |
lint-and-security	Lint with ruff	2026-05-09T14:55:41.0590850Z 
lint-and-security	Lint with ruff	2026-05-09T14:55:41.0590969Z S113 Probable use of `requests` call without timeout
lint-and-security	Lint with ruff	2026-05-09T14:55:41.0591259Z   --> tests/conftest.py:23:24
lint-and-security	Lint with ruff	2026-05-09T14:55:41.0591453Z    |
lint-and-security	Lint with ruff	2026-05-09T14:55:41.0591616Z 22 |         if not file_path.exists():
lint-and-security	Lint with ruff	2026-05-09T14:55:41.0591864Z 23 |             response = requests.get(url)
lint-and-security	Lint with ruff	2026-05-09T14:55:41.0592103Z    |                        ^^^^^^^^^^^^
lint-and-security	Lint with ruff	2026-05-09T14:55:41.0592342Z 24 |             response.raise_for_status()
lint-and-security	Lint with ruff	2026-05-09T14:55:41.0592610Z 25 |             with open(file_path, "wb") as f:
lint-and-security	Lint with ruff	2026-05-09T14:55:41.0592846Z    |
lint-and-security	Lint with ruff	2026-05-09T14:55:41.0592926Z 
lint-and-security	Lint with ruff	2026-05-09T14:55:41.0593000Z E501 Line too long (128 > 88)
lint-and-security	Lint with ruff	2026-05-09T14:55:41.0593229Z   --> tests/download_samples.py:19:89
lint-and-security	Lint with ruff	2026-05-09T14:55:41.0593447Z    |
lint-and-security	Lint with ruff	2026-05-09T14:55:41.0593753Z 17 |     "sample7_financial.xlsx": "https://go.microsoft.com/fwlink/?LinkID=521962",
lint-and-security	Lint with ruff	2026-05-09T14:55:41.0594296Z 18 |     "sample8_word.docx": "https://filesamples.com/samples/document/docx/sample3.docx",
lint-and-security	Lint with ruff	2026-05-09T14:55:41.0594986Z 19 |     "sample10_jp_gov.pdf": "https://www.mext.go.jp/content/20200710-mxt_kouhou01-000008479_1.pdf" # Japanese government document
lint-and-security	Lint with ruff	2026-05-09T14:55:41.0595995Z    |                                                                                         ^^^^^^^^^^^^^^^^^^^^^^^^^^^^^^^^^^^^^^^^
lint-and-security	Lint with ruff	2026-05-09T14:55:41.0596330Z 20 | }
lint-and-security	Lint with ruff	2026-05-09T14:55:41.0596472Z    |
lint-and-security	Lint with ruff	2026-05-09T14:55:41.0596563Z 
lint-and-security	Lint with ruff	2026-05-09T14:55:41.0596638Z E501 Line too long (94 > 88)
lint-and-security	Lint with ruff	2026-05-09T14:55:41.0596867Z   --> tests/download_samples.py:47:89
lint-and-security	Lint with ruff	2026-05-09T14:55:41.0597090Z    |
lint-and-security	Lint with ruff	2026-05-09T14:55:41.0597243Z 45 | async def download_all():
lint-and-security	Lint with ruff	2026-05-09T14:55:41.0597487Z 46 |     async with httpx.AsyncClient() as client:
lint-and-security	Lint with ruff	2026-05-09T14:55:41.0597913Z 47 |         tasks = [download_file(client, filename, url) for filename, url in SampleUrls.items()]
lint-and-security	Lint with ruff	2026-05-09T14:55:41.0598363Z    |                                                                                         ^^^^^^
lint-and-security	Lint with ruff	2026-05-09T14:55:41.0598671Z 48 |         await asyncio.gather(*tasks)
lint-and-security	Lint with ruff	2026-05-09T14:55:41.0598893Z    |
lint-and-security	Lint with ruff	2026-05-09T14:55:41.0598983Z 
lint-and-security	Lint with ruff	2026-05-09T14:55:41.0599063Z E501 Line too long (119 > 88)
lint-and-security	Lint with ruff	2026-05-09T14:55:41.0599278Z   --> tests/e2e_real_world.py:16:89
lint-and-security	Lint with ruff	2026-05-09T14:55:41.0599490Z    |
lint-and-security	Lint with ruff	2026-05-09T14:55:41.0599670Z 15 | @pytest.mark.parametrize("pdf_file", [
lint-and-security	Lint with ruff	2026-05-09T14:55:41.0600146Z 16 |     f for f in REAL_WORLD_DATA_DIR.iterdir() if f.is_file() and f.suffix.lower() in [".pdf", ".docx", ".pptx", ".xlsx"]
lint-and-security	Lint with ruff	2026-05-09T14:55:41.0600697Z    |                                                                                         ^^^^^^^^^^^^^^^^^^^^^^^^^^^^^^^
lint-and-security	Lint with ruff	2026-05-09T14:55:41.0601040Z 17 | ] if REAL_WORLD_DATA_DIR.exists() else [])
lint-and-security	Lint with ruff	2026-05-09T14:55:41.0601415Z 18 | def test_real_world_pdf_conversion(pdf_file, clean_output_dir, monkeypatch):
lint-and-security	Lint with ruff	2026-05-09T14:55:41.0601760Z    |
lint-and-security	Lint with ruff	2026-05-09T14:55:41.0601845Z 
lint-and-security	Lint with ruff	2026-05-09T14:55:41.0601920Z S101 Use of `assert` detected
lint-and-security	Lint with ruff	2026-05-09T14:55:41.0602141Z   --> tests/e2e_real_world.py:35:5
lint-and-security	Lint with ruff	2026-05-09T14:55:41.0602350Z    |
lint-and-security	Lint with ruff	2026-05-09T14:55:41.0602517Z 34 |     # Assert basic output validity
lint-and-security	Lint with ruff	2026-05-09T14:55:41.0602898Z 35 |     assert markdown_output is not None, f"Conversion returned None for {pdf_file.name}"
lint-and-security	Lint with ruff	2026-05-09T14:55:41.0603281Z    |     ^^^^^^
lint-and-security	Lint with ruff	2026-05-09T14:55:41.0603604Z 36 |     assert isinstance(markdown_output, Path), f"Output is not a Path for {pdf_file.name}"
lint-and-security	Lint with ruff	2026-05-09T14:55:41.0604144Z 37 |     assert markdown_output.exists(), f"Output file does not exist for {pdf_file.name}"
lint-and-security	Lint with ruff	2026-05-09T14:55:41.0604655Z    |
lint-and-security	Lint with ruff	2026-05-09T14:55:41.0604736Z 
lint-and-security	Lint with ruff	2026-05-09T14:55:41.0604812Z S101 Use of `assert` detected
lint-and-security	Lint with ruff	2026-05-09T14:55:41.0605031Z   --> tests/e2e_real_world.py:36:5
lint-and-security	Lint with ruff	2026-05-09T14:55:41.0605234Z    |
lint-and-security	Lint with ruff	2026-05-09T14:55:41.0605660Z 34 |     # Assert basic output validity
lint-and-security	Lint with ruff	2026-05-09T14:55:41.0606158Z 35 |     assert markdown_output is not None, f"Conversion returned None for {pdf_file.name}"
lint-and-security	Lint with ruff	2026-05-09T14:55:41.0606705Z 36 |     assert isinstance(markdown_output, Path), f"Output is not a Path for {pdf_file.name}"
lint-and-security	Lint with ruff	2026-05-09T14:55:41.0607094Z    |     ^^^^^^
lint-and-security	Lint with ruff	2026-05-09T14:55:41.0607398Z 37 |     assert markdown_output.exists(), f"Output file does not exist for {pdf_file.name}"
lint-and-security	Lint with ruff	2026-05-09T14:55:41.0607776Z    |
lint-and-security	Lint with ruff	2026-05-09T14:55:41.0607856Z 
lint-and-security	Lint with ruff	2026-05-09T14:55:41.0607932Z E501 Line too long (89 > 88)
lint-and-security	Lint with ruff	2026-05-09T14:55:41.0608148Z   --> tests/e2e_real_world.py:36:89
lint-and-security	Lint with ruff	2026-05-09T14:55:41.0608358Z    |
lint-and-security	Lint with ruff	2026-05-09T14:55:41.0608523Z 34 |     # Assert basic output validity
lint-and-security	Lint with ruff	2026-05-09T14:55:41.0608895Z 35 |     assert markdown_output is not None, f"Conversion returned None for {pdf_file.name}"
lint-and-security	Lint with ruff	2026-05-09T14:55:41.0609429Z 36 |     assert isinstance(markdown_output, Path), f"Output is not a Path for {pdf_file.name}"
lint-and-security	Lint with ruff	2026-05-09T14:55:41.0609867Z    |                                                                                         ^
lint-and-security	Lint with ruff	2026-05-09T14:55:41.0610292Z 37 |     assert markdown_output.exists(), f"Output file does not exist for {pdf_file.name}"
lint-and-security	Lint with ruff	2026-05-09T14:55:41.0610663Z    |
lint-and-security	Lint with ruff	2026-05-09T14:55:41.0610744Z 
lint-and-security	Lint with ruff	2026-05-09T14:55:41.0610818Z S101 Use of `assert` detected
lint-and-security	Lint with ruff	2026-05-09T14:55:41.0611034Z   --> tests/e2e_real_world.py:37:5
lint-and-security	Lint with ruff	2026-05-09T14:55:41.0611380Z    |
lint-and-security	Lint with ruff	2026-05-09T14:55:41.0611670Z 35 |     assert markdown_output is not None, f"Conversion returned None for {pdf_file.name}"
lint-and-security	Lint with ruff	2026-05-09T14:55:41.0612196Z 36 |     assert isinstance(markdown_output, Path), f"Output is not a Path for {pdf_file.name}"
lint-and-security	Lint with ruff	2026-05-09T14:55:41.0612726Z 37 |     assert markdown_output.exists(), f"Output file does not exist for {pdf_file.name}"
lint-and-security	Lint with ruff	2026-05-09T14:55:41.0613109Z    |     ^^^^^^
lint-and-security	Lint with ruff	2026-05-09T14:55:41.0613265Z 38 |     
lint-and-security	Lint with ruff	2026-05-09T14:55:41.0613530Z 39 |     # Also verify that a markdown file might be saved internally by Docling,
lint-and-security	Lint with ruff	2026-05-09T14:55:41.0613859Z    |
lint-and-security	Lint with ruff	2026-05-09T14:55:41.0613949Z 
lint-and-security	Lint with ruff	2026-05-09T14:55:41.0614024Z E501 Line too long (92 > 88)
lint-and-security	Lint with ruff	2026-05-09T14:55:41.0614238Z   --> tests/test_cli.py:21:89
lint-and-security	Lint with ruff	2026-05-09T14:55:41.0614429Z    |
lint-and-security	Lint with ruff	2026-05-09T14:55:41.0614683Z 19 |     pdf_path = pdf_downloader("https://arxiv.org/pdf/1706.03762.pdf")
lint-and-security	Lint with ruff	2026-05-09T14:55:41.0615026Z 20 |     output_dir = tmp_path / "cli_output"
lint-and-security	Lint with ruff	2026-05-09T14:55:41.0615698Z 21 |     mock_process_pdf.return_value = output_dir / "processed_document.md"  # Simulate success
lint-and-security	Lint with ruff	2026-05-09T14:55:41.0616166Z    |                                                                                         ^^^^
lint-and-security	Lint with ruff	2026-05-09T14:55:41.0616443Z 22 |
lint-and-security	Lint with ruff	2026-05-09T14:55:41.0616677Z 23 |     result = main([str(pdf_path), "--output-dir", str(output_dir)])
lint-and-security	Lint with ruff	2026-05-09T14:55:41.0616990Z    |
lint-and-security	Lint with ruff	2026-05-09T14:55:41.0617070Z 
lint-and-security	Lint with ruff	2026-05-09T14:55:41.0617152Z S101 Use of `assert` detected
lint-and-security	Lint with ruff	2026-05-09T14:55:41.0617362Z   --> tests/test_cli.py:25:5
lint-and-security	Lint with ruff	2026-05-09T14:55:41.0617558Z    |
lint-and-security	Lint with ruff	2026-05-09T14:55:41.0617781Z 23 |     result = main([str(pdf_path), "--output-dir", str(output_dir)])
lint-and-security	Lint with ruff	2026-05-09T14:55:41.0618078Z 24 |
lint-and-security	Lint with ruff	2026-05-09T14:55:41.0618226Z 25 |     assert result == 0
lint-and-security	Lint with ruff	2026-05-09T14:55:41.0618419Z    |     ^^^^^^
lint-and-security	Lint with ruff	2026-05-09T14:55:41.0618615Z 26 |     mock_process_pdf.assert_called_once_with(
lint-and-security	Lint with ruff	2026-05-09T14:55:41.0618871Z 27 |         pdf_path,
lint-and-security	Lint with ruff	2026-05-09T14:55:41.0619047Z    |
lint-and-security	Lint with ruff	2026-05-09T14:55:41.0619126Z 
lint-and-security	Lint with ruff	2026-05-09T14:55:41.0619205Z S101 Use of `assert` detected
lint-and-security	Lint with ruff	2026-05-09T14:55:41.0619416Z   --> tests/test_cli.py:45:5
lint-and-security	Lint with ruff	2026-05-09T14:55:41.0619604Z    |
lint-and-security	Lint with ruff	2026-05-09T14:55:41.0619781Z 43 |     with pytest.raises(SystemExit) as e:
lint-and-security	Lint with ruff	2026-05-09T14:55:41.0620024Z 44 |         main([])
lint-and-security	Lint with ruff	2026-05-09T14:55:41.0620216Z 45 |     assert e.value.code == 2
lint-and-security	Lint with ruff	2026-05-09T14:55:41.0620421Z    |     ^^^^^^
lint-and-security	Lint with ruff	2026-05-09T14:55:41.0620740Z 46 |     captured = capsys.readouterr()
lint-and-security	Lint with ruff	2026-05-09T14:55:41.0621088Z 47 |     assert "the following arguments are required: pdf_file" in captured.err
lint-and-security	Lint with ruff	2026-05-09T14:55:41.0621420Z    |
lint-and-security	Lint with ruff	2026-05-09T14:55:41.0621500Z 
lint-and-security	Lint with ruff	2026-05-09T14:55:41.0621580Z S101 Use of `assert` detected
lint-and-security	Lint with ruff	2026-05-09T14:55:41.0621784Z   --> tests/test_cli.py:47:5
lint-and-security	Lint with ruff	2026-05-09T14:55:41.0621974Z    |
lint-and-security	Lint with ruff	2026-05-09T14:55:41.0622132Z 45 |     assert e.value.code == 2
lint-and-security	Lint with ruff	2026-05-09T14:55:41.0622361Z 46 |     captured = capsys.readouterr()
lint-and-security	Lint with ruff	2026-05-09T14:55:41.0622698Z 47 |     assert "the following arguments are required: pdf_file" in captured.err
lint-and-security	Lint with ruff	2026-05-09T14:55:41.0623038Z    |     ^^^^^^
lint-and-security	Lint with ruff	2026-05-09T14:55:41.0623191Z    |
lint-and-security	Lint with ruff	2026-05-09T14:55:41.0623270Z 
lint-and-security	Lint with ruff	2026-05-09T14:55:41.0623344Z S101 Use of `assert` detected
lint-and-security	Lint with ruff	2026-05-09T14:55:41.0623557Z   --> tests/test_cli.py:62:5
lint-and-security	Lint with ruff	2026-05-09T14:55:41.0623748Z    |
lint-and-security	Lint with ruff	2026-05-09T14:55:41.0623999Z 60 |     pdf_path = pdf_downloader("https://arxiv.org/pdf/1706.03762.pdf")
lint-and-security	Lint with ruff	2026-05-09T14:55:41.0624377Z 61 |     result = main([str(pdf_path), "-o", str(tmp_path)])
lint-and-security	Lint with ruff	2026-05-09T14:55:41.0624661Z 62 |     assert result == 1
lint-and-security	Lint with ruff	2026-05-09T14:55:41.0624848Z    |     ^^^^^^
lint-and-security	Lint with ruff	2026-05-09T14:55:41.0625041Z 63 |     assert "Workflow failed" in caplog.text
lint-and-security	Lint with ruff	2026-05-09T14:55:41.0625493Z    |
lint-and-security	Lint with ruff	2026-05-09T14:55:41.0625609Z 
lint-and-security	Lint with ruff	2026-05-09T14:55:41.0625688Z S101 Use of `assert` detected
lint-and-security	Lint with ruff	2026-05-09T14:55:41.0625910Z   --> tests/test_cli.py:63:5
lint-and-security	Lint with ruff	2026-05-09T14:55:41.0626098Z    |
lint-and-security	Lint with ruff	2026-05-09T14:55:41.0626292Z 61 |     result = main([str(pdf_path), "-o", str(tmp_path)])
lint-and-security	Lint with ruff	2026-05-09T14:55:41.0626564Z 62 |     assert result == 1
lint-and-security	Lint with ruff	2026-05-09T14:55:41.0626787Z 63 |     assert "Workflow failed" in caplog.text
lint-and-security	Lint with ruff	2026-05-09T14:55:41.0627154Z    |     ^^^^^^
lint-and-security	Lint with ruff	2026-05-09T14:55:41.0627310Z    |
lint-and-security	Lint with ruff	2026-05-09T14:55:41.0627389Z 
lint-and-security	Lint with ruff	2026-05-09T14:55:41.0627464Z E501 Line too long (93 > 88)
lint-and-security	Lint with ruff	2026-05-09T14:55:41.0627668Z   --> tests/test_cli.py:67:89
lint-and-security	Lint with ruff	2026-05-09T14:55:41.0627865Z    |
lint-and-security	Lint with ruff	2026-05-09T14:55:41.0628036Z 66 | @patch("docling_lib.cli.process_pdf")
lint-and-security	Lint with ruff	2026-05-09T14:55:41.0628469Z 67 | def test_main_with_custom_image_dir(mock_process_pdf, tmp_path, pdf_downloader, monkeypatch):
lint-and-security	Lint with ruff	2026-05-09T14:55:41.0628936Z    |                                                                                         ^^^^^
lint-and-security	Lint with ruff	2026-05-09T14:55:41.0629216Z 68 |     """
lint-and-security	Lint with ruff	2026-05-09T14:55:41.0629416Z 69 |     Given: The --image-dir argument is provided.
lint-and-security	Lint with ruff	2026-05-09T14:55:41.0629689Z    |
lint-and-security	Lint with ruff	2026-05-09T14:55:41.0629770Z 
lint-and-security	Lint with ruff	2026-05-09T14:55:41.0629850Z S101 Use of `assert` detected
lint-and-security	Lint with ruff	2026-05-09T14:55:41.0630061Z   --> tests/test_cli.py:89:5
lint-and-security	Lint with ruff	2026-05-09T14:55:41.0630258Z    |
lint-and-security	Lint with ruff	2026-05-09T14:55:41.0630396Z 87 |     )
lint-and-security	Lint with ruff	2026-05-09T14:55:41.0630544Z 88 |
lint-and-security	Lint with ruff	2026-05-09T14:55:41.0630697Z 89 |     assert result == 0
lint-and-security	Lint with ruff	2026-05-09T14:55:41.0630889Z    |     ^^^^^^
lint-and-security	Lint with ruff	2026-05-09T14:55:41.0631084Z 90 |     mock_process_pdf.assert_called_once_with(
lint-and-security	Lint with ruff	2026-05-09T14:55:41.0631345Z 91 |         pdf_path,
lint-and-security	Lint with ruff	2026-05-09T14:55:41.0631514Z    |
lint-and-security	Lint with ruff	2026-05-09T14:55:41.0631599Z 
lint-and-security	Lint with ruff	2026-05-09T14:55:41.0631676Z S101 Use of `assert` detected
lint-and-security	Lint with ruff	2026-05-09T14:55:41.0631897Z    --> tests/test_cli.py:127:5
lint-and-security	Lint with ruff	2026-05-09T14:55:41.0632092Z     |
lint-and-security	Lint with ruff	2026-05-09T14:55:41.0632272Z 125 |     mock_main.assert_called_once_with()
lint-and-security	Lint with ruff	2026-05-09T14:55:41.0632565Z 126 |     mock_logger.exception.assert_called_once()
lint-and-security	Lint with ruff	2026-05-09T14:55:41.0632827Z 127 |     assert (
lint-and-security	Lint with ruff	2026-05-09T14:55:41.0632985Z     |     ^^^^^^
lint-and-security	Lint with ruff	2026-05-09T14:55:41.0633224Z 128 |         "An unexpected error occurred in the CLI: Test Error"
lint-and-security	Lint with ruff	2026-05-09T14:55:41.0633556Z 129 |         in mock_logger.exception.call_args[0][0]
lint-and-security	Lint with ruff	2026-05-09T14:55:41.0633816Z     |
lint-and-security	Lint with ruff	2026-05-09T14:55:41.0633900Z 
lint-and-security	Lint with ruff	2026-05-09T14:55:41.0633982Z S101 Use of `assert` detected
lint-and-security	Lint with ruff	2026-05-09T14:55:41.0634200Z   --> tests/test_config.py:9:5
lint-and-security	Lint with ruff	2026-05-09T14:55:41.0634401Z    |
lint-and-security	Lint with ruff	2026-05-09T14:55:41.0634552Z  7 | def test_constants():
lint-and-security	Lint with ruff	2026-05-09T14:55:41.0634842Z  8 |     """Verify that constants have the expected values."""
lint-and-security	Lint with ruff	2026-05-09T14:55:41.0635193Z  9 |     assert config.MD_OUTPUT_NAME == "processed_document.md"
lint-and-security	Lint with ruff	2026-05-09T14:55:41.0635712Z    |     ^^^^^^
lint-and-security	Lint with ruff	2026-05-09T14:55:41.0636049Z 10 |     assert config.IMAGE_DIR_NAME == "images"
lint-and-security	Lint with ruff	2026-05-09T14:55:41.0636348Z 11 |     assert config.IMAGE_RESOLUTION_SCALE == 2.0
lint-and-security	Lint with ruff	2026-05-09T14:55:41.0636602Z    |
lint-and-security	Lint with ruff	2026-05-09T14:55:41.0636687Z 
lint-and-security	Lint with ruff	2026-05-09T14:55:41.0636763Z S101 Use of `assert` detected
lint-and-security	Lint with ruff	2026-05-09T14:55:41.0636981Z   --> tests/test_config.py:10:5
lint-and-security	Lint with ruff	2026-05-09T14:55:41.0637177Z    |
lint-and-security	Lint with ruff	2026-05-09T14:55:41.0637377Z  8 |     """Verify that constants have the expected values."""
lint-and-security	Lint with ruff	2026-05-09T14:55:41.0637719Z  9 |     assert config.MD_OUTPUT_NAME == "processed_document.md"
lint-and-security	Lint with ruff	2026-05-09T14:55:41.0638040Z 10 |     assert config.IMAGE_DIR_NAME == "images"
lint-and-security	Lint with ruff	2026-05-09T14:55:41.0638287Z    |     ^^^^^^
lint-and-security	Lint with ruff	2026-05-09T14:55:41.0638493Z 11 |     assert config.IMAGE_RESOLUTION_SCALE == 2.0
lint-and-security	Lint with ruff	2026-05-09T14:55:41.0638742Z    |
lint-and-security	Lint with ruff	2026-05-09T14:55:41.0638823Z 
lint-and-security	Lint with ruff	2026-05-09T14:55:41.0638900Z S101 Use of `assert` detected
lint-and-security	Lint with ruff	2026-05-09T14:55:41.0639117Z   --> tests/test_config.py:11:5
lint-and-security	Lint with ruff	2026-05-09T14:55:41.0639314Z    |
lint-and-security	Lint with ruff	2026-05-09T14:55:41.0639526Z  9 |     assert config.MD_OUTPUT_NAME == "processed_document.md"
lint-and-security	Lint with ruff	2026-05-09T14:55:41.0639843Z 10 |     assert config.IMAGE_DIR_NAME == "images"
lint-and-security	Lint with ruff	2026-05-09T14:55:41.0640125Z 11 |     assert config.IMAGE_RESOLUTION_SCALE == 2.0
lint-and-security	Lint with ruff	2026-05-09T14:55:41.0640369Z    |     ^^^^^^
lint-and-security	Lint with ruff	2026-05-09T14:55:41.0640524Z 12 |
lint-and-security	Lint with ruff	2026-05-09T14:55:41.0640690Z 13 | @patch("logging.basicConfig")
lint-and-security	Lint with ruff	2026-05-09T14:55:41.0640901Z    |
lint-and-security	Lint with ruff	2026-05-09T14:55:41.0640980Z 
lint-and-security	Lint with ruff	2026-05-09T14:55:41.0641063Z E501 Line too long (90 > 88)
lint-and-security	Lint with ruff	2026-05-09T14:55:41.0641277Z   --> tests/test_converter.py:44:89
lint-and-security	Lint with ruff	2026-05-09T14:55:41.0641495Z    |
lint-and-security	Lint with ruff	2026-05-09T14:55:41.0641632Z 42 | ):
lint-and-security	Lint with ruff	2026-05-09T14:55:41.0641776Z 43 |     """
lint-and-security	Lint with ruff	2026-05-09T14:55:41.0642222Z 44 |     Verify that process_pdf initializes the converter and serializer with correct options.
lint-and-security	Lint with ruff	2026-05-09T14:55:41.0642681Z    |                                                                                         ^^
lint-and-security	Lint with ruff	2026-05-09T14:55:41.0642960Z 45 |     """
lint-and-security	Lint with ruff	2026-05-09T14:55:41.0643132Z 46 |     monkeypatch.chdir(tmp_path)
lint-and-security	Lint with ruff	2026-05-09T14:55:41.0643357Z    |
lint-and-security	Lint with ruff	2026-05-09T14:55:41.0643436Z 
lint-and-security	Lint with ruff	2026-05-09T14:55:41.0643511Z S101 Use of `assert` detected
lint-and-security	Lint with ruff	2026-05-09T14:55:41.0643728Z   --> tests/test_converter.py:67:5
lint-and-security	Lint with ruff	2026-05-09T14:55:41.0643933Z    |
lint-and-security	Lint with ruff	2026-05-09T14:55:41.0644139Z 65 |     _, init_kwargs = MockDocumentConverter.call_args
lint-and-security	Lint with ruff	2026-05-09T14:55:41.0644558Z 66 |     pipeline_opts = init_kwargs["format_options"][InputFormat.PDF].pipeline_options
lint-and-security	Lint with ruff	2026-05-09T14:55:41.0645004Z 67 |     assert pipeline_opts.generate_picture_images is True
lint-and-security	Lint with ruff	2026-05-09T14:55:41.0645286Z    |     ^^^^^^
lint-and-security	Lint with ruff	2026-05-09T14:55:41.0645716Z 68 |     assert pipeline_opts.images_scale == 2.0
lint-and-security	Lint with ruff	2026-05-09T14:55:41.0646028Z 69 |     assert pipeline_opts.do_formula_enrichment is True
lint-and-security	Lint with ruff	2026-05-09T14:55:41.0646296Z    |
lint-and-security	Lint with ruff	2026-05-09T14:55:41.0646384Z 
lint-and-security	Lint with ruff	2026-05-09T14:55:41.0646464Z S101 Use of `assert` detected
lint-and-security	Lint with ruff	2026-05-09T14:55:41.0646677Z   --> tests/test_converter.py:68:5
lint-and-security	Lint with ruff	2026-05-09T14:55:41.0646890Z    |
lint-and-security	Lint with ruff	2026-05-09T14:55:41.0647173Z 66 |     pipeline_opts = init_kwargs["format_options"][InputFormat.PDF].pipeline_options
lint-and-security	Lint with ruff	2026-05-09T14:55:41.0647611Z 67 |     assert pipeline_opts.generate_picture_images is True
lint-and-security	Lint with ruff	2026-05-09T14:55:41.0647925Z 68 |     assert pipeline_opts.images_scale == 2.0
lint-and-security	Lint with ruff	2026-05-09T14:55:41.0648169Z    |     ^^^^^^
lint-and-security	Lint with ruff	2026-05-09T14:55:41.0648392Z 69 |     assert pipeline_opts.do_formula_enrichment is True
lint-and-security	Lint with ruff	2026-05-09T14:55:41.0648655Z    |
lint-and-security	Lint with ruff	2026-05-09T14:55:41.0648745Z 
lint-and-security	Lint with ruff	2026-05-09T14:55:41.0648820Z S101 Use of `assert` detected
lint-and-security	Lint with ruff	2026-05-09T14:55:41.0649036Z   --> tests/test_converter.py:69:5
lint-and-security	Lint with ruff	2026-05-09T14:55:41.0649251Z    |
lint-and-security	Lint with ruff	2026-05-09T14:55:41.0649448Z 67 |     assert pipeline_opts.generate_picture_images is True
lint-and-security	Lint with ruff	2026-05-09T14:55:41.0649768Z 68 |     assert pipeline_opts.images_scale == 2.0
lint-and-security	Lint with ruff	2026-05-09T14:55:41.0650070Z 69 |     assert pipeline_opts.do_formula_enrichment is True
lint-and-security	Lint with ruff	2026-05-09T14:55:41.0650326Z    |     ^^^^^^
lint-and-security	Lint with ruff	2026-05-09T14:55:41.0650481Z 70 |
lint-and-security	Lint with ruff	2026-05-09T14:55:41.0650647Z 71 |     # Verify serializer was initialized
lint-and-security	Lint with ruff	2026-05-09T14:55:41.0650881Z    |
lint-and-security	Lint with ruff	2026-05-09T14:55:41.0651086Z 
lint-and-security	Lint with ruff	2026-05-09T14:55:41.0651160Z S101 Use of `assert` detected
lint-and-security	Lint with ruff	2026-05-09T14:55:41.0651379Z   --> tests/test_converter.py:73:5
lint-and-security	Lint with ruff	2026-05-09T14:55:41.0651579Z    |
lint-and-security	Lint with ruff	2026-05-09T14:55:41.0651748Z 71 |     # Verify serializer was initialized
lint-and-security	Lint with ruff	2026-05-09T14:55:41.0652010Z 72 |     MockSerializer.assert_called_once()
lint-and-security	Lint with ruff	2026-05-09T14:55:41.0652268Z 73 |     assert result_path == expected_md_path
lint-and-security	Lint with ruff	2026-05-09T14:55:41.0652508Z    |     ^^^^^^
lint-and-security	Lint with ruff	2026-05-09T14:55:41.0652685Z 74 |     assert expected_md_path.exists()
lint-and-security	Lint with ruff	2026-05-09T14:55:41.0652914Z    |
lint-and-security	Lint with ruff	2026-05-09T14:55:41.0652993Z 
lint-and-security	Lint with ruff	2026-05-09T14:55:41.0653065Z S101 Use of `assert` detected
lint-and-security	Lint with ruff	2026-05-09T14:55:41.0653283Z   --> tests/test_converter.py:74:5
lint-and-security	Lint with ruff	2026-05-09T14:55:41.0653485Z    |
lint-and-security	Lint with ruff	2026-05-09T14:55:41.0653656Z 72 |     MockSerializer.assert_called_once()
lint-and-security	Lint with ruff	2026-05-09T14:55:41.0653917Z 73 |     assert result_path == expected_md_path
lint-and-security	Lint with ruff	2026-05-09T14:55:41.0654174Z 74 |     assert expected_md_path.exists()
lint-and-security	Lint with ruff	2026-05-09T14:55:41.0654399Z    |     ^^^^^^
lint-and-security	Lint with ruff	2026-05-09T14:55:41.0654554Z    |
lint-and-security	Lint with ruff	2026-05-09T14:55:41.0654633Z 
lint-and-security	Lint with ruff	2026-05-09T14:55:41.0654712Z S101 Use of `assert` detected
lint-and-security	Lint with ruff	2026-05-09T14:55:41.0654917Z   --> tests/test_converter.py:88:5
lint-and-security	Lint with ruff	2026-05-09T14:55:41.0655124Z    |
lint-and-security	Lint with ruff	2026-05-09T14:55:41.0655566Z 86 |     result_path = process_pdf(pdf_path, output_dir)
lint-and-security	Lint with ruff	2026-05-09T14:55:41.0655844Z 87 |
lint-and-security	Lint with ruff	2026-05-09T14:55:41.0656003Z 88 |     assert result_path is not None
lint-and-security	Lint with ruff	2026-05-09T14:55:41.0656225Z    |     ^^^^^^
lint-and-security	Lint with ruff	2026-05-09T14:55:41.0656398Z 89 |     assert result_path.exists()
lint-and-security	Lint with ruff	2026-05-09T14:55:41.0656668Z 90 |     content = result_path.read_text(encoding="utf-8")
lint-and-security	Lint with ruff	2026-05-09T14:55:41.0656936Z    |
lint-and-security	Lint with ruff	2026-05-09T14:55:41.0657020Z 
lint-and-security	Lint with ruff	2026-05-09T14:55:41.0657227Z S101 Use of `assert` detected
lint-and-security	Lint with ruff	2026-05-09T14:55:41.0657443Z   --> tests/test_converter.py:89:5
lint-and-security	Lint with ruff	2026-05-09T14:55:41.0657644Z    |
lint-and-security	Lint with ruff	2026-05-09T14:55:41.0657807Z 88 |     assert result_path is not None
lint-and-security	Lint with ruff	2026-05-09T14:55:41.0658039Z 89 |     assert result_path.exists()
lint-and-security	Lint with ruff	2026-05-09T14:55:41.0658252Z    |     ^^^^^^
lint-and-security	Lint with ruff	2026-05-09T14:55:41.0658465Z 90 |     content = result_path.read_text(encoding="utf-8")
lint-and-security	Lint with ruff	2026-05-09T14:55:41.0658743Z 91 |     assert len(content) > 100
lint-and-security	Lint with ruff	2026-05-09T14:55:41.0658945Z    |
lint-and-security	Lint with ruff	2026-05-09T14:55:41.0659024Z 
lint-and-security	Lint with ruff	2026-05-09T14:55:41.0659098Z S101 Use of `assert` detected
lint-and-security	Lint with ruff	2026-05-09T14:55:41.0659310Z   --> tests/test_converter.py:91:5
lint-and-security	Lint with ruff	2026-05-09T14:55:41.0659512Z    |
lint-and-security	Lint with ruff	2026-05-09T14:55:41.0659672Z 89 |     assert result_path.exists()
lint-and-security	Lint with ruff	2026-05-09T14:55:41.0659936Z 90 |     content = result_path.read_text(encoding="utf-8")
lint-and-security	Lint with ruff	2026-05-09T14:55:41.0660215Z 91 |     assert len(content) > 100
lint-and-security	Lint with ruff	2026-05-09T14:55:41.0660423Z    |     ^^^^^^
lint-and-security	Lint with ruff	2026-05-09T14:55:41.0660625Z 92 |     assert "---" in content  # Metadata frontmatter
lint-and-security	Lint with ruff	2026-05-09T14:55:41.0660883Z    |
lint-and-security	Lint with ruff	2026-05-09T14:55:41.0660962Z 
lint-and-security	Lint with ruff	2026-05-09T14:55:41.0661034Z S101 Use of `assert` detected
lint-and-security	Lint with ruff	2026-05-09T14:55:41.0661265Z   --> tests/test_converter.py:92:5
lint-and-security	Lint with ruff	2026-05-09T14:55:41.0661464Z    |
lint-and-security	Lint with ruff	2026-05-09T14:55:41.0661658Z 90 |     content = result_path.read_text(encoding="utf-8")
lint-and-security	Lint with ruff	2026-05-09T14:55:41.0661935Z 91 |     assert len(content) > 100
lint-and-security	Lint with ruff	2026-05-09T14:55:41.0662187Z 92 |     assert "---" in content  # Metadata frontmatter
lint-and-security	Lint with ruff	2026-05-09T14:55:41.0662441Z    |     ^^^^^^
lint-and-security	Lint with ruff	2026-05-09T14:55:41.0662589Z    |
lint-and-security	Lint with ruff	2026-05-09T14:55:41.0662669Z 
lint-and-security	Lint with ruff	2026-05-09T14:55:41.0662749Z S101 Use of `assert` detected
lint-and-security	Lint with ruff	2026-05-09T14:55:41.0662959Z    --> tests/test_converter.py:110:5
lint-and-security	Lint with ruff	2026-05-09T14:55:41.0663173Z     |
lint-and-security	Lint with ruff	2026-05-09T14:55:41.0663414Z 108 |     result_path = process_pdf(tmp_path / "sample.docx", output_dir)
lint-and-security	Lint with ruff	2026-05-09T14:55:41.0663735Z 109 |
lint-and-security	Lint with ruff	2026-05-09T14:55:41.0663900Z 110 |     assert result_path is not None
lint-and-security	Lint with ruff	2026-05-09T14:55:41.0664128Z     |     ^^^^^^
lint-and-security	Lint with ruff	2026-05-09T14:55:41.0664309Z 111 |     assert result_path.exists()
lint-and-security	Lint with ruff	2026-05-09T14:55:41.0664546Z 112 |     images_dir = output_dir / "images"
lint-and-security	Lint with ruff	2026-05-09T14:55:41.0664773Z     |
lint-and-security	Lint with ruff	2026-05-09T14:55:41.0664856Z 
lint-and-security	Lint with ruff	2026-05-09T14:55:41.0664930Z S101 Use of `assert` detected
lint-and-security	Lint with ruff	2026-05-09T14:55:41.0665151Z    --> tests/test_converter.py:111:5
lint-and-security	Lint with ruff	2026-05-09T14:55:41.0665586Z     |
lint-and-security	Lint with ruff	2026-05-09T14:55:41.0665946Z 110 |     assert result_path is not None
lint-and-security	Lint with ruff	2026-05-09T14:55:41.0666188Z 111 |     assert result_path.exists()
lint-and-security	Lint with ruff	2026-05-09T14:55:41.0666408Z     |     ^^^^^^
lint-and-security	Lint with ruff	2026-05-09T14:55:41.0666589Z 112 |     images_dir = output_dir / "images"
lint-and-security	Lint with ruff	2026-05-09T14:55:41.0666830Z 113 |     assert images_dir.exists()
lint-and-security	Lint with ruff	2026-05-09T14:55:41.0667037Z     |
lint-and-security	Lint with ruff	2026-05-09T14:55:41.0667119Z 
lint-and-security	Lint with ruff	2026-05-09T14:55:41.0667195Z S101 Use of `assert` detected
lint-and-security	Lint with ruff	2026-05-09T14:55:41.0667413Z    --> tests/test_converter.py:113:5
lint-and-security	Lint with ruff	2026-05-09T14:55:41.0667622Z     |
lint-and-security	Lint with ruff	2026-05-09T14:55:41.0667783Z 111 |     assert result_path.exists()
lint-and-security	Lint with ruff	2026-05-09T14:55:41.0668015Z 112 |     images_dir = output_dir / "images"
lint-and-security	Lint with ruff	2026-05-09T14:55:41.0668262Z 113 |     assert images_dir.exists()
lint-and-security	Lint with ruff	2026-05-09T14:55:41.0668465Z     |     ^^^^^^
lint-and-security	Lint with ruff	2026-05-09T14:55:41.0668622Z     |
lint-and-security	Lint with ruff	2026-05-09T14:55:41.0668705Z 
lint-and-security	Lint with ruff	2026-05-09T14:55:41.0688824Z E501 Line too long (91 > 88)
lint-and-security	Lint with ruff	2026-05-09T14:55:41.0689165Z    --> tests/test_converter.py:131:89
lint-and-security	Lint with ruff	2026-05-09T14:55:41.0689410Z     |
lint-and-security	Lint with ruff	2026-05-09T14:55:41.0689688Z 129 |     mock_explicit_converter.convert.return_value.document = mock_doc
lint-and-security	Lint with ruff	2026-05-09T14:55:41.0690021Z 130 |     
lint-and-security	Lint with ruff	2026-05-09T14:55:41.0690351Z 131 |     # We need to mock EnhancedMarkdownSerializer to avoid Pydantic issues with the mock_doc
lint-and-security	Lint with ruff	2026-05-09T14:55:41.0690806Z     |                                                                                         ^^^
lint-and-security	Lint with ruff	2026-05-09T14:55:41.0691265Z 132 |     with patch("docling_lib.converter.EnhancedMarkdownSerializer") as MockSerializer:
lint-and-security	Lint with ruff	2026-05-09T14:55:41.0691838Z 133 |         MockSerializer.return_value.serialize.return_value.text = "Explicit Content"
lint-and-security	Lint with ruff	2026-05-09T14:55:41.0692406Z     |
lint-and-security	Lint with ruff	2026-05-09T14:55:41.0692498Z 
lint-and-security	Lint with ruff	2026-05-09T14:55:41.0692579Z S101 Use of `assert` detected
lint-and-security	Lint with ruff	2026-05-09T14:55:41.0692810Z    --> tests/test_converter.py:137:5
lint-and-security	Lint with ruff	2026-05-09T14:55:41.0693030Z     |
lint-and-security	Lint with ruff	2026-05-09T14:55:41.0693319Z 135 |         result = process_pdf(pdf_path, tmp_path, converter=mock_explicit_converter)
lint-and-security	Lint with ruff	2026-05-09T14:55:41.0693671Z 136 |     
lint-and-security	Lint with ruff	2026-05-09T14:55:41.0693848Z 137 |     assert result is not None
lint-and-security	Lint with ruff	2026-05-09T14:55:41.0694060Z     |     ^^^^^^
lint-and-security	Lint with ruff	2026-05-09T14:55:41.0694342Z 138 |     mock_explicit_converter.convert.assert_called_once_with(pdf_path)
lint-and-security	Lint with ruff	2026-05-09T14:55:41.0694843Z 139 |     # The DocumentConverter (Docling's own) is instantiated once by our shared wrapper.
lint-and-security	Lint with ruff	2026-05-09T14:55:41.0695221Z     |
lint-and-security	Lint with ruff	2026-05-09T14:55:41.0695566Z 
lint-and-security	Lint with ruff	2026-05-09T14:55:41.0695701Z S101 Use of `assert` detected
lint-and-security	Lint with ruff	2026-05-09T14:55:41.0695941Z    --> tests/test_converter.py:140:5
lint-and-security	Lint with ruff	2026-05-09T14:55:41.0696169Z     |
lint-and-security	Lint with ruff	2026-05-09T14:55:41.0696426Z 138 |     mock_explicit_converter.convert.assert_called_once_with(pdf_path)
lint-and-security	Lint with ruff	2026-05-09T14:55:41.0696935Z 139 |     # The DocumentConverter (Docling's own) is instantiated once by our shared wrapper.
lint-and-security	Lint with ruff	2026-05-09T14:55:41.0697373Z 140 |     assert MockDocumentConverter.call_count == 1
lint-and-security	Lint with ruff	2026-05-09T14:55:41.0697636Z     |     ^^^^^^
lint-and-security	Lint with ruff	2026-05-09T14:55:41.0697803Z     |
lint-and-security	Lint with ruff	2026-05-09T14:55:41.0697888Z 
lint-and-security	Lint with ruff	2026-05-09T14:55:41.0697967Z S101 Use of `assert` detected
lint-and-security	Lint with ruff	2026-05-09T14:55:41.0698192Z    --> tests/test_converter.py:160:5
lint-and-security	Lint with ruff	2026-05-09T14:55:41.0698408Z     |
lint-and-security	Lint with ruff	2026-05-09T14:55:41.0698604Z 158 |         result = process_pdf(pdf_path, tmp_path)
lint-and-security	Lint with ruff	2026-05-09T14:55:41.0698851Z 159 |
lint-and-security	Lint with ruff	2026-05-09T14:55:41.0699010Z 160 |     assert result is None
lint-and-security	Lint with ruff	2026-05-09T14:55:41.0699209Z     |     ^^^^^^
lint-and-security	Lint with ruff	2026-05-09T14:55:41.0699566Z 161 |     assert any("Workflow Error" in record.message or "Error converting document" in record.message 
lint-and-security	Lint with ruff	2026-05-09T14:55:41.0700025Z 162 |                for record in caplog.records)
lint-and-security	Lint with ruff	2026-05-09T14:55:41.0700266Z     |
lint-and-security	Lint with ruff	2026-05-09T14:55:41.0700358Z 
lint-and-security	Lint with ruff	2026-05-09T14:55:41.0700437Z S101 Use of `assert` detected
lint-and-security	Lint with ruff	2026-05-09T14:55:41.0700667Z    --> tests/test_converter.py:161:5
lint-and-security	Lint with ruff	2026-05-09T14:55:41.0700892Z     |
lint-and-security	Lint with ruff	2026-05-09T14:55:41.0701042Z 160 |     assert result is None
lint-and-security	Lint with ruff	2026-05-09T14:55:41.0701437Z 161 |     assert any("Workflow Error" in record.message or "Error converting document" in record.message 
lint-and-security	Lint with ruff	2026-05-09T14:55:41.0701851Z     |     ^^^^^^
lint-and-security	Lint with ruff	2026-05-09T14:55:41.0702184Z 162 |                for record in caplog.records)
lint-and-security	Lint with ruff	2026-05-09T14:55:41.0702423Z     |
lint-and-security	Lint with ruff	2026-05-09T14:55:41.0702505Z 
lint-and-security	Lint with ruff	2026-05-09T14:55:41.0702583Z E501 Line too long (99 > 88)
lint-and-security	Lint with ruff	2026-05-09T14:55:41.0702801Z    --> tests/test_converter.py:161:89
lint-and-security	Lint with ruff	2026-05-09T14:55:41.0703017Z     |
lint-and-security	Lint with ruff	2026-05-09T14:55:41.0703172Z 160 |     assert result is None
lint-and-security	Lint with ruff	2026-05-09T14:55:41.0703552Z 161 |     assert any("Workflow Error" in record.message or "Error converting document" in record.message 
lint-and-security	Lint with ruff	2026-05-09T14:55:41.0704030Z     |                                                                                         ^^^^^^^^^^^
lint-and-security	Lint with ruff	2026-05-09T14:55:41.0704353Z 162 |                for record in caplog.records)
lint-and-security	Lint with ruff	2026-05-09T14:55:41.0704582Z     |
lint-and-security	Lint with ruff	2026-05-09T14:55:41.0704669Z 
lint-and-security	Lint with ruff	2026-05-09T14:55:41.0704745Z S101 Use of `assert` detected
lint-and-security	Lint with ruff	2026-05-09T14:55:41.0704955Z    --> tests/test_converter.py:174:5
lint-and-security	Lint with ruff	2026-05-09T14:55:41.0705168Z     |
lint-and-security	Lint with ruff	2026-05-09T14:55:41.0705619Z 173 |     result = process_pdf(pdf_path, malicious_dir)
lint-and-security	Lint with ruff	2026-05-09T14:55:41.0705916Z 174 |     assert result is None
lint-and-security	Lint with ruff	2026-05-09T14:55:41.0706113Z     |     ^^^^^^
lint-and-security	Lint with ruff	2026-05-09T14:55:41.0706268Z     |
lint-and-security	Lint with ruff	2026-05-09T14:55:41.0706348Z 
lint-and-security	Lint with ruff	2026-05-09T14:55:41.0706429Z E501 Line too long (97 > 88)
lint-and-security	Lint with ruff	2026-05-09T14:55:41.0706659Z   --> tests/test_converter_enhanced.py:14:89
lint-and-security	Lint with ruff	2026-05-09T14:55:41.0706897Z    |
lint-and-security	Lint with ruff	2026-05-09T14:55:41.0707136Z 13 | def test_enhanced_markdown_serializer_initialization_real_doc():
lint-and-security	Lint with ruff	2026-05-09T14:55:41.0707655Z 14 |     """Test that EnhancedMarkdownSerializer initializes correctly with a real DoclingDocument."""
lint-and-security	Lint with ruff	2026-05-09T14:55:41.0708132Z    |                                                                                         ^^^^^^^^^
lint-and-security	Lint with ruff	2026-05-09T14:55:41.0708582Z 15 |     doc = DoclingDocument(name="test")
lint-and-security	Lint with ruff	2026-05-09T14:55:41.0708878Z 16 |     serializer = EnhancedMarkdownSerializer(doc=doc)
lint-and-security	Lint with ruff	2026-05-09T14:55:41.0709141Z    |
lint-and-security	Lint with ruff	2026-05-09T14:55:41.0709229Z 
lint-and-security	Lint with ruff	2026-05-09T14:55:41.0709307Z S101 Use of `assert` detected
lint-and-security	Lint with ruff	2026-05-09T14:55:41.0709530Z   --> tests/test_converter_enhanced.py:17:5
lint-and-security	Lint with ruff	2026-05-09T14:55:41.0709775Z    |
lint-and-security	Lint with ruff	2026-05-09T14:55:41.0709945Z 15 |     doc = DoclingDocument(name="test")
lint-and-security	Lint with ruff	2026-05-09T14:55:41.0710229Z 16 |     serializer = EnhancedMarkdownSerializer(doc=doc)
lint-and-security	Lint with ruff	2026-05-09T14:55:41.0710515Z 17 |     assert serializer.doc == doc
lint-and-security	Lint with ruff	2026-05-09T14:55:41.0710729Z    |     ^^^^^^
lint-and-security	Lint with ruff	2026-05-09T14:55:41.0710944Z 18 |     assert serializer._custom_table_format == "html"
lint-and-security	Lint with ruff	2026-05-09T14:55:41.0711248Z 19 |     assert hasattr(serializer, "table_serializer")
lint-and-security	Lint with ruff	2026-05-09T14:55:41.0711503Z    |
lint-and-security	Lint with ruff	2026-05-09T14:55:41.0711587Z 
lint-and-security	Lint with ruff	2026-05-09T14:55:41.0711661Z S101 Use of `assert` detected
lint-and-security	Lint with ruff	2026-05-09T14:55:41.0711900Z   --> tests/test_converter_enhanced.py:18:5
lint-and-security	Lint with ruff	2026-05-09T14:55:41.0712133Z    |
lint-and-security	Lint with ruff	2026-05-09T14:55:41.0712337Z 16 |     serializer = EnhancedMarkdownSerializer(doc=doc)
lint-and-security	Lint with ruff	2026-05-09T14:55:41.0712625Z 17 |     assert serializer.doc == doc
lint-and-security	Lint with ruff	2026-05-09T14:55:41.0712888Z 18 |     assert serializer._custom_table_format == "html"
lint-and-security	Lint with ruff	2026-05-09T14:55:41.0713144Z    |     ^^^^^^
lint-and-security	Lint with ruff	2026-05-09T14:55:41.0713353Z 19 |     assert hasattr(serializer, "table_serializer")
lint-and-security	Lint with ruff	2026-05-09T14:55:41.0713606Z    |
lint-and-security	Lint with ruff	2026-05-09T14:55:41.0713687Z 
lint-and-security	Lint with ruff	2026-05-09T14:55:41.0713762Z S101 Use of `assert` detected
lint-and-security	Lint with ruff	2026-05-09T14:55:41.0713989Z   --> tests/test_converter_enhanced.py:19:5
lint-and-security	Lint with ruff	2026-05-09T14:55:41.0714210Z    |
lint-and-security	Lint with ruff	2026-05-09T14:55:41.0714374Z 17 |     assert serializer.doc == doc
lint-and-security	Lint with ruff	2026-05-09T14:55:41.0714634Z 18 |     assert serializer._custom_table_format == "html"
lint-and-security	Lint with ruff	2026-05-09T14:55:41.0714926Z 19 |     assert hasattr(serializer, "table_serializer")
lint-and-security	Lint with ruff	2026-05-09T14:55:41.0715175Z    |     ^^^^^^
lint-and-security	Lint with ruff	2026-05-09T14:55:41.0715545Z 20 |
lint-and-security	Lint with ruff	2026-05-09T14:55:41.0715811Z 21 | def test_pdf_converter_options_propagation():
lint-and-security	Lint with ruff	2026-05-09T14:55:41.0716060Z    |
lint-and-security	Lint with ruff	2026-05-09T14:55:41.0716147Z 
lint-and-security	Lint with ruff	2026-05-09T14:55:41.0716222Z S101 Use of `assert` detected
lint-and-security	Lint with ruff	2026-05-09T14:55:41.0716444Z   --> tests/test_converter_enhanced.py:44:9
lint-and-security	Lint with ruff	2026-05-09T14:55:41.0716675Z    |
lint-and-security	Lint with ruff	2026-05-09T14:55:41.0716873Z 42 |         pipeline_opts = pdf_options.pipeline_options
lint-and-security	Lint with ruff	2026-05-09T14:55:41.0717300Z 43 |         
lint-and-security	Lint with ruff	2026-05-09T14:55:41.0717506Z 44 |         assert pipeline_opts.images_scale == 3.0
lint-and-security	Lint with ruff	2026-05-09T14:55:41.0717757Z    |         ^^^^^^
lint-and-security	Lint with ruff	2026-05-09T14:55:41.0717991Z 45 |         assert pipeline_opts.do_formula_enrichment is False
lint-and-security	Lint with ruff	2026-05-09T14:55:41.0718297Z 46 |         assert pipeline_opts.do_ocr is False
lint-and-security	Lint with ruff	2026-05-09T14:55:41.0718534Z    |
lint-and-security	Lint with ruff	2026-05-09T14:55:41.0718613Z 
lint-and-security	Lint with ruff	2026-05-09T14:55:41.0718689Z S101 Use of `assert` detected
lint-and-security	Lint with ruff	2026-05-09T14:55:41.0718917Z   --> tests/test_converter_enhanced.py:45:9
lint-and-security	Lint with ruff	2026-05-09T14:55:41.0719142Z    |
lint-and-security	Lint with ruff	2026-05-09T14:55:41.0719324Z 44 |         assert pipeline_opts.images_scale == 3.0
lint-and-security	Lint with ruff	2026-05-09T14:55:41.0719657Z 45 |         assert pipeline_opts.do_formula_enrichment is False
lint-and-security	Lint with ruff	2026-05-09T14:55:41.0719949Z    |         ^^^^^^
lint-and-security	Lint with ruff	2026-05-09T14:55:41.0720154Z 46 |         assert pipeline_opts.do_ocr is False
lint-and-security	Lint with ruff	2026-05-09T14:55:41.0720450Z 47 |         assert pipeline_opts.do_chart_extraction is True
lint-and-security	Lint with ruff	2026-05-09T14:55:41.0720718Z    |
lint-and-security	Lint with ruff	2026-05-09T14:55:41.0720805Z 
lint-and-security	Lint with ruff	2026-05-09T14:55:41.0720882Z S101 Use of `assert` detected
lint-and-security	Lint with ruff	2026-05-09T14:55:41.0721112Z   --> tests/test_converter_enhanced.py:46:9
lint-and-security	Lint with ruff	2026-05-09T14:55:41.0721348Z    |
lint-and-security	Lint with ruff	2026-05-09T14:55:41.0721530Z 44 |         assert pipeline_opts.images_scale == 3.0
lint-and-security	Lint with ruff	2026-05-09T14:55:41.0721845Z 45 |         assert pipeline_opts.do_formula_enrichment is False
lint-and-security	Lint with ruff	2026-05-09T14:55:41.0722149Z 46 |         assert pipeline_opts.do_ocr is False
lint-and-security	Lint with ruff	2026-05-09T14:55:41.0722389Z    |         ^^^^^^
lint-and-security	Lint with ruff	2026-05-09T14:55:41.0722601Z 47 |         assert pipeline_opts.do_chart_extraction is True
lint-and-security	Lint with ruff	2026-05-09T14:55:41.0722928Z 48 |         assert pipeline_opts.do_code_enrichment is True
lint-and-security	Lint with ruff	2026-05-09T14:55:41.0723421Z    |
lint-and-security	Lint with ruff	2026-05-09T14:55:41.0723513Z 
lint-and-security	Lint with ruff	2026-05-09T14:55:41.0723591Z S101 Use of `assert` detected
lint-and-security	Lint with ruff	2026-05-09T14:55:41.0723827Z   --> tests/test_converter_enhanced.py:47:9
lint-and-security	Lint with ruff	2026-05-09T14:55:41.0724057Z    |
lint-and-security	Lint with ruff	2026-05-09T14:55:41.0724271Z 45 |         assert pipeline_opts.do_formula_enrichment is False
lint-and-security	Lint with ruff	2026-05-09T14:55:41.0724584Z 46 |         assert pipeline_opts.do_ocr is False
lint-and-security	Lint with ruff	2026-05-09T14:55:41.0724887Z 47 |         assert pipeline_opts.do_chart_extraction is True
lint-and-security	Lint with ruff	2026-05-09T14:55:41.0725153Z    |         ^^^^^^
lint-and-security	Lint with ruff	2026-05-09T14:55:41.0725624Z 48 |         assert pipeline_opts.do_code_enrichment is True
lint-and-security	Lint with ruff	2026-05-09T14:55:41.0725906Z    |
lint-and-security	Lint with ruff	2026-05-09T14:55:41.0725991Z 
lint-and-security	Lint with ruff	2026-05-09T14:55:41.0726067Z S101 Use of `assert` detected
lint-and-security	Lint with ruff	2026-05-09T14:55:41.0726306Z   --> tests/test_converter_enhanced.py:48:9
lint-and-security	Lint with ruff	2026-05-09T14:55:41.0726536Z    |
lint-and-security	Lint with ruff	2026-05-09T14:55:41.0726712Z 46 |         assert pipeline_opts.do_ocr is False
lint-and-security	Lint with ruff	2026-05-09T14:55:41.0727004Z 47 |         assert pipeline_opts.do_chart_extraction is True
lint-and-security	Lint with ruff	2026-05-09T14:55:41.0727335Z 48 |         assert pipeline_opts.do_code_enrichment is True
lint-and-security	Lint with ruff	2026-05-09T14:55:41.0727594Z    |         ^^^^^^
lint-and-security	Lint with ruff	2026-05-09T14:55:41.0727755Z 49 |
lint-and-security	Lint with ruff	2026-05-09T14:55:41.0728001Z 50 | def test_pdf_converter_save_markdown_security_resolution(tmp_path):
lint-and-security	Lint with ruff	2026-05-09T14:55:41.0728328Z    |
lint-and-security	Lint with ruff	2026-05-09T14:55:41.0728415Z 
lint-and-security	Lint with ruff	2026-05-09T14:55:41.0728497Z S101 Use of `assert` detected
lint-and-security	Lint with ruff	2026-05-09T14:55:41.0728718Z   --> tests/test_converter_enhanced.py:59:5
lint-and-security	Lint with ruff	2026-05-09T14:55:41.0728950Z    |
lint-and-security	Lint with ruff	2026-05-09T14:55:41.0729103Z 57 |     output_dir.mkdir()
lint-and-security	Lint with ruff	2026-05-09T14:55:41.0729362Z 58 |     res_path = converter._save_markdown(doc, output_dir)
lint-and-security	Lint with ruff	2026-05-09T14:55:41.0729648Z 59 |     assert res_path.exists()
lint-and-security	Lint with ruff	2026-05-09T14:55:41.0729863Z    |     ^^^^^^
lint-and-security	Lint with ruff	2026-05-09T14:55:41.0730062Z 60 |     assert res_path.is_relative_to(output_dir)
lint-and-security	Lint with ruff	2026-05-09T14:55:41.0730313Z    |
lint-and-security	Lint with ruff	2026-05-09T14:55:41.0730395Z 
lint-and-security	Lint with ruff	2026-05-09T14:55:41.0730478Z S101 Use of `assert` detected
lint-and-security	Lint with ruff	2026-05-09T14:55:41.0730700Z   --> tests/test_converter_enhanced.py:60:5
lint-and-security	Lint with ruff	2026-05-09T14:55:41.0730947Z    |
lint-and-security	Lint with ruff	2026-05-09T14:55:41.0731143Z 58 |     res_path = converter._save_markdown(doc, output_dir)
lint-and-security	Lint with ruff	2026-05-09T14:55:41.0731431Z 59 |     assert res_path.exists()
lint-and-security	Lint with ruff	2026-05-09T14:55:41.0731674Z 60 |     assert res_path.is_relative_to(output_dir)
lint-and-security	Lint with ruff	2026-05-09T14:55:41.0731922Z    |     ^^^^^^
lint-and-security	Lint with ruff	2026-05-09T14:55:41.0732217Z 61 |
lint-and-security	Lint with ruff	2026-05-09T14:55:41.0732384Z 62 |     # Malicious image_dir_name
lint-and-security	Lint with ruff	2026-05-09T14:55:41.0732605Z    |
lint-and-security	Lint with ruff	2026-05-09T14:55:41.0732685Z 
lint-and-security	Lint with ruff	2026-05-09T14:55:41.0732759Z S101 Use of `assert` detected
lint-and-security	Lint with ruff	2026-05-09T14:55:41.0732981Z   --> tests/test_converter_units.py:16:5
lint-and-security	Lint with ruff	2026-05-09T14:55:41.0733204Z    |
lint-and-security	Lint with ruff	2026-05-09T14:55:41.0733348Z 15 |     # Assert
lint-and-security	Lint with ruff	2026-05-09T14:55:41.0733521Z 16 |     assert result is True
lint-and-security	Lint with ruff	2026-05-09T14:55:41.0733721Z    |     ^^^^^^
lint-and-security	Lint with ruff	2026-05-09T14:55:41.0733873Z 17 |
lint-and-security	Lint with ruff	2026-05-09T14:55:41.0734093Z 18 | def test_validate_input_path_not_exists(tmp_path, caplog):
lint-and-security	Lint with ruff	2026-05-09T14:55:41.0734419Z    |
lint-and-security	Lint with ruff	2026-05-09T14:55:41.0734508Z 
lint-and-security	Lint with ruff	2026-05-09T14:55:41.0734585Z E501 Line too long (102 > 88)
lint-and-security	Lint with ruff	2026-05-09T14:55:41.0734808Z   --> tests/test_converter_units.py:19:89
lint-and-security	Lint with ruff	2026-05-09T14:55:41.0735031Z    |
lint-and-security	Lint with ruff	2026-05-09T14:55:41.0735253Z 18 | def test_validate_input_path_not_exists(tmp_path, caplog):
lint-and-security	Lint with ruff	2026-05-09T14:55:41.0735995Z 19 |     """Test that _validate_input_path returns False and logs an error when the file does not exist."""
lint-and-security	Lint with ruff	2026-05-09T14:55:41.0736505Z    |                                                                                         ^^^^^^^^^^^^^^
lint-and-security	Lint with ruff	2026-05-09T14:55:41.0736830Z 20 |     # Setup: Path to a non-existent file
lint-and-security	Lint with ruff	2026-05-09T14:55:41.0737119Z 21 |     test_file = tmp_path / "non_existent.pdf"
lint-and-security	Lint with ruff	2026-05-09T14:55:41.0737359Z    |
lint-and-security	Lint with ruff	2026-05-09T14:55:41.0737439Z 
lint-and-security	Lint with ruff	2026-05-09T14:55:41.0737518Z S101 Use of `assert` detected
lint-and-security	Lint with ruff	2026-05-09T14:55:41.0737817Z   --> tests/test_converter_units.py:28:5
lint-and-security	Lint with ruff	2026-05-09T14:55:41.0738137Z    |
lint-and-security	Lint with ruff	2026-05-09T14:55:41.0738278Z 27 |     # Assert
lint-and-security	Lint with ruff	2026-05-09T14:55:41.0738460Z 28 |     assert result is False
lint-and-security	Lint with ruff	2026-05-09T14:55:41.0738802Z    |     ^^^^^^
lint-and-security	Lint with ruff	2026-05-09T14:55:41.0739043Z 29 |     assert f"Input file not found: {test_file}" in caplog.text
lint-and-security	Lint with ruff	2026-05-09T14:55:41.0739337Z    |
lint-and-security	Lint with ruff	2026-05-09T14:55:41.0739416Z 
lint-and-security	Lint with ruff	2026-05-09T14:55:41.0739491Z S101 Use of `assert` detected
lint-and-security	Lint with ruff	2026-05-09T14:55:41.0739708Z   --> tests/test_converter_units.py:29:5
lint-and-security	Lint with ruff	2026-05-09T14:55:41.0739927Z    |
lint-and-security	Lint with ruff	2026-05-09T14:55:41.0740072Z 27 |     # Assert
lint-and-security	Lint with ruff	2026-05-09T14:55:41.0740236Z 28 |     assert result is False
lint-and-security	Lint with ruff	2026-05-09T14:55:41.0740511Z 29 |     assert f"Input file not found: {test_file}" in caplog.text
lint-and-security	Lint with ruff	2026-05-09T14:55:41.0740793Z    |     ^^^^^^
lint-and-security	Lint with ruff	2026-05-09T14:55:41.0740947Z    |
lint-and-security	Lint with ruff	2026-05-09T14:55:41.0741029Z 
lint-and-security	Lint with ruff	2026-05-09T14:55:41.0741108Z S101 Use of `assert` detected
lint-and-security	Lint with ruff	2026-05-09T14:55:41.0741312Z   --> tests/test_cors.py:17:5
lint-and-security	Lint with ruff	2026-05-09T14:55:41.0741504Z    |
lint-and-security	Lint with ruff	2026-05-09T14:55:41.0741769Z 16 |     response = client.get("/", headers={"Origin": "http://example.com"})
lint-and-security	Lint with ruff	2026-05-09T14:55:41.0742129Z 17 |     assert response.status_code == 200
lint-and-security	Lint with ruff	2026-05-09T14:55:41.0742363Z    |     ^^^^^^
lint-and-security	Lint with ruff	2026-05-09T14:55:41.0742710Z 18 |     # No CORS header should be present when origins are not matched (empty list matches nothing)
lint-and-security	Lint with ruff	2026-05-09T14:55:41.0743209Z 19 |     assert "access-control-allow-origin" not in response.headers
lint-and-security	Lint with ruff	2026-05-09T14:55:41.0743518Z    |
lint-and-security	Lint with ruff	2026-05-09T14:55:41.0743598Z 
lint-and-security	Lint with ruff	2026-05-09T14:55:41.0743679Z E501 Line too long (96 > 88)
lint-and-security	Lint with ruff	2026-05-09T14:55:41.0743897Z   --> tests/test_cors.py:18:89
lint-and-security	Lint with ruff	2026-05-09T14:55:41.0744095Z    |
lint-and-security	Lint with ruff	2026-05-09T14:55:41.0744345Z 16 |     response = client.get("/", headers={"Origin": "http://example.com"})
lint-and-security	Lint with ruff	2026-05-09T14:55:41.0744703Z 17 |     assert response.status_code == 200
lint-and-security	Lint with ruff	2026-05-09T14:55:41.0745098Z 18 |     # No CORS header should be present when origins are not matched (empty list matches nothing)
lint-and-security	Lint with ruff	2026-05-09T14:55:41.0745834Z    |                                                                                         ^^^^^^^^
lint-and-security	Lint with ruff	2026-05-09T14:55:41.0746236Z 19 |     assert "access-control-allow-origin" not in response.headers
lint-and-security	Lint with ruff	2026-05-09T14:55:41.0746547Z    |
lint-and-security	Lint with ruff	2026-05-09T14:55:41.0746631Z 
lint-and-security	Lint with ruff	2026-05-09T14:55:41.0746714Z S101 Use of `assert` detected
lint-and-security	Lint with ruff	2026-05-09T14:55:41.0746928Z   --> tests/test_cors.py:19:5
lint-and-security	Lint with ruff	2026-05-09T14:55:41.0747123Z    |
lint-and-security	Lint with ruff	2026-05-09T14:55:41.0747291Z 17 |     assert response.status_code == 200
lint-and-security	Lint with ruff	2026-05-09T14:55:41.0747695Z 18 |     # No CORS header should be present when origins are not matched (empty list matches nothing)
lint-and-security	Lint with ruff	2026-05-09T14:55:41.0748320Z 19 |     assert "access-control-allow-origin" not in response.headers
lint-and-security	Lint with ruff	2026-05-09T14:55:41.0748616Z    |     ^^^^^^
lint-and-security	Lint with ruff	2026-05-09T14:55:41.0748780Z 20 |
lint-and-security	Lint with ruff	2026-05-09T14:55:41.0748959Z 21 | def test_cors_custom_origin(monkeypatch):
lint-and-security	Lint with ruff	2026-05-09T14:55:41.0749208Z    |
lint-and-security	Lint with ruff	2026-05-09T14:55:41.0749288Z 
lint-and-security	Lint with ruff	2026-05-09T14:55:41.0749364Z S101 Use of `assert` detected
lint-and-security	Lint with ruff	2026-05-09T14:55:41.0749579Z   --> tests/test_cors.py:32:5
lint-and-security	Lint with ruff	2026-05-09T14:55:41.0749769Z    |
lint-and-security	Lint with ruff	2026-05-09T14:55:41.0749923Z 30 |     # Allowed origin
lint-and-security	Lint with ruff	2026-05-09T14:55:41.0750221Z 31 |     response = client.get("/", headers={"Origin": "http://allowed.com"})
lint-and-security	Lint with ruff	2026-05-09T14:55:41.0750580Z 32 |     assert response.status_code == 200
lint-and-security	Lint with ruff	2026-05-09T14:55:41.0750817Z    |     ^^^^^^
lint-and-security	Lint with ruff	2026-05-09T14:55:41.0751150Z 33 |     assert response.headers.get("access-control-allow-origin") == "http://allowed.com"
lint-and-security	Lint with ruff	2026-05-09T14:55:41.0751544Z    |
lint-and-security	Lint with ruff	2026-05-09T14:55:41.0751626Z 
lint-and-security	Lint with ruff	2026-05-09T14:55:41.0751715Z S101 Use of `assert` detected
lint-and-security	Lint with ruff	2026-05-09T14:55:41.0751942Z   --> tests/test_cors.py:33:5
lint-and-security	Lint with ruff	2026-05-09T14:55:41.0752130Z    |
lint-and-security	Lint with ruff	2026-05-09T14:55:41.0752381Z 31 |     response = client.get("/", headers={"Origin": "http://allowed.com"})
lint-and-security	Lint with ruff	2026-05-09T14:55:41.0752732Z 32 |     assert response.status_code == 200
lint-and-security	Lint with ruff	2026-05-09T14:55:41.0753124Z 33 |     assert response.headers.get("access-control-allow-origin") == "http://allowed.com"
lint-and-security	Lint with ruff	2026-05-09T14:55:41.0753511Z    |     ^^^^^^
lint-and-security	Lint with ruff	2026-05-09T14:55:41.0753662Z 34 |
lint-and-security	Lint with ruff	2026-05-09T14:55:41.0753821Z 35 |     # Disallowed origin
lint-and-security	Lint with ruff	2026-05-09T14:55:41.0754008Z    |
lint-and-security	Lint with ruff	2026-05-09T14:55:41.0754096Z 
lint-and-security	Lint with ruff	2026-05-09T14:55:41.0754170Z S101 Use of `assert` detected
lint-and-security	Lint with ruff	2026-05-09T14:55:41.0754495Z   --> tests/test_cors.py:37:5
lint-and-security	Lint with ruff	2026-05-09T14:55:41.0754688Z    |
lint-and-security	Lint with ruff	2026-05-09T14:55:41.0754840Z 35 |     # Disallowed origin
lint-and-security	Lint with ruff	2026-05-09T14:55:41.0755156Z 36 |     response = client.get("/", headers={"Origin": "http://disallowed.com"})
lint-and-security	Lint with ruff	2026-05-09T14:55:41.0755773Z 37 |     assert response.status_code == 200
lint-and-security	Lint with ruff	2026-05-09T14:55:41.0756013Z    |     ^^^^^^
lint-and-security	Lint with ruff	2026-05-09T14:55:41.0756271Z 38 |     assert "access-control-allow-origin" not in response.headers
lint-and-security	Lint with ruff	2026-05-09T14:55:41.0756575Z    |
lint-and-security	Lint with ruff	2026-05-09T14:55:41.0756661Z 
lint-and-security	Lint with ruff	2026-05-09T14:55:41.0756737Z S101 Use of `assert` detected
lint-and-security	Lint with ruff	2026-05-09T14:55:41.0756943Z   --> tests/test_cors.py:38:5
lint-and-security	Lint with ruff	2026-05-09T14:55:41.0757138Z    |
lint-and-security	Lint with ruff	2026-05-09T14:55:41.0757401Z 36 |     response = client.get("/", headers={"Origin": "http://disallowed.com"})
lint-and-security	Lint with ruff	2026-05-09T14:55:41.0757754Z 37 |     assert response.status_code == 200
lint-and-security	Lint with ruff	2026-05-09T14:55:41.0758079Z 38 |     assert "access-control-allow-origin" not in response.headers
lint-and-security	Lint with ruff	2026-05-09T14:55:41.0758378Z    |     ^^^^^^
lint-and-security	Lint with ruff	2026-05-09T14:55:41.0758541Z 39 |
lint-and-security	Lint with ruff	2026-05-09T14:55:41.0758713Z 40 | def test_cors_preflight(monkeypatch):
lint-and-security	Lint with ruff	2026-05-09T14:55:41.0758946Z    |
lint-and-security	Lint with ruff	2026-05-09T14:55:41.0759026Z 
lint-and-security	Lint with ruff	2026-05-09T14:55:41.0759101Z S101 Use of `assert` detected
lint-and-security	Lint with ruff	2026-05-09T14:55:41.0759307Z   --> tests/test_cors.py:57:5
lint-and-security	Lint with ruff	2026-05-09T14:55:41.0759503Z    |
lint-and-security	Lint with ruff	2026-05-09T14:55:41.0759639Z 55 |         },
lint-and-security	Lint with ruff	2026-05-09T14:55:41.0759802Z 56 |     )
lint-and-security	Lint with ruff	2026-05-09T14:55:41.0759978Z 57 |     assert response.status_code == 200
lint-and-security	Lint with ruff	2026-05-09T14:55:41.0760215Z    |     ^^^^^^
lint-and-security	Lint with ruff	2026-05-09T14:55:41.0760544Z 58 |     assert response.headers.get("access-control-allow-origin") == "http://allowed.com"
lint-and-security	Lint with ruff	2026-05-09T14:55:41.0761067Z 59 |     assert "POST" in response.headers.get("access-control-allow-methods")
lint-and-security	Lint with ruff	2026-05-09T14:55:41.0761404Z    |
lint-and-security	Lint with ruff	2026-05-09T14:55:41.0761494Z 
lint-and-security	Lint with ruff	2026-05-09T14:55:41.0761569Z S101 Use of `assert` detected
lint-and-security	Lint with ruff	2026-05-09T14:55:41.0761783Z   --> tests/test_cors.py:58:5
lint-and-security	Lint with ruff	2026-05-09T14:55:41.0761977Z    |
lint-and-security	Lint with ruff	2026-05-09T14:55:41.0762120Z 56 |     )
lint-and-security	Lint with ruff	2026-05-09T14:55:41.0762301Z 57 |     assert response.status_code == 200
lint-and-security	Lint with ruff	2026-05-09T14:55:41.0762713Z 58 |     assert response.headers.get("access-control-allow-origin") == "http://allowed.com"
lint-and-security	Lint with ruff	2026-05-09T14:55:41.0763096Z    |     ^^^^^^
lint-and-security	Lint with ruff	2026-05-09T14:55:41.0763373Z 59 |     assert "POST" in response.headers.get("access-control-allow-methods")
lint-and-security	Lint with ruff	2026-05-09T14:55:41.0763836Z    |
lint-and-security	Lint with ruff	2026-05-09T14:55:41.0763925Z 
lint-and-security	Lint with ruff	2026-05-09T14:55:41.0764001Z S101 Use of `assert` detected
lint-and-security	Lint with ruff	2026-05-09T14:55:41.0764210Z   --> tests/test_cors.py:59:5
lint-and-security	Lint with ruff	2026-05-09T14:55:41.0764398Z    |
lint-and-security	Lint with ruff	2026-05-09T14:55:41.0764571Z 57 |     assert response.status_code == 200
lint-and-security	Lint with ruff	2026-05-09T14:55:41.0764959Z 58 |     assert response.headers.get("access-control-allow-origin") == "http://allowed.com"
lint-and-security	Lint with ruff	2026-05-09T14:55:41.0765765Z 59 |     assert "POST" in response.headers.get("access-control-allow-methods")
lint-and-security	Lint with ruff	2026-05-09T14:55:41.0766101Z    |     ^^^^^^
lint-and-security	Lint with ruff	2026-05-09T14:55:41.0766261Z    |
lint-and-security	Lint with ruff	2026-05-09T14:55:41.0766344Z 
lint-and-security	Lint with ruff	2026-05-09T14:55:41.0766418Z S101 Use of `assert` detected
lint-and-security	Lint with ruff	2026-05-09T14:55:41.0766649Z   --> tests/test_dos_protection.py:15:5
lint-and-security	Lint with ruff	2026-05-09T14:55:41.0766876Z    |
lint-and-security	Lint with ruff	2026-05-09T14:55:41.0767090Z 13 |     headers = {"Content-Length": str(100 * 1024 * 1024)} # 100MB
lint-and-security	Lint with ruff	2026-05-09T14:55:41.0767483Z 14 |     response = client.post("/convert/", files=files, headers=headers)
lint-and-security	Lint with ruff	2026-05-09T14:55:41.0767822Z 15 |     assert response.status_code == 413
lint-and-security	Lint with ruff	2026-05-09T14:55:41.0768057Z    |     ^^^^^^
lint-and-security	Lint with ruff	2026-05-09T14:55:41.0768290Z 16 |     assert "Payload Too Large" in response.json()["detail"]
lint-and-security	Lint with ruff	2026-05-09T14:55:41.0768574Z    |
lint-and-security	Lint with ruff	2026-05-09T14:55:41.0768655Z 
lint-and-security	Lint with ruff	2026-05-09T14:55:41.0768730Z S101 Use of `assert` detected
lint-and-security	Lint with ruff	2026-05-09T14:55:41.0768953Z   --> tests/test_dos_protection.py:16:5
lint-and-security	Lint with ruff	2026-05-09T14:55:41.0769178Z    |
lint-and-security	Lint with ruff	2026-05-09T14:55:41.0769417Z 14 |     response = client.post("/convert/", files=files, headers=headers)
lint-and-security	Lint with ruff	2026-05-09T14:55:41.0769757Z 15 |     assert response.status_code == 413
lint-and-security	Lint with ruff	2026-05-09T14:55:41.0770055Z 16 |     assert "Payload Too Large" in response.json()["detail"]
lint-and-security	Lint with ruff	2026-05-09T14:55:41.0770480Z    |     ^^^^^^
lint-and-security	Lint with ruff	2026-05-09T14:55:41.0770634Z 17 |
lint-and-security	Lint with ruff	2026-05-09T14:55:41.0770889Z 18 | @patch("docling_lib.server._validate_extension", return_value=".pdf")
lint-and-security	Lint with ruff	2026-05-09T14:55:41.0771204Z    |
lint-and-security	Lint with ruff	2026-05-09T14:55:41.0771287Z 
lint-and-security	Lint with ruff	2026-05-09T14:55:41.0771361Z S101 Use of `assert` detected
lint-and-security	Lint with ruff	2026-05-09T14:55:41.0771581Z   --> tests/test_dos_protection.py:27:5
lint-and-security	Lint with ruff	2026-05-09T14:55:41.0771802Z    |
lint-and-security	Lint with ruff	2026-05-09T14:55:41.0772086Z 25 |     files = {"file": ("test.pdf", b"this is more than 10 bytes", "application/pdf")}
lint-and-security	Lint with ruff	2026-05-09T14:55:41.0772502Z 26 |     response = client.post("/convert/", files=files)
lint-and-security	Lint with ruff	2026-05-09T14:55:41.0772801Z 27 |     assert response.status_code == 413
lint-and-security	Lint with ruff	2026-05-09T14:55:41.0773029Z    |     ^^^^^^
lint-and-security	Lint with ruff	2026-05-09T14:55:41.0773263Z 28 |     assert "Payload Too Large" in response.json()["detail"]
lint-and-security	Lint with ruff	2026-05-09T14:55:41.0773546Z    |
lint-and-security	Lint with ruff	2026-05-09T14:55:41.0773627Z 
lint-and-security	Lint with ruff	2026-05-09T14:55:41.0773704Z S101 Use of `assert` detected
lint-and-security	Lint with ruff	2026-05-09T14:55:41.0773931Z   --> tests/test_dos_protection.py:28:5
lint-and-security	Lint with ruff	2026-05-09T14:55:41.0774156Z    |
lint-and-security	Lint with ruff	2026-05-09T14:55:41.0774358Z 26 |     response = client.post("/convert/", files=files)
lint-and-security	Lint with ruff	2026-05-09T14:55:41.0774649Z 27 |     assert response.status_code == 413
lint-and-security	Lint with ruff	2026-05-09T14:55:41.0774952Z 28 |     assert "Payload Too Large" in response.json()["detail"]
lint-and-security	Lint with ruff	2026-05-09T14:55:41.0775238Z    |     ^^^^^^
lint-and-security	Lint with ruff	2026-05-09T14:55:41.0775641Z    |
lint-and-security	Lint with ruff	2026-05-09T14:55:41.0775735Z 
lint-and-security	Lint with ruff	2026-05-09T14:55:41.0775820Z E501 Line too long (92 > 88)
lint-and-security	Lint with ruff	2026-05-09T14:55:41.0776048Z   --> tests/test_image_traversal.py:22:89
lint-and-security	Lint with ruff	2026-05-09T14:55:41.0776287Z    |
lint-and-security	Lint with ruff	2026-05-09T14:55:41.0776568Z 20 |     # We need to mock EnhancedMarkdownSerializer to avoid pydantic errors in tests
lint-and-security	Lint with ruff	2026-05-09T14:55:41.0777076Z 21 |     with patch("docling_lib.converter.DocumentConverter") as mock_conv_class, \
lint-and-security	Lint with ruff	2026-05-09T14:55:41.0777613Z 22 |          patch("docling_lib.converter.EnhancedMarkdownSerializer") as mock_serializer_class:
lint-and-security	Lint with ruff	2026-05-09T14:55:41.0778076Z    |                                                                                         ^^^^
lint-and-security	Lint with ruff	2026-05-09T14:55:41.0778410Z 23 |         mock_conv = mock_conv_class.return_value
lint-and-security	Lint with ruff	2026-05-09T14:55:41.0778727Z 24 |         mock_conv.convert.return_value.document = mock_doc
lint-and-security	Lint with ruff	2026-05-09T14:55:41.0779009Z    |
lint-and-security	Lint with ruff	2026-05-09T14:55:41.0779090Z 
lint-and-security	Lint with ruff	2026-05-09T14:55:41.0779167Z S101 Use of `assert` detected
lint-and-security	Lint with ruff	2026-05-09T14:55:41.0779395Z   --> tests/test_image_traversal.py:33:5
lint-and-security	Lint with ruff	2026-05-09T14:55:41.0779766Z    |
lint-and-security	Lint with ruff	2026-05-09T14:55:41.0779964Z 32 |     # process_pdf catches Exception and returns None
lint-and-security	Lint with ruff	2026-05-09T14:55:41.0780236Z 33 |     assert result is None
lint-and-security	Lint with ruff	2026-05-09T14:55:41.0780436Z    |     ^^^^^^
lint-and-security	Lint with ruff	2026-05-09T14:55:41.0780783Z 34 |     assert not resolved_traversal.exists(), f"Vulnerability: {resolved_traversal} was created"
lint-and-security	Lint with ruff	2026-05-09T14:55:41.0781179Z    |
lint-and-security	Lint with ruff	2026-05-09T14:55:41.0781259Z 
lint-and-security	Lint with ruff	2026-05-09T14:55:41.0781340Z S101 Use of `assert` detected
lint-and-security	Lint with ruff	2026-05-09T14:55:41.0781553Z   --> tests/test_image_traversal.py:34:5
lint-and-security	Lint with ruff	2026-05-09T14:55:41.0781778Z    |
lint-and-security	Lint with ruff	2026-05-09T14:55:41.0781968Z 32 |     # process_pdf catches Exception and returns None
lint-and-security	Lint with ruff	2026-05-09T14:55:41.0782247Z 33 |     assert result is None
lint-and-security	Lint with ruff	2026-05-09T14:55:41.0782614Z 34 |     assert not resolved_traversal.exists(), f"Vulnerability: {resolved_traversal} was created"
lint-and-security	Lint with ruff	2026-05-09T14:55:41.0783017Z    |     ^^^^^^
lint-and-security	Lint with ruff	2026-05-09T14:55:41.0783173Z 35 |
lint-and-security	Lint with ruff	2026-05-09T14:55:41.0783409Z 36 | def test_process_pdf_md_output_traversal(tmp_path, monkeypatch):
lint-and-security	Lint with ruff	2026-05-09T14:55:41.0783725Z    |
lint-and-security	Lint with ruff	2026-05-09T14:55:41.0783805Z 
lint-and-security	Lint with ruff	2026-05-09T14:55:41.0783878Z E501 Line too long (94 > 88)
lint-and-security	Lint with ruff	2026-05-09T14:55:41.0784102Z   --> tests/test_image_traversal.py:34:89
lint-and-security	Lint with ruff	2026-05-09T14:55:41.0784326Z    |
lint-and-security	Lint with ruff	2026-05-09T14:55:41.0784520Z 32 |     # process_pdf catches Exception and returns None
lint-and-security	Lint with ruff	2026-05-09T14:55:41.0784786Z 33 |     assert result is None
lint-and-security	Lint with ruff	2026-05-09T14:55:41.0785157Z 34 |     assert not resolved_traversal.exists(), f"Vulnerability: {resolved_traversal} was created"
lint-and-security	Lint with ruff	2026-05-09T14:55:41.0785744Z    |                                                                                         ^^^^^^
lint-and-security	Lint with ruff	2026-05-09T14:55:41.0786141Z 35 |
lint-and-security	Lint with ruff	2026-05-09T14:55:41.0786376Z 36 | def test_process_pdf_md_output_traversal(tmp_path, monkeypatch):
lint-and-security	Lint with ruff	2026-05-09T14:55:41.0786673Z    |
lint-and-security	Lint with ruff	2026-05-09T14:55:41.0786758Z 
lint-and-security	Lint with ruff	2026-05-09T14:55:41.0786832Z E501 Line too long (92 > 88)
lint-and-security	Lint with ruff	2026-05-09T14:55:41.0787047Z   --> tests/test_image_traversal.py:51:89
lint-and-security	Lint with ruff	2026-05-09T14:55:41.0787278Z    |
lint-and-security	Lint with ruff	2026-05-09T14:55:41.0787564Z 50 |     with patch("docling_lib.converter.DocumentConverter") as mock_conv_class, \
lint-and-security	Lint with ruff	2026-05-09T14:55:41.0788101Z 51 |          patch("docling_lib.converter.EnhancedMarkdownSerializer") as mock_serializer_class:
lint-and-security	Lint with ruff	2026-05-09T14:55:41.0788555Z    |                                                                                         ^^^^
lint-and-security	Lint with ruff	2026-05-09T14:55:41.0788876Z 52 |         mock_conv = mock_conv_class.return_value
lint-and-security	Lint with ruff	2026-05-09T14:55:41.0789192Z 53 |         mock_conv.convert.return_value.document = mock_doc
lint-and-security	Lint with ruff	2026-05-09T14:55:41.0789464Z    |
lint-and-security	Lint with ruff	2026-05-09T14:55:41.0789551Z 
lint-and-security	Lint with ruff	2026-05-09T14:55:41.0789628Z S101 Use of `assert` detected
lint-and-security	Lint with ruff	2026-05-09T14:55:41.0789860Z   --> tests/test_image_traversal.py:61:5
lint-and-security	Lint with ruff	2026-05-09T14:55:41.0790082Z    |
lint-and-security	Lint with ruff	2026-05-09T14:55:41.0790308Z 59 |         result = process_pdf(pdf_path, output_dir, options=options)
lint-and-security	Lint with ruff	2026-05-09T14:55:41.0790605Z 60 |
lint-and-security	Lint with ruff	2026-05-09T14:55:41.0790771Z 61 |     assert result is None
lint-and-security	Lint with ruff	2026-05-09T14:55:41.0790966Z    |     ^^^^^^
lint-and-security	Lint with ruff	2026-05-09T14:55:41.0791308Z 62 |     assert not resolved_traversal.exists(), f"Vulnerability: {resolved_traversal} was created"
lint-and-security	Lint with ruff	2026-05-09T14:55:41.0791699Z    |
lint-and-security	Lint with ruff	2026-05-09T14:55:41.0791784Z 
lint-and-security	Lint with ruff	2026-05-09T14:55:41.0791859Z S101 Use of `assert` detected
lint-and-security	Lint with ruff	2026-05-09T14:55:41.0792079Z   --> tests/test_image_traversal.py:62:5
lint-and-security	Lint with ruff	2026-05-09T14:55:41.0792296Z    |
lint-and-security	Lint with ruff	2026-05-09T14:55:41.0792454Z 61 |     assert result is None
lint-and-security	Lint with ruff	2026-05-09T14:55:41.0792815Z 62 |     assert not resolved_traversal.exists(), f"Vulnerability: {resolved_traversal} was created"
lint-and-security	Lint with ruff	2026-05-09T14:55:41.0793234Z    |     ^^^^^^
lint-and-security	Lint with ruff	2026-05-09T14:55:41.0793385Z    |
lint-and-security	Lint with ruff	2026-05-09T14:55:41.0793471Z 
lint-and-security	Lint with ruff	2026-05-09T14:55:41.0793549Z E501 Line too long (94 > 88)
lint-and-security	Lint with ruff	2026-05-09T14:55:41.0793764Z   --> tests/test_image_traversal.py:62:89
lint-and-security	Lint with ruff	2026-05-09T14:55:41.0793992Z    |
lint-and-security	Lint with ruff	2026-05-09T14:55:41.0794146Z 61 |     assert result is None
lint-and-security	Lint with ruff	2026-05-09T14:55:41.0794503Z 62 |     assert not resolved_traversal.exists(), f"Vulnerability: {resolved_traversal} was created"
lint-and-security	Lint with ruff	2026-05-09T14:55:41.0794950Z    |                                                                                         ^^^^^^
lint-and-security	Lint with ruff	2026-05-09T14:55:41.0795456Z    |
lint-and-security	Lint with ruff	2026-05-09T14:55:41.0795554Z 
lint-and-security	Lint with ruff	2026-05-09T14:55:41.0795630Z S101 Use of `assert` detected
lint-and-security	Lint with ruff	2026-05-09T14:55:41.0795843Z   --> tests/test_output_security.py:11:5
lint-and-security	Lint with ruff	2026-05-09T14:55:41.0796062Z    |
lint-and-security	Lint with ruff	2026-05-09T14:55:41.0796268Z  9 |     """Verify that a simple relative path returns True."""
lint-and-security	Lint with ruff	2026-05-09T14:55:41.0796562Z 10 |     monkeypatch.chdir(tmp_path)
lint-and-security	Lint with ruff	2026-05-09T14:55:41.0796860Z 11 |     assert _validate_output_security(Path("output")) is True
lint-and-security	Lint with ruff	2026-05-09T14:55:41.0797136Z    |     ^^^^^^
lint-and-security	Lint with ruff	2026-05-09T14:55:41.0797291Z 12 |
lint-and-security	Lint with ruff	2026-05-09T14:55:41.0797547Z 13 | def test_validate_output_security_valid_nested(tmp_path, monkeypatch):
lint-and-security	Lint with ruff	2026-05-09T14:55:41.0797872Z    |
lint-and-security	Lint with ruff	2026-05-09T14:55:41.0797952Z 
lint-and-security	Lint with ruff	2026-05-09T14:55:41.0798025Z S101 Use of `assert` detected
lint-and-security	Lint with ruff	2026-05-09T14:55:41.0798246Z   --> tests/test_output_security.py:16:5
lint-and-security	Lint with ruff	2026-05-09T14:55:41.0798469Z    |
lint-and-security	Lint with ruff	2026-05-09T14:55:41.0798666Z 14 |     """Verify that a nested relative path returns True."""
lint-and-security	Lint with ruff	2026-05-09T14:55:41.0798966Z 15 |     monkeypatch.chdir(tmp_path)
lint-and-security	Lint with ruff	2026-05-09T14:55:41.0799272Z 16 |     assert _validate_output_security(Path("subdir/output")) is True
lint-and-security	Lint with ruff	2026-05-09T14:55:41.0799589Z    |     ^^^^^^
lint-and-security	Lint with ruff	2026-05-09T14:55:41.0799736Z 17 |
lint-and-security	Lint with ruff	2026-05-09T14:55:41.0799979Z 18 | def test_validate_output_security_traversal(tmp_path, monkeypatch):
lint-and-security	Lint with ruff	2026-05-09T14:55:41.0800289Z    |
lint-and-security	Lint with ruff	2026-05-09T14:55:41.0800376Z 
lint-and-security	Lint with ruff	2026-05-09T14:55:41.0800449Z S101 Use of `assert` detected
lint-and-security	Lint with ruff	2026-05-09T14:55:41.0800679Z   --> tests/test_output_security.py:22:5
lint-and-security	Lint with ruff	2026-05-09T14:55:41.0800899Z    |
lint-and-security	Lint with ruff	2026-05-09T14:55:41.0801186Z 20 |     monkeypatch.chdir(tmp_path)
lint-and-security	Lint with ruff	2026-05-09T14:55:41.0801459Z 21 |     # Path("../outside") resolved will be outside tmp_path
lint-and-security	Lint with ruff	2026-05-09T14:55:41.0801820Z 22 |     assert _validate_output_security(Path("../outside")) is False
lint-and-security	Lint with ruff	2026-05-09T14:55:41.0802115Z    |     ^^^^^^
lint-and-security	Lint with ruff	2026-05-09T14:55:41.0802269Z 23 |
lint-and-security	Lint with ruff	2026-05-09T14:55:41.0802531Z 24 | def test_validate_output_security_absolute_outside(tmp_path, monkeypatch):
lint-and-security	Lint with ruff	2026-05-09T14:55:41.0802882Z    |
lint-and-security	Lint with ruff	2026-05-09T14:55:41.0802961Z 
lint-and-security	Lint with ruff	2026-05-09T14:55:41.0803041Z S101 Use of `assert` detected
lint-and-security	Lint with ruff	2026-05-09T14:55:41.0803254Z   --> tests/test_output_security.py:28:5
lint-and-security	Lint with ruff	2026-05-09T14:55:41.0803478Z    |
lint-and-security	Lint with ruff	2026-05-09T14:55:41.0803632Z 26 |     monkeypatch.chdir(tmp_path)
lint-and-security	Lint with ruff	2026-05-09T14:55:41.0803927Z 27 |     outside_path = tmp_path.parent.resolve() / "outside_dir"
lint-and-security	Lint with ruff	2026-05-09T14:55:41.0804285Z 28 |     assert _validate_output_security(outside_path) is False
lint-and-security	Lint with ruff	2026-05-09T14:55:41.0804572Z    |     ^^^^^^
lint-and-security	Lint with ruff	2026-05-09T14:55:41.0804721Z 29 |
lint-and-security	Lint with ruff	2026-05-09T14:55:41.0804986Z 30 | def test_validate_output_security_absolute_inside(tmp_path, monkeypatch):
lint-and-security	Lint with ruff	2026-05-09T14:55:41.0805446Z    |
lint-and-security	Lint with ruff	2026-05-09T14:55:41.0805527Z 
lint-and-security	Lint with ruff	2026-05-09T14:55:41.0805609Z S101 Use of `assert` detected
lint-and-security	Lint with ruff	2026-05-09T14:55:41.0805828Z   --> tests/test_output_security.py:34:5
lint-and-security	Lint with ruff	2026-05-09T14:55:41.0806047Z    |
lint-and-security	Lint with ruff	2026-05-09T14:55:41.0806206Z 32 |     monkeypatch.chdir(tmp_path)
lint-and-security	Lint with ruff	2026-05-09T14:55:41.0806479Z 33 |     inside_path = (tmp_path / "inside_dir").resolve()
lint-and-security	Lint with ruff	2026-05-09T14:55:41.0806809Z 34 |     assert _validate_output_security(inside_path) is True
lint-and-security	Lint with ruff	2026-05-09T14:55:41.0807083Z    |     ^^^^^^
lint-and-security	Lint with ruff	2026-05-09T14:55:41.0807234Z 35 |
lint-and-security	Lint with ruff	2026-05-09T14:55:41.0807508Z 36 | def test_validate_output_security_exception(tmp_path, monkeypatch, caplog):
lint-and-security	Lint with ruff	2026-05-09T14:55:41.0807848Z    |
lint-and-security	Lint with ruff	2026-05-09T14:55:41.0807926Z 
lint-and-security	Lint with ruff	2026-05-09T14:55:41.0808006Z E501 Line too long (98 > 88)
lint-and-security	Lint with ruff	2026-05-09T14:55:41.0808221Z   --> tests/test_output_security.py:40:89
lint-and-security	Lint with ruff	2026-05-09T14:55:41.0808449Z    |
lint-and-security	Lint with ruff	2026-05-09T14:55:41.0808601Z 38 |     monkeypatch.chdir(tmp_path)
lint-and-security	Lint with ruff	2026-05-09T14:55:41.0808883Z 39 |     # We patch the specific Path class used in the module
lint-and-security	Lint with ruff	2026-05-09T14:55:41.0809350Z 40 |     with patch("docling_lib.converter.Path.resolve", side_effect=RuntimeError("Simulated error")):
lint-and-security	Lint with ruff	2026-05-09T14:55:41.0809840Z    |                                                                                         ^^^^^^^^^^
lint-and-security	Lint with ruff	2026-05-09T14:55:41.0810340Z 41 |         with caplog.at_level(logging.ERROR):
lint-and-security	Lint with ruff	2026-05-09T14:55:41.0810647Z 42 |             result = _validate_output_security(Path("output"))
lint-and-security	Lint with ruff	2026-05-09T14:55:41.0810923Z    |
lint-and-security	Lint with ruff	2026-05-09T14:55:41.0811003Z 
lint-and-security	Lint with ruff	2026-05-09T14:55:41.0811078Z S101 Use of `assert` detected
lint-and-security	Lint with ruff	2026-05-09T14:55:41.0811301Z   --> tests/test_output_security.py:43:13
lint-and-security	Lint with ruff	2026-05-09T14:55:41.0811522Z    |
lint-and-security	Lint with ruff	2026-05-09T14:55:41.0811698Z 41 |         with caplog.at_level(logging.ERROR):
lint-and-security	Lint with ruff	2026-05-09T14:55:41.0811999Z 42 |             result = _validate_output_security(Path("output"))
lint-and-security	Lint with ruff	2026-05-09T14:55:41.0812287Z 43 |             assert result is False
lint-and-security	Lint with ruff	2026-05-09T14:55:41.0812519Z    |             ^^^^^^
lint-and-security	Lint with ruff	2026-05-09T14:55:41.0812841Z 44 |             assert "Security Error during path resolution: Simulated error" in caplog.text
lint-and-security	Lint with ruff	2026-05-09T14:55:41.0813218Z    |
lint-and-security	Lint with ruff	2026-05-09T14:55:41.0813298Z 
lint-and-security	Lint with ruff	2026-05-09T14:55:41.0813373Z S101 Use of `assert` detected
lint-and-security	Lint with ruff	2026-05-09T14:55:41.0813596Z   --> tests/test_output_security.py:44:13
lint-and-security	Lint with ruff	2026-05-09T14:55:41.0813825Z    |
lint-and-security	Lint with ruff	2026-05-09T14:55:41.0814027Z 42 |             result = _validate_output_security(Path("output"))
lint-and-security	Lint with ruff	2026-05-09T14:55:41.0814315Z 43 |             assert result is False
lint-and-security	Lint with ruff	2026-05-09T14:55:41.0814677Z 44 |             assert "Security Error during path resolution: Simulated error" in caplog.text
lint-and-security	Lint with ruff	2026-05-09T14:55:41.0815047Z    |             ^^^^^^
lint-and-security	Lint with ruff	2026-05-09T14:55:41.0815215Z    |
lint-and-security	Lint with ruff	2026-05-09T14:55:41.0815417Z 
lint-and-security	Lint with ruff	2026-05-09T14:55:41.0815495Z E501 Line too long (90 > 88)
lint-and-security	Lint with ruff	2026-05-09T14:55:41.0815711Z   --> tests/test_output_security.py:44:89
lint-and-security	Lint with ruff	2026-05-09T14:55:41.0815964Z    |
lint-and-security	Lint with ruff	2026-05-09T14:55:41.0816168Z 42 |             result = _validate_output_security(Path("output"))
lint-and-security	Lint with ruff	2026-05-09T14:55:41.0816584Z 43 |             assert result is False
lint-and-security	Lint with ruff	2026-05-09T14:55:41.0816948Z 44 |             assert "Security Error during path resolution: Simulated error" in caplog.text
lint-and-security	Lint with ruff	2026-05-09T14:55:41.0817363Z    |                                                                                         ^^
lint-and-security	Lint with ruff	2026-05-09T14:55:41.0817651Z    |
lint-and-security	Lint with ruff	2026-05-09T14:55:41.0817731Z 
lint-and-security	Lint with ruff	2026-05-09T14:55:41.0817807Z S101 Use of `assert` detected
lint-and-security	Lint with ruff	2026-05-09T14:55:41.0818028Z   --> tests/test_path_traversal.py:46:9
lint-and-security	Lint with ruff	2026-05-09T14:55:41.0818250Z    |
lint-and-security	Lint with ruff	2026-05-09T14:55:41.0818452Z 44 |         traversal_image_dir = tmp_path / "traversal_images"
lint-and-security	Lint with ruff	2026-05-09T14:55:41.0818724Z 45 |
lint-and-security	Lint with ruff	2026-05-09T14:55:41.0818904Z 46 |         assert not traversal_md_file.exists(), (
lint-and-security	Lint with ruff	2026-05-09T14:55:41.0819159Z    |         ^^^^^^
lint-and-security	Lint with ruff	2026-05-09T14:55:41.0819410Z 47 |             "Vulnerability: Markdown file written outside output_dir!"
lint-and-security	Lint with ruff	2026-05-09T14:55:41.0819719Z 48 |         )
lint-and-security	Lint with ruff	2026-05-09T14:55:41.0819870Z    |
lint-and-security	Lint with ruff	2026-05-09T14:55:41.0819961Z 
lint-and-security	Lint with ruff	2026-05-09T14:55:41.0820038Z S101 Use of `assert` detected
lint-and-security	Lint with ruff	2026-05-09T14:55:41.0820256Z   --> tests/test_path_traversal.py:49:9
lint-and-security	Lint with ruff	2026-05-09T14:55:41.0820470Z    |
lint-and-security	Lint with ruff	2026-05-09T14:55:41.0820694Z 47 |             "Vulnerability: Markdown file written outside output_dir!"
lint-and-security	Lint with ruff	2026-05-09T14:55:41.0820992Z 48 |         )
lint-and-security	Lint with ruff	2026-05-09T14:55:41.0821197Z 49 |         assert not traversal_image_dir.exists(), (
lint-and-security	Lint with ruff	2026-05-09T14:55:41.0821447Z    |         ^^^^^^
lint-and-security	Lint with ruff	2026-05-09T14:55:41.0821713Z 50 |             "Vulnerability: Image directory created outside output_dir!"
lint-and-security	Lint with ruff	2026-05-09T14:55:41.0822018Z 51 |         )
lint-and-security	Lint with ruff	2026-05-09T14:55:41.0822169Z    |
lint-and-security	Lint with ruff	2026-05-09T14:55:41.0822249Z 
lint-and-security	Lint with ruff	2026-05-09T14:55:41.0822328Z S101 Use of `assert` detected
lint-and-security	Lint with ruff	2026-05-09T14:55:41.0822540Z   --> tests/test_path_traversal.py:79:9
lint-and-security	Lint with ruff	2026-05-09T14:55:41.0822761Z    |
lint-and-security	Lint with ruff	2026-05-09T14:55:41.0822977Z 78 |         traversal_image_dir = tmp_path.parent / "malicious_images"
lint-and-security	Lint with ruff	2026-05-09T14:55:41.0823319Z 79 |         assert not traversal_image_dir.exists(), (
lint-and-security	Lint with ruff	2026-05-09T14:55:41.0823572Z    |         ^^^^^^
lint-and-security	Lint with ruff	2026-05-09T14:55:41.0823825Z 80 |             "Vulnerability: Image directory created with traversal!"
lint-and-security	Lint with ruff	2026-05-09T14:55:41.0824121Z 81 |         )
lint-and-security	Lint with ruff	2026-05-09T14:55:41.0824273Z    |
lint-and-security	Lint with ruff	2026-05-09T14:55:41.0824355Z 
lint-and-security	Lint with ruff	2026-05-09T14:55:41.0824439Z E501 Line too long (89 > 88)
lint-and-security	Lint with ruff	2026-05-09T14:55:41.0824653Z   --> tests/test_security.py:9:89
lint-and-security	Lint with ruff	2026-05-09T14:55:41.0824983Z    |
lint-and-security	Lint with ruff	2026-05-09T14:55:41.0825202Z  7 | def test_process_pdf_path_traversal(tmp_path, monkeypatch):
lint-and-security	Lint with ruff	2026-05-09T14:55:41.0825614Z  8 |     """
lint-and-security	Lint with ruff	2026-05-09T14:55:41.0825931Z  9 |     Test that process_pdf should not allow writing outside the current working directory.
lint-and-security	Lint with ruff	2026-05-09T14:55:41.0826371Z    |                                                                                         ^
lint-and-security	Lint with ruff	2026-05-09T14:55:41.0826644Z 10 |     """
lint-and-security	Lint with ruff	2026-05-09T14:55:41.0826826Z 11 |     monkeypatch.chdir(tmp_path)
lint-and-security	Lint with ruff	2026-05-09T14:55:41.0827044Z    |
lint-and-security	Lint with ruff	2026-05-09T14:55:41.0827134Z 
lint-and-security	Lint with ruff	2026-05-09T14:55:41.0827212Z S101 Use of `assert` detected
lint-and-security	Lint with ruff	2026-05-09T14:55:41.0827439Z   --> tests/test_security.py:29:5
lint-and-security	Lint with ruff	2026-05-09T14:55:41.0827644Z    |
lint-and-security	Lint with ruff	2026-05-09T14:55:41.0827791Z 28 |     # Assert
lint-and-security	Lint with ruff	2026-05-09T14:55:41.0827965Z 29 |     assert result is None, (
lint-and-security	Lint with ruff	2026-05-09T14:55:41.0828170Z    |     ^^^^^^
lint-and-security	Lint with ruff	2026-05-09T14:55:41.0828423Z 30 |         "process_pdf should return None when path traversal is detected"
lint-and-security	Lint with ruff	2026-05-09T14:55:41.0828754Z 31 |     )
lint-and-security	Lint with ruff	2026-05-09T14:55:41.0828898Z    |
lint-and-security	Lint with ruff	2026-05-09T14:55:41.0828981Z 
lint-and-security	Lint with ruff	2026-05-09T14:55:41.0829056Z S101 Use of `assert` detected
lint-and-security	Lint with ruff	2026-05-09T14:55:41.0829275Z   --> tests/test_security.py:32:5
lint-and-security	Lint with ruff	2026-05-09T14:55:41.0829480Z    |
lint-and-security	Lint with ruff	2026-05-09T14:55:41.0829726Z 30 |         "process_pdf should return None when path traversal is detected"
lint-and-security	Lint with ruff	2026-05-09T14:55:41.0830034Z 31 |     )
lint-and-security	Lint with ruff	2026-05-09T14:55:41.0830213Z 32 |     assert not outside_dir.exists(), (
lint-and-security	Lint with ruff	2026-05-09T14:55:41.0830440Z    |     ^^^^^^
lint-and-security	Lint with ruff	2026-05-09T14:55:41.0830676Z 33 |         f"Directory should not have been created: {outside_dir}"
lint-and-security	Lint with ruff	2026-05-09T14:55:41.0831084Z 34 |     )
lint-and-security	Lint with ruff	2026-05-09T14:55:41.0831230Z    |
lint-and-security	Lint with ruff	2026-05-09T14:55:41.0831236Z 
lint-and-security	Lint with ruff	2026-05-09T14:55:41.0831310Z S101 Use of `assert` detected
lint-and-security	Lint with ruff	2026-05-09T14:55:41.0831397Z   --> tests/test_security.py:62:5
lint-and-security	Lint with ruff	2026-05-09T14:55:41.0831457Z    |
lint-and-security	Lint with ruff	2026-05-09T14:55:41.0831519Z 61 |     # Assert
lint-and-security	Lint with ruff	2026-05-09T14:55:41.0831595Z 62 |     assert result is None
lint-and-security	Lint with ruff	2026-05-09T14:55:41.0831668Z    |     ^^^^^^
lint-and-security	Lint with ruff	2026-05-09T14:55:41.0831769Z 63 |     assert not resolved_outside.exists()
lint-and-security	Lint with ruff	2026-05-09T14:55:41.0831829Z    |
lint-and-security	Lint with ruff	2026-05-09T14:55:41.0831835Z 
lint-and-security	Lint with ruff	2026-05-09T14:55:41.0831913Z S101 Use of `assert` detected
lint-and-security	Lint with ruff	2026-05-09T14:55:41.0831992Z   --> tests/test_security.py:63:5
lint-and-security	Lint with ruff	2026-05-09T14:55:41.0832052Z    |
lint-and-security	Lint with ruff	2026-05-09T14:55:41.0832119Z 61 |     # Assert
lint-and-security	Lint with ruff	2026-05-09T14:55:41.0832193Z 62 |     assert result is None
lint-and-security	Lint with ruff	2026-05-09T14:55:41.0832285Z 63 |     assert not resolved_outside.exists()
lint-and-security	Lint with ruff	2026-05-09T14:55:41.0832347Z    |     ^^^^^^
lint-and-security	Lint with ruff	2026-05-09T14:55:41.0832412Z    |
lint-and-security	Lint with ruff	2026-05-09T14:55:41.0832417Z 
lint-and-security	Lint with ruff	2026-05-09T14:55:41.0832489Z S101 Use of `assert` detected
lint-and-security	Lint with ruff	2026-05-09T14:55:41.0832576Z   --> tests/test_server.py:24:5
lint-and-security	Lint with ruff	2026-05-09T14:55:41.0832641Z    |
lint-and-security	Lint with ruff	2026-05-09T14:55:41.0832716Z 22 | def test_read_main():
lint-and-security	Lint with ruff	2026-05-09T14:55:41.0832799Z 23 |     response = client.get("/")
lint-and-security	Lint with ruff	2026-05-09T14:55:41.0832891Z 24 |     assert response.status_code == 200
lint-and-security	Lint with ruff	2026-05-09T14:55:41.0832957Z    |     ^^^^^^
lint-and-security	Lint with ruff	2026-05-09T14:55:41.0833193Z 25 |     assert response.json() == {"message": "Welcome to the Docling Markdown Conversion Server"}
lint-and-security	Lint with ruff	2026-05-09T14:55:41.0833253Z    |
lint-and-security	Lint with ruff	2026-05-09T14:55:41.0833258Z 
lint-and-security	Lint with ruff	2026-05-09T14:55:41.0833336Z S101 Use of `assert` detected
lint-and-security	Lint with ruff	2026-05-09T14:55:41.0833415Z   --> tests/test_server.py:25:5
lint-and-security	Lint with ruff	2026-05-09T14:55:41.0833474Z    |
lint-and-security	Lint with ruff	2026-05-09T14:55:41.0833559Z 23 |     response = client.get("/")
lint-and-security	Lint with ruff	2026-05-09T14:55:41.0833687Z 24 |     assert response.status_code == 200
lint-and-security	Lint with ruff	2026-05-09T14:55:41.0833906Z 25 |     assert response.json() == {"message": "Welcome to the Docling Markdown Conversion Server"}
lint-and-security	Lint with ruff	2026-05-09T14:55:41.0833970Z    |     ^^^^^^
lint-and-security	Lint with ruff	2026-05-09T14:55:41.0834039Z    |
lint-and-security	Lint with ruff	2026-05-09T14:55:41.0834044Z 
lint-and-security	Lint with ruff	2026-05-09T14:55:41.0834118Z E501 Line too long (94 > 88)
lint-and-security	Lint with ruff	2026-05-09T14:55:41.0834203Z   --> tests/test_server.py:25:89
lint-and-security	Lint with ruff	2026-05-09T14:55:41.0834267Z    |
lint-and-security	Lint with ruff	2026-05-09T14:55:41.0834344Z 23 |     response = client.get("/")
lint-and-security	Lint with ruff	2026-05-09T14:55:41.0834432Z 24 |     assert response.status_code == 200
lint-and-security	Lint with ruff	2026-05-09T14:55:41.0834653Z 25 |     assert response.json() == {"message": "Welcome to the Docling Markdown Conversion Server"}
lint-and-security	Lint with ruff	2026-05-09T14:55:41.0834890Z    |                                                                                         ^^^^^^
lint-and-security	Lint with ruff	2026-05-09T14:55:41.0834951Z    |
lint-and-security	Lint with ruff	2026-05-09T14:55:41.0834956Z 
lint-and-security	Lint with ruff	2026-05-09T14:55:41.0835029Z S101 Use of `assert` detected
lint-and-security	Lint with ruff	2026-05-09T14:55:41.0835113Z   --> tests/test_server.py:31:5
lint-and-security	Lint with ruff	2026-05-09T14:55:41.0835172Z    |
lint-and-security	Lint with ruff	2026-05-09T14:55:41.0835433Z 29 |     files = {"file": ("test.txt", b"dummy content", "text/plain")}
lint-and-security	Lint with ruff	2026-05-09T14:55:41.0835572Z 30 |     response = client.post("/convert/", files=files)
lint-and-security	Lint with ruff	2026-05-09T14:55:41.0835667Z 31 |     assert response.status_code == 400
lint-and-security	Lint with ruff	2026-05-09T14:55:41.0835728Z    |     ^^^^^^
lint-and-security	Lint with ruff	2026-05-09T14:55:41.0835890Z 32 |     assert "Unsupported file format" in response.json()["detail"]
lint-and-security	Lint with ruff	2026-05-09T14:55:41.0835950Z    |
lint-and-security	Lint with ruff	2026-05-09T14:55:41.0835955Z 
lint-and-security	Lint with ruff	2026-05-09T14:55:41.0836028Z S101 Use of `assert` detected
lint-and-security	Lint with ruff	2026-05-09T14:55:41.0836107Z   --> tests/test_server.py:32:5
lint-and-security	Lint with ruff	2026-05-09T14:55:41.0836178Z    |
lint-and-security	Lint with ruff	2026-05-09T14:55:41.0836293Z 30 |     response = client.post("/convert/", files=files)
lint-and-security	Lint with ruff	2026-05-09T14:55:41.0836382Z 31 |     assert response.status_code == 400
lint-and-security	Lint with ruff	2026-05-09T14:55:41.0836539Z 32 |     assert "Unsupported file format" in response.json()["detail"]
lint-and-security	Lint with ruff	2026-05-09T14:55:41.0836601Z    |     ^^^^^^
lint-and-security	Lint with ruff	2026-05-09T14:55:41.0836660Z    |
lint-and-security	Lint with ruff	2026-05-09T14:55:41.0836665Z 
lint-and-security	Lint with ruff	2026-05-09T14:55:41.0836744Z E501 Line too long (120 > 88)
lint-and-security	Lint with ruff	2026-05-09T14:55:41.0836826Z   --> tests/test_server.py:58:89
lint-and-security	Lint with ruff	2026-05-09T14:55:41.0836886Z    |
lint-and-security	Lint with ruff	2026-05-09T14:55:41.0836973Z 57 |     with open(file_path, "rb") as f:
lint-and-security	Lint with ruff	2026-05-09T14:55:41.0837449Z 58 |         files = {"file": (file_path.name, f, "application/vnd.openxmlformats-officedocument.wordprocessingml.document")}
lint-and-security	Lint with ruff	2026-05-09T14:55:41.0837605Z    |                                                                                         ^^^^^^^^^^^^^^^^^^^^^^^^^^^^^^^^
lint-and-security	Lint with ruff	2026-05-09T14:55:41.0837728Z 59 |         response = client.post("/convert/", files=files)
lint-and-security	Lint with ruff	2026-05-09T14:55:41.0837798Z    |
lint-and-security	Lint with ruff	2026-05-09T14:55:41.0837803Z 
lint-and-security	Lint with ruff	2026-05-09T14:55:41.0837876Z S101 Use of `assert` detected
lint-and-security	Lint with ruff	2026-05-09T14:55:41.0837956Z   --> tests/test_server.py:61:5
lint-and-security	Lint with ruff	2026-05-09T14:55:41.0838022Z    |
lint-and-security	Lint with ruff	2026-05-09T14:55:41.0838137Z 59 |         response = client.post("/convert/", files=files)
lint-and-security	Lint with ruff	2026-05-09T14:55:41.0838199Z 60 |     
lint-and-security	Lint with ruff	2026-05-09T14:55:41.0838286Z 61 |     assert response.status_code == 200
lint-and-security	Lint with ruff	2026-05-09T14:55:41.0838355Z    |     ^^^^^^
lint-and-security	Lint with ruff	2026-05-09T14:55:41.0838433Z 62 |     data = response.json()
lint-and-security	Lint with ruff	2026-05-09T14:55:41.0838677Z 63 |     assert data["message"] == "Conversion successful"
lint-and-security	Lint with ruff	2026-05-09T14:55:41.0838804Z    |
lint-and-security	Lint with ruff	2026-05-09T14:55:41.0838814Z 
lint-and-security	Lint with ruff	2026-05-09T14:55:41.0838942Z S101 Use of `assert` detected
lint-and-security	Lint with ruff	2026-05-09T14:55:41.0839033Z   --> tests/test_server.py:63:5
lint-and-security	Lint with ruff	2026-05-09T14:55:41.0839098Z    |
lint-and-security	Lint with ruff	2026-05-09T14:55:41.0839196Z 61 |     assert response.status_code == 200
lint-and-security	Lint with ruff	2026-05-09T14:55:41.0839275Z 62 |     data = response.json()
lint-and-security	Lint with ruff	2026-05-09T14:55:41.0839402Z 63 |     assert data["message"] == "Conversion successful"
lint-and-security	Lint with ruff	2026-05-09T14:55:41.0839477Z    |     ^^^^^^
lint-and-security	Lint with ruff	2026-05-09T14:55:41.0839621Z 64 |     assert data["markdown_file"] == "processed_document.md"
lint-and-security	Lint with ruff	2026-05-09T14:55:41.0839705Z 65 |     assert "output_id" in data
lint-and-security	Lint with ruff	2026-05-09T14:55:41.0839771Z    |
lint-and-security	Lint with ruff	2026-05-09T14:55:41.0839777Z 
lint-and-security	Lint with ruff	2026-05-09T14:55:41.0839854Z S101 Use of `assert` detected
lint-and-security	Lint with ruff	2026-05-09T14:55:41.0839933Z   --> tests/test_server.py:64:5
lint-and-security	Lint with ruff	2026-05-09T14:55:41.0839994Z    |
lint-and-security	Lint with ruff	2026-05-09T14:55:41.0840078Z 62 |     data = response.json()
lint-and-security	Lint with ruff	2026-05-09T14:55:41.0840201Z 63 |     assert data["message"] == "Conversion successful"
lint-and-security	Lint with ruff	2026-05-09T14:55:41.0840337Z 64 |     assert data["markdown_file"] == "processed_document.md"
lint-and-security	Lint with ruff	2026-05-09T14:55:41.0840413Z    |     ^^^^^^
lint-and-security	Lint with ruff	2026-05-09T14:55:41.0840493Z 65 |     assert "output_id" in data
lint-and-security	Lint with ruff	2026-05-09T14:55:41.0840578Z 66 |     assert "download_url" in data
lint-and-security	Lint with ruff	2026-05-09T14:55:41.0840644Z    |
lint-and-security	Lint with ruff	2026-05-09T14:55:41.0840648Z 
lint-and-security	Lint with ruff	2026-05-09T14:55:41.0840722Z S101 Use of `assert` detected
lint-and-security	Lint with ruff	2026-05-09T14:55:41.0840943Z   --> tests/test_server.py:65:5
lint-and-security	Lint with ruff	2026-05-09T14:55:41.0841004Z    |
lint-and-security	Lint with ruff	2026-05-09T14:55:41.0841127Z 63 |     assert data["message"] == "Conversion successful"
lint-and-security	Lint with ruff	2026-05-09T14:55:41.0841255Z 64 |     assert data["markdown_file"] == "processed_document.md"
lint-and-security	Lint with ruff	2026-05-09T14:55:41.0841332Z 65 |     assert "output_id" in data
lint-and-security	Lint with ruff	2026-05-09T14:55:41.0841400Z    |     ^^^^^^
lint-and-security	Lint with ruff	2026-05-09T14:55:41.0841481Z 66 |     assert "download_url" in data
lint-and-security	Lint with ruff	2026-05-09T14:55:41.0841543Z    |
lint-and-security	Lint with ruff	2026-05-09T14:55:41.0841548Z 
lint-and-security	Lint with ruff	2026-05-09T14:55:41.0841626Z S101 Use of `assert` detected
lint-and-security	Lint with ruff	2026-05-09T14:55:41.0841702Z   --> tests/test_server.py:66:5
lint-and-security	Lint with ruff	2026-05-09T14:55:41.0841761Z    |
lint-and-security	Lint with ruff	2026-05-09T14:55:41.0841891Z 64 |     assert data["markdown_file"] == "processed_document.md"
lint-and-security	Lint with ruff	2026-05-09T14:55:41.0841971Z 65 |     assert "output_id" in data
lint-and-security	Lint with ruff	2026-05-09T14:55:41.0842050Z 66 |     assert "download_url" in data
lint-and-security	Lint with ruff	2026-05-09T14:55:41.0842113Z    |     ^^^^^^
lint-and-security	Lint with ruff	2026-05-09T14:55:41.0842176Z 67 |
lint-and-security	Lint with ruff	2026-05-09T14:55:41.0842260Z 68 |     # Verify the download URL works
lint-and-security	Lint with ruff	2026-05-09T14:55:41.0842324Z    |
lint-and-security	Lint with ruff	2026-05-09T14:55:41.0842329Z 
lint-and-security	Lint with ruff	2026-05-09T14:55:41.0842402Z S101 Use of `assert` detected
lint-and-security	Lint with ruff	2026-05-09T14:55:41.0842485Z   --> tests/test_server.py:71:5
lint-and-security	Lint with ruff	2026-05-09T14:55:41.0842544Z    |
lint-and-security	Lint with ruff	2026-05-09T14:55:41.0842625Z 69 |     output_id = data["output_id"]
lint-and-security	Lint with ruff	2026-05-09T14:55:41.0842819Z 70 |     download_res = client.get(f"/download/{output_id}/processed_document.md")
lint-and-security	Lint with ruff	2026-05-09T14:55:41.0842918Z 71 |     assert download_res.status_code == 200
lint-and-security	Lint with ruff	2026-05-09T14:55:41.0842979Z    |     ^^^^^^
lint-and-security	Lint with ruff	2026-05-09T14:55:41.0843088Z 72 |     assert download_res.text == "# Mocked Results"
lint-and-security	Lint with ruff	2026-05-09T14:55:41.0843151Z    |
lint-and-security	Lint with ruff	2026-05-09T14:55:41.0843243Z 
lint-and-security	Lint with ruff	2026-05-09T14:55:41.0843319Z S101 Use of `assert` detected
lint-and-security	Lint with ruff	2026-05-09T14:55:41.0843398Z   --> tests/test_server.py:72:5
lint-and-security	Lint with ruff	2026-05-09T14:55:41.0843462Z    |
lint-and-security	Lint with ruff	2026-05-09T14:55:41.0843643Z 70 |     download_res = client.get(f"/download/{output_id}/processed_document.md")
lint-and-security	Lint with ruff	2026-05-09T14:55:41.0843738Z 71 |     assert download_res.status_code == 200
lint-and-security	Lint with ruff	2026-05-09T14:55:41.0843853Z 72 |     assert download_res.text == "# Mocked Results"
lint-and-security	Lint with ruff	2026-05-09T14:55:41.0843914Z    |     ^^^^^^
lint-and-security	Lint with ruff	2026-05-09T14:55:41.0843972Z    |
lint-and-security	Lint with ruff	2026-05-09T14:55:41.0843977Z 
lint-and-security	Lint with ruff	2026-05-09T14:55:41.0844056Z E501 Line too long (120 > 88)
lint-and-security	Lint with ruff	2026-05-09T14:55:41.0844137Z   --> tests/test_server.py:89:89
lint-and-security	Lint with ruff	2026-05-09T14:55:41.0844197Z    |
lint-and-security	Lint with ruff	2026-05-09T14:55:41.0844270Z 87 |     file_path = DUMMY_DOCX
lint-and-security	Lint with ruff	2026-05-09T14:55:41.0844365Z 88 |     with open(file_path, "rb") as f:
lint-and-security	Lint with ruff	2026-05-09T14:55:41.0844713Z 89 |         files = {"file": (file_path.name, f, "application/vnd.openxmlformats-officedocument.wordprocessingml.document")}
lint-and-security	Lint with ruff	2026-05-09T14:55:41.0844873Z    |                                                                                         ^^^^^^^^^^^^^^^^^^^^^^^^^^^^^^^^
lint-and-security	Lint with ruff	2026-05-09T14:55:41.0845001Z 90 |         response = client.post("/convert/", files=files)
lint-and-security	Lint with ruff	2026-05-09T14:55:41.0845062Z    |
lint-and-security	Lint with ruff	2026-05-09T14:55:41.0845066Z 
lint-and-security	Lint with ruff	2026-05-09T14:55:41.0845141Z S101 Use of `assert` detected
lint-and-security	Lint with ruff	2026-05-09T14:55:41.0845228Z   --> tests/test_server.py:92:5
lint-and-security	Lint with ruff	2026-05-09T14:55:41.0845424Z    |
lint-and-security	Lint with ruff	2026-05-09T14:55:41.0845554Z 90 |         response = client.post("/convert/", files=files)
lint-and-security	Lint with ruff	2026-05-09T14:55:41.0845613Z 91 |
lint-and-security	Lint with ruff	2026-05-09T14:55:41.0845711Z 92 |     assert response.status_code == 500
lint-and-security	Lint with ruff	2026-05-09T14:55:41.0845772Z    |     ^^^^^^
lint-and-security	Lint with ruff	2026-05-09T14:55:41.0845911Z 93 |     assert "Conversion failed" in response.json()["detail"]
lint-and-security	Lint with ruff	2026-05-09T14:55:41.0845976Z    |
lint-and-security	Lint with ruff	2026-05-09T14:55:41.0845981Z 
lint-and-security	Lint with ruff	2026-05-09T14:55:41.0846056Z S101 Use of `assert` detected
lint-and-security	Lint with ruff	2026-05-09T14:55:41.0846136Z   --> tests/test_server.py:93:5
lint-and-security	Lint with ruff	2026-05-09T14:55:41.0846194Z    |
lint-and-security	Lint with ruff	2026-05-09T14:55:41.0846294Z 92 |     assert response.status_code == 500
lint-and-security	Lint with ruff	2026-05-09T14:55:41.0846425Z 93 |     assert "Conversion failed" in response.json()["detail"]
lint-and-security	Lint with ruff	2026-05-09T14:55:41.0846487Z    |     ^^^^^^
lint-and-security	Lint with ruff	2026-05-09T14:55:41.0846553Z    |
lint-and-security	Lint with ruff	2026-05-09T14:55:41.0846558Z 
lint-and-security	Lint with ruff	2026-05-09T14:55:41.0846631Z E501 Line too long (120 > 88)
lint-and-security	Lint with ruff	2026-05-09T14:55:41.0846717Z    --> tests/test_server.py:110:89
lint-and-security	Lint with ruff	2026-05-09T14:55:41.0846907Z     |
lint-and-security	Lint with ruff	2026-05-09T14:55:41.0846984Z 108 |     file_path = DUMMY_DOCX
lint-and-security	Lint with ruff	2026-05-09T14:55:41.0847075Z 109 |     with open(file_path, "rb") as f:
lint-and-security	Lint with ruff	2026-05-09T14:55:41.0847421Z 110 |         files = {"file": (file_path.name, f, "application/vnd.openxmlformats-officedocument.wordprocessingml.document")}
lint-and-security	Lint with ruff	2026-05-09T14:55:41.0847582Z     |                                                                                         ^^^^^^^^^^^^^^^^^^^^^^^^^^^^^^^^
lint-and-security	Lint with ruff	2026-05-09T14:55:41.0847705Z 111 |         response = client.post("/convert/", files=files)
lint-and-security	Lint with ruff	2026-05-09T14:55:41.0847766Z     |
lint-and-security	Lint with ruff	2026-05-09T14:55:41.0847772Z 
lint-and-security	Lint with ruff	2026-05-09T14:55:41.0847858Z S101 Use of `assert` detected
lint-and-security	Lint with ruff	2026-05-09T14:55:41.0847940Z    --> tests/test_server.py:113:5
lint-and-security	Lint with ruff	2026-05-09T14:55:41.0848001Z     |
lint-and-security	Lint with ruff	2026-05-09T14:55:41.0848123Z 111 |         response = client.post("/convert/", files=files)
lint-and-security	Lint with ruff	2026-05-09T14:55:41.0848183Z 112 |
lint-and-security	Lint with ruff	2026-05-09T14:55:41.0848277Z 113 |     assert response.status_code == 500
lint-and-security	Lint with ruff	2026-05-09T14:55:41.0848344Z     |     ^^^^^^
lint-and-security	Lint with ruff	2026-05-09T14:55:41.0848470Z 114 |     # Match the actual error message from server.py
lint-and-security	Lint with ruff	2026-05-09T14:55:41.0848697Z 115 |     assert "An internal error occurred during conversion." in response.json()["detail"]
lint-and-security	Lint with ruff	2026-05-09T14:55:41.0848759Z     |
lint-and-security	Lint with ruff	2026-05-09T14:55:41.0848764Z 
lint-and-security	Lint with ruff	2026-05-09T14:55:41.0848842Z S101 Use of `assert` detected
lint-and-security	Lint with ruff	2026-05-09T14:55:41.0848920Z    --> tests/test_server.py:115:5
lint-and-security	Lint with ruff	2026-05-09T14:55:41.0848980Z     |
lint-and-security	Lint with ruff	2026-05-09T14:55:41.0849079Z 113 |     assert response.status_code == 500
lint-and-security	Lint with ruff	2026-05-09T14:55:41.0849193Z 114 |     # Match the actual error message from server.py
lint-and-security	Lint with ruff	2026-05-09T14:55:41.0849411Z 115 |     assert "An internal error occurred during conversion." in response.json()["detail"]
lint-and-security	Lint with ruff	2026-05-09T14:55:41.0849589Z     |     ^^^^^^
lint-and-security	Lint with ruff	2026-05-09T14:55:41.0849653Z     |
lint-and-security	Lint with ruff	2026-05-09T14:55:41.0849658Z 
lint-and-security	Lint with ruff	2026-05-09T14:55:41.0849732Z S101 Use of `assert` detected
lint-and-security	Lint with ruff	2026-05-09T14:55:41.0849814Z    --> tests/test_server.py:120:5
lint-and-security	Lint with ruff	2026-05-09T14:55:41.0849879Z     |
lint-and-security	Lint with ruff	2026-05-09T14:55:41.0849974Z 118 | def test_download_file_not_found():
lint-and-security	Lint with ruff	2026-05-09T14:55:41.0850108Z 119 |     response = client.get("/download/nonexistent/file.md")
lint-and-security	Lint with ruff	2026-05-09T14:55:41.0850205Z 120 |     assert response.status_code == 404
lint-and-security	Lint with ruff	2026-05-09T14:55:41.0850266Z     |     ^^^^^^
lint-and-security	Lint with ruff	2026-05-09T14:55:41.0850327Z     |
lint-and-security	Lint with ruff	2026-05-09T14:55:41.0850332Z 
lint-and-security	Lint with ruff	2026-05-09T14:55:41.0850407Z S101 Use of `assert` detected
lint-and-security	Lint with ruff	2026-05-09T14:55:41.0850493Z    --> tests/test_server.py:144:5
lint-and-security	Lint with ruff	2026-05-09T14:55:41.0850554Z     |
lint-and-security	Lint with ruff	2026-05-09T14:55:41.0850628Z 143 |     # Verify the response
lint-and-security	Lint with ruff	2026-05-09T14:55:41.0850725Z 144 |     assert response.status_code == 200
lint-and-security	Lint with ruff	2026-05-09T14:55:41.0850786Z     |     ^^^^^^
lint-and-security	Lint with ruff	2026-05-09T14:55:41.0850878Z 145 |     assert response.text == content
lint-and-security	Lint with ruff	2026-05-09T14:55:41.0850937Z     |
lint-and-security	Lint with ruff	2026-05-09T14:55:41.0850948Z 
lint-and-security	Lint with ruff	2026-05-09T14:55:41.0851020Z S101 Use of `assert` detected
lint-and-security	Lint with ruff	2026-05-09T14:55:41.0851099Z    --> tests/test_server.py:145:5
lint-and-security	Lint with ruff	2026-05-09T14:55:41.0851157Z     |
lint-and-security	Lint with ruff	2026-05-09T14:55:41.0851234Z 143 |     # Verify the response
lint-and-security	Lint with ruff	2026-05-09T14:55:41.0851327Z 144 |     assert response.status_code == 200
lint-and-security	Lint with ruff	2026-05-09T14:55:41.0851410Z 145 |     assert response.text == content
lint-and-security	Lint with ruff	2026-05-09T14:55:41.0851476Z     |     ^^^^^^
lint-and-security	Lint with ruff	2026-05-09T14:55:41.0851535Z     |
lint-and-security	Lint with ruff	2026-05-09T14:55:41.0851539Z 
lint-and-security	Lint with ruff	2026-05-09T14:55:41.0851611Z S101 Use of `assert` detected
lint-and-security	Lint with ruff	2026-05-09T14:55:41.0851687Z    --> tests/test_server.py:156:9
lint-and-security	Lint with ruff	2026-05-09T14:55:41.0851754Z     |
lint-and-security	Lint with ruff	2026-05-09T14:55:41.0851922Z 154 |         mock_resolve.side_effect = ValueError("Mocked resolution error")
lint-and-security	Lint with ruff	2026-05-09T14:55:41.0852065Z 155 |         response = client.get("/download/some_id/some_file.md")
lint-and-security	Lint with ruff	2026-05-09T14:55:41.0852169Z 156 |         assert response.status_code == 400
lint-and-security	Lint with ruff	2026-05-09T14:55:41.0852238Z     |         ^^^^^^
lint-and-security	Lint with ruff	2026-05-09T14:55:41.0852411Z 157 |         assert response.json()["detail"] == "Invalid request parameters."
lint-and-security	Lint with ruff	2026-05-09T14:55:41.0852479Z     |
lint-and-security	Lint with ruff	2026-05-09T14:55:41.0852484Z 
lint-and-security	Lint with ruff	2026-05-09T14:55:41.0852557Z S101 Use of `assert` detected
lint-and-security	Lint with ruff	2026-05-09T14:55:41.0852634Z    --> tests/test_server.py:157:9
lint-and-security	Lint with ruff	2026-05-09T14:55:41.0852781Z     |
lint-and-security	Lint with ruff	2026-05-09T14:55:41.0852925Z 155 |         response = client.get("/download/some_id/some_file.md")
lint-and-security	Lint with ruff	2026-05-09T14:55:41.0853020Z 156 |         assert response.status_code == 400
lint-and-security	Lint with ruff	2026-05-09T14:55:41.0853184Z 157 |         assert response.json()["detail"] == "Invalid request parameters."
lint-and-security	Lint with ruff	2026-05-09T14:55:41.0853252Z     |         ^^^^^^
lint-and-security	Lint with ruff	2026-05-09T14:55:41.0853315Z     |
lint-and-security	Lint with ruff	2026-05-09T14:55:41.0853320Z 
lint-and-security	Lint with ruff	2026-05-09T14:55:41.0853392Z S101 Use of `assert` detected
lint-and-security	Lint with ruff	2026-05-09T14:55:41.0853487Z   --> tests/test_server_cleanup.py:31:5
lint-and-security	Lint with ruff	2026-05-09T14:55:41.0853547Z    |
lint-and-security	Lint with ruff	2026-05-09T14:55:41.0853670Z 29 |     # Verify that UPLOAD_DIR is empty (file was unlinked)
lint-and-security	Lint with ruff	2026-05-09T14:55:41.0853787Z 30 |     files_remaining = list(upload_dir.iterdir())
lint-and-security	Lint with ruff	2026-05-09T14:55:41.0854027Z 31 |     assert len(files_remaining) == 0, f"Temporary files were not cleaned up: {files_remaining}"
lint-and-security	Lint with ruff	2026-05-09T14:55:41.0854091Z    |     ^^^^^^
lint-and-security	Lint with ruff	2026-05-09T14:55:41.0854150Z    |
lint-and-security	Lint with ruff	2026-05-09T14:55:41.0854160Z 
lint-and-security	Lint with ruff	2026-05-09T14:55:41.0854246Z E501 Line too long (95 > 88)
lint-and-security	Lint with ruff	2026-05-09T14:55:41.0854335Z   --> tests/test_server_cleanup.py:31:89
lint-and-security	Lint with ruff	2026-05-09T14:55:41.0854395Z    |
lint-and-security	Lint with ruff	2026-05-09T14:55:41.0854521Z 29 |     # Verify that UPLOAD_DIR is empty (file was unlinked)
lint-and-security	Lint with ruff	2026-05-09T14:55:41.0854629Z 30 |     files_remaining = list(upload_dir.iterdir())
lint-and-security	Lint with ruff	2026-05-09T14:55:41.0854852Z 31 |     assert len(files_remaining) == 0, f"Temporary files were not cleaned up: {files_remaining}"
lint-and-security	Lint with ruff	2026-05-09T14:55:41.0854974Z    |                                                                                         ^^^^^^^
lint-and-security	Lint with ruff	2026-05-09T14:55:41.0855041Z    |
lint-and-security	Lint with ruff	2026-05-09T14:55:41.0855128Z 
lint-and-security	Lint with ruff	2026-05-09T14:55:41.0855204Z S101 Use of `assert` detected
lint-and-security	Lint with ruff	2026-05-09T14:55:41.0855423Z   --> tests/test_server_download_errors.py:19:9
lint-and-security	Lint with ruff	2026-05-09T14:55:41.0855495Z    |
lint-and-security	Lint with ruff	2026-05-09T14:55:41.0855631Z 17 |         mock_resolve.side_effect = OSError("Mocked OS error")
lint-and-security	Lint with ruff	2026-05-09T14:55:41.0855763Z 18 |         response = client.get("/download/validid/file.md")
lint-and-security	Lint with ruff	2026-05-09T14:55:41.0855869Z 19 |         assert response.status_code == 400
lint-and-security	Lint with ruff	2026-05-09T14:55:41.0855931Z    |         ^^^^^^
lint-and-security	Lint with ruff	2026-05-09T14:55:41.0856100Z 20 |         assert response.json()["detail"] == "Invalid request parameters."
lint-and-security	Lint with ruff	2026-05-09T14:55:41.0856166Z    |
lint-and-security	Lint with ruff	2026-05-09T14:55:41.0856171Z 
lint-and-security	Lint with ruff	2026-05-09T14:55:41.0856249Z S101 Use of `assert` detected
lint-and-security	Lint with ruff	2026-05-09T14:55:41.0856355Z   --> tests/test_server_download_errors.py:20:9
lint-and-security	Lint with ruff	2026-05-09T14:55:41.0856417Z    |
lint-and-security	Lint with ruff	2026-05-09T14:55:41.0856551Z 18 |         response = client.get("/download/validid/file.md")
lint-and-security	Lint with ruff	2026-05-09T14:55:41.0856646Z 19 |         assert response.status_code == 400
lint-and-security	Lint with ruff	2026-05-09T14:55:41.0856825Z 20 |         assert response.json()["detail"] == "Invalid request parameters."
lint-and-security	Lint with ruff	2026-05-09T14:55:41.0856898Z    |         ^^^^^^
lint-and-security	Lint with ruff	2026-05-09T14:55:41.0856957Z 21 |
lint-and-security	Lint with ruff	2026-05-09T14:55:41.0857064Z 22 | def test_download_file_invalid_request_id():
lint-and-security	Lint with ruff	2026-05-09T14:55:41.0857125Z    |
lint-and-security	Lint with ruff	2026-05-09T14:55:41.0857134Z 
lint-and-security	Lint with ruff	2026-05-09T14:55:41.0857209Z E501 Line too long (95 > 88)
lint-and-security	Lint with ruff	2026-05-09T14:55:41.0857317Z   --> tests/test_server_download_errors.py:24:89
lint-and-security	Lint with ruff	2026-05-09T14:55:41.0857378Z    |
lint-and-security	Lint with ruff	2026-05-09T14:55:41.0857485Z 22 | def test_download_file_invalid_request_id():
lint-and-security	Lint with ruff	2026-05-09T14:55:41.0857547Z 23 |     """
lint-and-security	Lint with ruff	2026-05-09T14:55:41.0857796Z 24 |     Test that download_file returns 400 for non-alphanumeric request_id (with forbidden chars).
lint-and-security	Lint with ruff	2026-05-09T14:55:41.0857928Z    |                                                                                         ^^^^^^^
lint-and-security	Lint with ruff	2026-05-09T14:55:41.0857991Z 25 |     """
lint-and-security	Lint with ruff	2026-05-09T14:55:41.0858123Z 26 |     response = client.get("/download/invalid_id!/file.md")
lint-and-security	Lint with ruff	2026-05-09T14:55:41.0858186Z    |
lint-and-security	Lint with ruff	2026-05-09T14:55:41.0858196Z 
lint-and-security	Lint with ruff	2026-05-09T14:55:41.0858273Z S101 Use of `assert` detected
lint-and-security	Lint with ruff	2026-05-09T14:55:41.0858376Z   --> tests/test_server_download_errors.py:27:5
lint-and-security	Lint with ruff	2026-05-09T14:55:41.0858437Z    |
lint-and-security	Lint with ruff	2026-05-09T14:55:41.0858506Z 25 |     """
lint-and-security	Lint with ruff	2026-05-09T14:55:41.0858632Z 26 |     response = client.get("/download/invalid_id!/file.md")
lint-and-security	Lint with ruff	2026-05-09T14:55:41.0858847Z 27 |     assert response.status_code == 400
lint-and-security	Lint with ruff	2026-05-09T14:55:41.0858914Z    |     ^^^^^^
lint-and-security	Lint with ruff	2026-05-09T14:55:41.0859080Z 28 |     assert response.json()["detail"] == "Invalid request parameters."
lint-and-security	Lint with ruff	2026-05-09T14:55:41.0859140Z    |
lint-and-security	Lint with ruff	2026-05-09T14:55:41.0859145Z 
lint-and-security	Lint with ruff	2026-05-09T14:55:41.0859218Z S101 Use of `assert` detected
lint-and-security	Lint with ruff	2026-05-09T14:55:41.0859317Z   --> tests/test_server_download_errors.py:28:5
lint-and-security	Lint with ruff	2026-05-09T14:55:41.0859377Z    |
lint-and-security	Lint with ruff	2026-05-09T14:55:41.0859501Z 26 |     response = client.get("/download/invalid_id!/file.md")
lint-and-security	Lint with ruff	2026-05-09T14:55:41.0859595Z 27 |     assert response.status_code == 400
lint-and-security	Lint with ruff	2026-05-09T14:55:41.0859753Z 28 |     assert response.json()["detail"] == "Invalid request parameters."
lint-and-security	Lint with ruff	2026-05-09T14:55:41.0859820Z    |     ^^^^^^
lint-and-security	Lint with ruff	2026-05-09T14:55:41.0859885Z 29 |
lint-and-security	Lint with ruff	2026-05-09T14:55:41.0859963Z 30 | @pytest.mark.asyncio
lint-and-security	Lint with ruff	2026-05-09T14:55:41.0860019Z    |
lint-and-security	Lint with ruff	2026-05-09T14:55:41.0860024Z 
lint-and-security	Lint with ruff	2026-05-09T14:55:41.0860164Z S101 Use of `assert` detected
lint-and-security	Lint with ruff	2026-05-09T14:55:41.0860269Z   --> tests/test_server_download_errors.py:39:5
lint-and-security	Lint with ruff	2026-05-09T14:55:41.0860334Z    |
lint-and-security	Lint with ruff	2026-05-09T14:55:41.0860458Z 37 |         await download_file("validid", "../traversal.md")
lint-and-security	Lint with ruff	2026-05-09T14:55:41.0860523Z 38 |
lint-and-security	Lint with ruff	2026-05-09T14:55:41.0860621Z 39 |     assert excinfo.value.status_code == 400
lint-and-security	Lint with ruff	2026-05-09T14:55:41.0860682Z    |     ^^^^^^
lint-and-security	Lint with ruff	2026-05-09T14:55:41.0860839Z 40 |     assert excinfo.value.detail == "Invalid request parameters."
lint-and-security	Lint with ruff	2026-05-09T14:55:41.0860900Z    |
lint-and-security	Lint with ruff	2026-05-09T14:55:41.0860906Z 
lint-and-security	Lint with ruff	2026-05-09T14:55:41.0860976Z S101 Use of `assert` detected
lint-and-security	Lint with ruff	2026-05-09T14:55:41.0861071Z   --> tests/test_server_download_errors.py:40:5
lint-and-security	Lint with ruff	2026-05-09T14:55:41.0861133Z    |
lint-and-security	Lint with ruff	2026-05-09T14:55:41.0861345Z 39 |     assert excinfo.value.status_code == 400
lint-and-security	Lint with ruff	2026-05-09T14:55:41.0861496Z 40 |     assert excinfo.value.detail == "Invalid request parameters."
lint-and-security	Lint with ruff	2026-05-09T14:55:41.0861562Z    |     ^^^^^^
lint-and-security	Lint with ruff	2026-05-09T14:55:41.0861621Z 41 |
lint-and-security	Lint with ruff	2026-05-09T14:55:41.0861794Z 42 | def test_download_file_unauthorized_traversal(tmp_path, monkeypatch):
lint-and-security	Lint with ruff	2026-05-09T14:55:41.0861857Z    |
lint-and-security	Lint with ruff	2026-05-09T14:55:41.0861867Z 
lint-and-security	Lint with ruff	2026-05-09T14:55:41.0861941Z E501 Line too long (90 > 88)
lint-and-security	Lint with ruff	2026-05-09T14:55:41.0862041Z   --> tests/test_server_download_errors.py:44:89
lint-and-security	Lint with ruff	2026-05-09T14:55:41.0862101Z    |
lint-and-security	Lint with ruff	2026-05-09T14:55:41.0862273Z 42 | def test_download_file_unauthorized_traversal(tmp_path, monkeypatch):
lint-and-security	Lint with ruff	2026-05-09T14:55:41.0862331Z 43 |     """
lint-and-security	Lint with ruff	2026-05-09T14:55:41.0862560Z 44 |     Test that download_file returns 404 and logs a warning when path traversal is detected
lint-and-security	Lint with ruff	2026-05-09T14:55:41.0862682Z    |                                                                                         ^^
lint-and-security	Lint with ruff	2026-05-09T14:55:41.0862852Z 45 |     (i.e., file_path is not relative to safe_dir or resolved_output_dir).
lint-and-security	Lint with ruff	2026-05-09T14:55:41.0862916Z 46 |     """
lint-and-security	Lint with ruff	2026-05-09T14:55:41.0862973Z    |
lint-and-security	Lint with ruff	2026-05-09T14:55:41.0862981Z 
lint-and-security	Lint with ruff	2026-05-09T14:55:41.0863055Z S101 Use of `assert` detected
lint-and-security	Lint with ruff	2026-05-09T14:55:41.0863152Z   --> tests/test_server_download_errors.py:56:9
lint-and-security	Lint with ruff	2026-05-09T14:55:41.0863212Z    |
lint-and-security	Lint with ruff	2026-05-09T14:55:41.0863340Z 55 |         response = client.get("/download/validid/file.md")
lint-and-security	Lint with ruff	2026-05-09T14:55:41.0863435Z 56 |         assert response.status_code == 404
lint-and-security	Lint with ruff	2026-05-09T14:55:41.0863498Z    |         ^^^^^^
lint-and-security	Lint with ruff	2026-05-09T14:55:41.0863640Z 57 |         assert response.json()["detail"] == "File not found."
lint-and-security	Lint with ruff	2026-05-09T14:55:41.0863698Z    |
lint-and-security	Lint with ruff	2026-05-09T14:55:41.0863703Z 
lint-and-security	Lint with ruff	2026-05-09T14:55:41.0863775Z S101 Use of `assert` detected
lint-and-security	Lint with ruff	2026-05-09T14:55:41.0863873Z   --> tests/test_server_download_errors.py:57:9
lint-and-security	Lint with ruff	2026-05-09T14:55:41.0863930Z    |
lint-and-security	Lint with ruff	2026-05-09T14:55:41.0864045Z 55 |         response = client.get("/download/validid/file.md")
lint-and-security	Lint with ruff	2026-05-09T14:55:41.0864136Z 56 |         assert response.status_code == 404
lint-and-security	Lint with ruff	2026-05-09T14:55:41.0864272Z 57 |         assert response.json()["detail"] == "File not found."
lint-and-security	Lint with ruff	2026-05-09T14:55:41.0864335Z    |         ^^^^^^
lint-and-security	Lint with ruff	2026-05-09T14:55:41.0864394Z 58 |
lint-and-security	Lint with ruff	2026-05-09T14:55:41.0864536Z 59 | def test_download_file_not_a_file(tmp_path, monkeypatch):
lint-and-security	Lint with ruff	2026-05-09T14:55:41.0864595Z    |
lint-and-security	Lint with ruff	2026-05-09T14:55:41.0864600Z 
lint-and-security	Lint with ruff	2026-05-09T14:55:41.0864763Z E501 Line too long (99 > 88)
lint-and-security	Lint with ruff	2026-05-09T14:55:41.0864863Z   --> tests/test_server_download_errors.py:61:89
lint-and-security	Lint with ruff	2026-05-09T14:55:41.0864924Z    |
lint-and-security	Lint with ruff	2026-05-09T14:55:41.0865055Z 59 | def test_download_file_not_a_file(tmp_path, monkeypatch):
lint-and-security	Lint with ruff	2026-05-09T14:55:41.0865114Z 60 |     """
lint-and-security	Lint with ruff	2026-05-09T14:55:41.0865492Z 61 |     Test that download_file returns 404 when the path exists but is not a file (e.g., a directory).
lint-and-security	Lint with ruff	2026-05-09T14:55:41.0865631Z    |                                                                                         ^^^^^^^^^^^
lint-and-security	Lint with ruff	2026-05-09T14:55:41.0865693Z 62 |     """
lint-and-security	Lint with ruff	2026-05-09T14:55:41.0865882Z 63 |     monkeypatch.setattr(docling_lib.server, "OUTPUT_DIR", tmp_path)
lint-and-security	Lint with ruff	2026-05-09T14:55:41.0865948Z    |
lint-and-security	Lint with ruff	2026-05-09T14:55:41.0865953Z 
lint-and-security	Lint with ruff	2026-05-09T14:55:41.0866030Z S101 Use of `assert` detected
lint-and-security	Lint with ruff	2026-05-09T14:55:41.0866134Z   --> tests/test_server_download_errors.py:73:5
lint-and-security	Lint with ruff	2026-05-09T14:55:41.0866199Z    |
lint-and-security	Lint with ruff	2026-05-09T14:55:41.0866352Z 72 |     response = client.get(f"/download/{request_id}/{dir_name}")
lint-and-security	Lint with ruff	2026-05-09T14:55:41.0866451Z 73 |     assert response.status_code == 404
lint-and-security	Lint with ruff	2026-05-09T14:55:41.0866518Z    |     ^^^^^^
lint-and-security	Lint with ruff	2026-05-09T14:55:41.0866647Z 74 |     assert response.json()["detail"] == "File not found."
lint-and-security	Lint with ruff	2026-05-09T14:55:41.0866706Z    |
lint-and-security	Lint with ruff	2026-05-09T14:55:41.0866711Z 
lint-and-security	Lint with ruff	2026-05-09T14:55:41.0866787Z S101 Use of `assert` detected
lint-and-security	Lint with ruff	2026-05-09T14:55:41.0866884Z   --> tests/test_server_download_errors.py:74:5
lint-and-security	Lint with ruff	2026-05-09T14:55:41.0866942Z    |
lint-and-security	Lint with ruff	2026-05-09T14:55:41.0867082Z 72 |     response = client.get(f"/download/{request_id}/{dir_name}")
lint-and-security	Lint with ruff	2026-05-09T14:55:41.0867175Z 73 |     assert response.status_code == 404
lint-and-security	Lint with ruff	2026-05-09T14:55:41.0867460Z 74 |     assert response.json()["detail"] == "File not found."
lint-and-security	Lint with ruff	2026-05-09T14:55:41.0867521Z    |     ^^^^^^
lint-and-security	Lint with ruff	2026-05-09T14:55:41.0867586Z    |
lint-and-security	Lint with ruff	2026-05-09T14:55:41.0867590Z 
lint-and-security	Lint with ruff	2026-05-09T14:55:41.0867664Z S101 Use of `assert` detected
lint-and-security	Lint with ruff	2026-05-09T14:55:41.0867753Z   --> tests/test_server_helpers.py:30:5
lint-and-security	Lint with ruff	2026-05-09T14:55:41.0867820Z    |
lint-and-security	Lint with ruff	2026-05-09T14:55:41.0867944Z 28 |     with pytest.raises(HTTPException) as exc_info:
lint-and-security	Lint with ruff	2026-05-09T14:55:41.0868049Z 29 |         _validate_content_length(content_length)
lint-and-security	Lint with ruff	2026-05-09T14:55:41.0868148Z 30 |     assert exc_info.value.status_code == 413
lint-and-security	Lint with ruff	2026-05-09T14:55:41.0868213Z    |     ^^^^^^
lint-and-security	Lint with ruff	2026-05-09T14:55:41.0868338Z 31 |     assert "Payload Too Large" in exc_info.value.detail
lint-and-security	Lint with ruff	2026-05-09T14:55:41.0868397Z    |
lint-and-security	Lint with ruff	2026-05-09T14:55:41.0868402Z 
lint-and-security	Lint with ruff	2026-05-09T14:55:41.0868481Z S101 Use of `assert` detected
lint-and-security	Lint with ruff	2026-05-09T14:55:41.0868565Z   --> tests/test_server_helpers.py:31:5
lint-and-security	Lint with ruff	2026-05-09T14:55:41.0868624Z    |
lint-and-security	Lint with ruff	2026-05-09T14:55:41.0868729Z 29 |         _validate_content_length(content_length)
lint-and-security	Lint with ruff	2026-05-09T14:55:41.0868832Z 30 |     assert exc_info.value.status_code == 413
lint-and-security	Lint with ruff	2026-05-09T14:55:41.0868955Z 31 |     assert "Payload Too Large" in exc_info.value.detail
lint-and-security	Lint with ruff	2026-05-09T14:55:41.0869017Z    |     ^^^^^^
lint-and-security	Lint with ruff	2026-05-09T14:55:41.0869082Z 32 |
lint-and-security	Lint with ruff	2026-05-09T14:55:41.0869214Z 33 | @pytest.mark.parametrize("filename, expected_ext", [
lint-and-security	Lint with ruff	2026-05-09T14:55:41.0869279Z    |
lint-and-security	Lint with ruff	2026-05-09T14:55:41.0869283Z 
lint-and-security	Lint with ruff	2026-05-09T14:55:41.0869359Z S101 Use of `assert` detected
lint-and-security	Lint with ruff	2026-05-09T14:55:41.0869445Z   --> tests/test_server_helpers.py:44:5
lint-and-security	Lint with ruff	2026-05-09T14:55:41.0869504Z    |
lint-and-security	Lint with ruff	2026-05-09T14:55:41.0869564Z 42 | ])
lint-and-security	Lint with ruff	2026-05-09T14:55:41.0869711Z 43 | def test_validate_extension_valid(filename, expected_ext):
lint-and-security	Lint with ruff	2026-05-09T14:55:41.0869842Z 44 |     assert _validate_extension(filename) == expected_ext
lint-and-security	Lint with ruff	2026-05-09T14:55:41.0869903Z    |     ^^^^^^
lint-and-security	Lint with ruff	2026-05-09T14:55:41.0869967Z 45 |
lint-and-security	Lint with ruff	2026-05-09T14:55:41.0870075Z 46 | @pytest.mark.parametrize("filename", [
lint-and-security	Lint with ruff	2026-05-09T14:55:41.0870135Z    |
lint-and-security	Lint with ruff	2026-05-09T14:55:41.0870140Z 
lint-and-security	Lint with ruff	2026-05-09T14:55:41.0870229Z S101 Use of `assert` detected
lint-and-security	Lint with ruff	2026-05-09T14:55:41.0870319Z   --> tests/test_server_helpers.py:59:5
lint-and-security	Lint with ruff	2026-05-09T14:55:41.0870379Z    |
lint-and-security	Lint with ruff	2026-05-09T14:55:41.0870500Z 57 |     with pytest.raises(HTTPException) as exc_info:
lint-and-security	Lint with ruff	2026-05-09T14:55:41.0870599Z 58 |         _validate_extension(filename)
lint-and-security	Lint with ruff	2026-05-09T14:55:41.0870702Z 59 |     assert exc_info.value.status_code == 400
lint-and-security	Lint with ruff	2026-05-09T14:55:41.0870884Z    |     ^^^^^^
lint-and-security	Lint with ruff	2026-05-09T14:55:41.0871041Z 60 |     assert "Unsupported file format" in exc_info.value.detail
lint-and-security	Lint with ruff	2026-05-09T14:55:41.0871100Z    |
lint-and-security	Lint with ruff	2026-05-09T14:55:41.0871105Z 
lint-and-security	Lint with ruff	2026-05-09T14:55:41.0871181Z S101 Use of `assert` detected
lint-and-security	Lint with ruff	2026-05-09T14:55:41.0871272Z   --> tests/test_server_helpers.py:60:5
lint-and-security	Lint with ruff	2026-05-09T14:55:41.0871332Z    |
lint-and-security	Lint with ruff	2026-05-09T14:55:41.0871417Z 58 |         _validate_extension(filename)
lint-and-security	Lint with ruff	2026-05-09T14:55:41.0871516Z 59 |     assert exc_info.value.status_code == 400
lint-and-security	Lint with ruff	2026-05-09T14:55:41.0871660Z 60 |     assert "Unsupported file format" in exc_info.value.detail
lint-and-security	Lint with ruff	2026-05-09T14:55:41.0871722Z    |     ^^^^^^
lint-and-security	Lint with ruff	2026-05-09T14:55:41.0871789Z 61 |
lint-and-security	Lint with ruff	2026-05-09T14:55:41.0871874Z 62 | @pytest.mark.asyncio
lint-and-security	Lint with ruff	2026-05-09T14:55:41.0871934Z    |
lint-and-security	Lint with ruff	2026-05-09T14:55:41.0871938Z 
lint-and-security	Lint with ruff	2026-05-09T14:55:41.0872014Z E501 Line too long (94 > 88)
lint-and-security	Lint with ruff	2026-05-09T14:55:41.0872104Z   --> tests/test_server_helpers.py:64:89
lint-and-security	Lint with ruff	2026-05-09T14:55:41.0872170Z    |
lint-and-security	Lint with ruff	2026-05-09T14:55:41.0872249Z 62 | @pytest.mark.asyncio
lint-and-security	Lint with ruff	2026-05-09T14:55:41.0872396Z 63 | async def test_create_output_dir(tmp_path, monkeypatch):
lint-and-security	Lint with ruff	2026-05-09T14:55:41.0872648Z 64 |     """Test that _create_output_dir creates a unique directory and returns its ID and path."""
lint-and-security	Lint with ruff	2026-05-09T14:55:41.0872771Z    |                                                                                         ^^^^^^
lint-and-security	Lint with ruff	2026-05-09T14:55:41.0872904Z 65 |     # Setup: Redirect OUTPUT_DIR to a temporary directory
lint-and-security	Lint with ruff	2026-05-09T14:55:41.0873081Z 66 |     monkeypatch.setattr(docling_lib.server, "OUTPUT_DIR", tmp_path)
lint-and-security	Lint with ruff	2026-05-09T14:55:41.0873141Z    |
lint-and-security	Lint with ruff	2026-05-09T14:55:41.0873146Z 
lint-and-security	Lint with ruff	2026-05-09T14:55:41.0873222Z S101 Use of `assert` detected
lint-and-security	Lint with ruff	2026-05-09T14:55:41.0873401Z   --> tests/test_server_helpers.py:72:5
lint-and-security	Lint with ruff	2026-05-09T14:55:41.0873466Z    |
lint-and-security	Lint with ruff	2026-05-09T14:55:41.0873529Z 71 |     # Assert
lint-and-security	Lint with ruff	2026-05-09T14:55:41.0873620Z 72 |     assert isinstance(request_id, str)
lint-and-security	Lint with ruff	2026-05-09T14:55:41.0873686Z    |     ^^^^^^
lint-and-security	Lint with ruff	2026-05-09T14:55:41.0873789Z 73 |     assert len(request_id) == 16  # 8 bytes hex
lint-and-security	Lint with ruff	2026-05-09T14:55:41.0873915Z 74 |     assert request_output_dir == tmp_path / request_id
lint-and-security	Lint with ruff	2026-05-09T14:55:41.0873978Z    |
lint-and-security	Lint with ruff	2026-05-09T14:55:41.0873982Z 
lint-and-security	Lint with ruff	2026-05-09T14:55:41.0874056Z S101 Use of `assert` detected
lint-and-security	Lint with ruff	2026-05-09T14:55:41.0874140Z   --> tests/test_server_helpers.py:73:5
lint-and-security	Lint with ruff	2026-05-09T14:55:41.0874199Z    |
lint-and-security	Lint with ruff	2026-05-09T14:55:41.0874271Z 71 |     # Assert
lint-and-security	Lint with ruff	2026-05-09T14:55:41.0874362Z 72 |     assert isinstance(request_id, str)
lint-and-security	Lint with ruff	2026-05-09T14:55:41.0874462Z 73 |     assert len(request_id) == 16  # 8 bytes hex
lint-and-security	Lint with ruff	2026-05-09T14:55:41.0874531Z    |     ^^^^^^
lint-and-security	Lint with ruff	2026-05-09T14:55:41.0874647Z 74 |     assert request_output_dir == tmp_path / request_id
lint-and-security	Lint with ruff	2026-05-09T14:55:41.0874740Z 75 |     assert request_output_dir.exists()
lint-and-security	Lint with ruff	2026-05-09T14:55:41.0874800Z    |
lint-and-security	Lint with ruff	2026-05-09T14:55:41.0874812Z 
lint-and-security	Lint with ruff	2026-05-09T14:55:41.0874886Z S101 Use of `assert` detected
lint-and-security	Lint with ruff	2026-05-09T14:55:41.0874971Z   --> tests/test_server_helpers.py:74:5
lint-and-security	Lint with ruff	2026-05-09T14:55:41.0875031Z    |
lint-and-security	Lint with ruff	2026-05-09T14:55:41.0875123Z 72 |     assert isinstance(request_id, str)
lint-and-security	Lint with ruff	2026-05-09T14:55:41.0875224Z 73 |     assert len(request_id) == 16  # 8 bytes hex
lint-and-security	Lint with ruff	2026-05-09T14:55:41.0875455Z 74 |     assert request_output_dir == tmp_path / request_id
lint-and-security	Lint with ruff	2026-05-09T14:55:41.0875526Z    |     ^^^^^^
lint-and-security	Lint with ruff	2026-05-09T14:55:41.0875614Z 75 |     assert request_output_dir.exists()
lint-and-security	Lint with ruff	2026-05-09T14:55:41.0875701Z 76 |     assert request_output_dir.is_dir()
lint-and-security	Lint with ruff	2026-05-09T14:55:41.0875763Z    |
lint-and-security	Lint with ruff	2026-05-09T14:55:41.0875768Z 
lint-and-security	Lint with ruff	2026-05-09T14:55:41.0875849Z S101 Use of `assert` detected
lint-and-security	Lint with ruff	2026-05-09T14:55:41.0875942Z   --> tests/test_server_helpers.py:75:5
lint-and-security	Lint with ruff	2026-05-09T14:55:41.0876002Z    |
lint-and-security	Lint with ruff	2026-05-09T14:55:41.0876106Z 73 |     assert len(request_id) == 16  # 8 bytes hex
lint-and-security	Lint with ruff	2026-05-09T14:55:41.0876229Z 74 |     assert request_output_dir == tmp_path / request_id
lint-and-security	Lint with ruff	2026-05-09T14:55:41.0876317Z 75 |     assert request_output_dir.exists()
lint-and-security	Lint with ruff	2026-05-09T14:55:41.0876383Z    |     ^^^^^^
lint-and-security	Lint with ruff	2026-05-09T14:55:41.0876470Z 76 |     assert request_output_dir.is_dir()
lint-and-security	Lint with ruff	2026-05-09T14:55:41.0876532Z    |
lint-and-security	Lint with ruff	2026-05-09T14:55:41.0876537Z 
lint-and-security	Lint with ruff	2026-05-09T14:55:41.0876735Z S101 Use of `assert` detected
lint-and-security	Lint with ruff	2026-05-09T14:55:41.0876825Z   --> tests/test_server_helpers.py:76:5
lint-and-security	Lint with ruff	2026-05-09T14:55:41.0876886Z    |
lint-and-security	Lint with ruff	2026-05-09T14:55:41.0876998Z 74 |     assert request_output_dir == tmp_path / request_id
lint-and-security	Lint with ruff	2026-05-09T14:55:41.0877090Z 75 |     assert request_output_dir.exists()
lint-and-security	Lint with ruff	2026-05-09T14:55:41.0877175Z 76 |     assert request_output_dir.is_dir()
lint-and-security	Lint with ruff	2026-05-09T14:55:41.0877238Z    |     ^^^^^^
lint-and-security	Lint with ruff	2026-05-09T14:55:41.0877298Z    |
lint-and-security	Lint with ruff	2026-05-09T14:55:41.0877308Z 
lint-and-security	Lint with ruff	2026-05-09T14:55:41.0877383Z S101 Use of `assert` detected
lint-and-security	Lint with ruff	2026-05-09T14:55:41.0877484Z   --> tests/test_table_serialization.py:40:5
lint-and-security	Lint with ruff	2026-05-09T14:55:41.0877716Z    |
lint-and-security	Lint with ruff	2026-05-09T14:55:41.0877850Z 39 |     # Assert
lint-and-security	Lint with ruff	2026-05-09T14:55:41.0878032Z 40 |     assert "<table><tr><td>cell</td></tr></table>" in result.text
lint-and-security	Lint with ruff	2026-05-09T14:55:41.0878126Z    |     ^^^^^^
lint-and-security	Lint with ruff	2026-05-09T14:55:41.0878354Z 41 |     mock_item.export_to_html.assert_called_once_with(doc=mock_doc)
lint-and-security	Lint with ruff	2026-05-09T14:55:41.0878474Z 42 |     assert len(result.spans) == 1
lint-and-security	Lint with ruff	2026-05-09T14:55:41.0878664Z    |
lint-and-security	Lint with ruff	2026-05-09T14:55:41.0878670Z 
lint-and-security	Lint with ruff	2026-05-09T14:55:41.0878795Z S101 Use of `assert` detected
lint-and-security	Lint with ruff	2026-05-09T14:55:41.0878927Z   --> tests/test_table_serialization.py:42:5
lint-and-security	Lint with ruff	2026-05-09T14:55:41.0879092Z    |
lint-and-security	Lint with ruff	2026-05-09T14:55:41.0879266Z 40 |     assert "<table><tr><td>cell</td></tr></table>" in result.text
lint-and-security	Lint with ruff	2026-05-09T14:55:41.0879460Z 41 |     mock_item.export_to_html.assert_called_once_with(doc=mock_doc)
lint-and-security	Lint with ruff	2026-05-09T14:55:41.0879647Z 42 |     assert len(result.spans) == 1
lint-and-security	Lint with ruff	2026-05-09T14:55:41.0879761Z    |     ^^^^^^
lint-and-security	Lint with ruff	2026-05-09T14:55:41.0879923Z 43 |     assert result.spans[0].item.self_ref == "#/tables/1"
lint-and-security	Lint with ruff	2026-05-09T14:55:41.0880145Z    |
lint-and-security	Lint with ruff	2026-05-09T14:55:41.0880151Z 
lint-and-security	Lint with ruff	2026-05-09T14:55:41.0880297Z S101 Use of `assert` detected
lint-and-security	Lint with ruff	2026-05-09T14:55:41.0880426Z   --> tests/test_table_serialization.py:43:5
lint-and-security	Lint with ruff	2026-05-09T14:55:41.0880504Z    |
lint-and-security	Lint with ruff	2026-05-09T14:55:41.0880788Z 41 |     mock_item.export_to_html.assert_called_once_with(doc=mock_doc)
lint-and-security	Lint with ruff	2026-05-09T14:55:41.0880904Z 42 |     assert len(result.spans) == 1
lint-and-security	Lint with ruff	2026-05-09T14:55:41.0881100Z 43 |     assert result.spans[0].item.self_ref == "#/tables/1"
lint-and-security	Lint with ruff	2026-05-09T14:55:41.0881230Z    |     ^^^^^^
lint-and-security	Lint with ruff	2026-05-09T14:55:41.0881322Z 44 |
lint-and-security	Lint with ruff	2026-05-09T14:55:41.0881469Z 45 | def test_html_table_serialization_fallback(caplog):
lint-and-security	Lint with ruff	2026-05-09T14:55:41.0881605Z    |
lint-and-security	Lint with ruff	2026-05-09T14:55:41.0881611Z 
lint-and-security	Lint with ruff	2026-05-09T14:55:41.0881771Z E501 Line too long (114 > 88)
lint-and-security	Lint with ruff	2026-05-09T14:55:41.0881907Z   --> tests/test_table_serialization.py:65:89
lint-and-security	Lint with ruff	2026-05-09T14:55:41.0881999Z    |
lint-and-security	Lint with ruff	2026-05-09T14:55:41.0882200Z 63 |     fallback_result.text = "| col1 |\n| --- |\n| val1 |"
lint-and-security	Lint with ruff	2026-05-09T14:55:41.0882278Z 64 |
lint-and-security	Lint with ruff	2026-05-09T14:55:41.0882689Z 65 |     with patch.object(MarkdownTableSerializer, 'serialize', return_value=fallback_result) as mock_super_serialize:
lint-and-security	Lint with ruff	2026-05-09T14:55:41.0882954Z    |                                                                                         ^^^^^^^^^^^^^^^^^^^^^^^^^^
lint-and-security	Lint with ruff	2026-05-09T14:55:41.0883053Z 66 |         # Act
lint-and-security	Lint with ruff	2026-05-09T14:55:41.0883179Z 67 |         result = serializer.serialize(
lint-and-security	Lint with ruff	2026-05-09T14:55:41.0883279Z    |
lint-and-security	Lint with ruff	2026-05-09T14:55:41.0883286Z 
lint-and-security	Lint with ruff	2026-05-09T14:55:41.0891283Z S101 Use of `assert` detected
lint-and-security	Lint with ruff	2026-05-09T14:55:41.0891439Z   --> tests/test_table_serialization.py:74:9
lint-and-security	Lint with ruff	2026-05-09T14:55:41.0891504Z    |
lint-and-security	Lint with ruff	2026-05-09T14:55:41.0891575Z 73 |         # Assert
lint-and-security	Lint with ruff	2026-05-09T14:55:41.0891686Z 74 |         assert result == fallback_result
lint-and-security	Lint with ruff	2026-05-09T14:55:41.0891750Z    |         ^^^^^^
lint-and-security	Lint with ruff	2026-05-09T14:55:41.0892006Z 75 |         assert "Failed to export table as HTML, falling back: HTML Export Failed" in caplog.text
lint-and-security	Lint with ruff	2026-05-09T14:55:41.0892138Z 76 |         mock_super_serialize.assert_called_once_with(
lint-and-security	Lint with ruff	2026-05-09T14:55:41.0892207Z    |
lint-and-security	Lint with ruff	2026-05-09T14:55:41.0892213Z 
lint-and-security	Lint with ruff	2026-05-09T14:55:41.0892294Z S101 Use of `assert` detected
lint-and-security	Lint with ruff	2026-05-09T14:55:41.0892409Z   --> tests/test_table_serialization.py:75:9
lint-and-security	Lint with ruff	2026-05-09T14:55:41.0892470Z    |
lint-and-security	Lint with ruff	2026-05-09T14:55:41.0892538Z 73 |         # Assert
lint-and-security	Lint with ruff	2026-05-09T14:55:41.0892631Z 74 |         assert result == fallback_result
lint-and-security	Lint with ruff	2026-05-09T14:55:41.0893060Z 75 |         assert "Failed to export table as HTML, falling back: HTML Export Failed" in caplog.text
lint-and-security	Lint with ruff	2026-05-09T14:55:41.0893125Z    |         ^^^^^^
lint-and-security	Lint with ruff	2026-05-09T14:55:41.0893247Z 76 |         mock_super_serialize.assert_called_once_with(
lint-and-security	Lint with ruff	2026-05-09T14:55:41.0893429Z 77 |             item=mock_item, doc_serializer=mock_doc_serializer, doc=mock_doc
lint-and-security	Lint with ruff	2026-05-09T14:55:41.0893489Z    |
lint-and-security	Lint with ruff	2026-05-09T14:55:41.0893494Z 
lint-and-security	Lint with ruff	2026-05-09T14:55:41.0893573Z E501 Line too long (96 > 88)
lint-and-security	Lint with ruff	2026-05-09T14:55:41.0893680Z   --> tests/test_table_serialization.py:75:89
lint-and-security	Lint with ruff	2026-05-09T14:55:41.0893738Z    |
lint-and-security	Lint with ruff	2026-05-09T14:55:41.0893804Z 73 |         # Assert
lint-and-security	Lint with ruff	2026-05-09T14:55:41.0893899Z 74 |         assert result == fallback_result
lint-and-security	Lint with ruff	2026-05-09T14:55:41.0894135Z 75 |         assert "Failed to export table as HTML, falling back: HTML Export Failed" in caplog.text
lint-and-security	Lint with ruff	2026-05-09T14:55:41.0894258Z    |                                                                                         ^^^^^^^^
lint-and-security	Lint with ruff	2026-05-09T14:55:41.0894373Z 76 |         mock_super_serialize.assert_called_once_with(
lint-and-security	Lint with ruff	2026-05-09T14:55:41.0894546Z 77 |             item=mock_item, doc_serializer=mock_doc_serializer, doc=mock_doc
lint-and-security	Lint with ruff	2026-05-09T14:55:41.0894606Z    |
lint-and-security	Lint with ruff	2026-05-09T14:55:41.0894611Z 
lint-and-security	Lint with ruff	2026-05-09T14:55:41.0894691Z S101 Use of `assert` detected
lint-and-security	Lint with ruff	2026-05-09T14:55:41.0894801Z    --> tests/test_table_serialization.py:113:5
lint-and-security	Lint with ruff	2026-05-09T14:55:41.0894860Z     |
lint-and-security	Lint with ruff	2026-05-09T14:55:41.0894925Z 112 |     # Assert
lint-and-security	Lint with ruff	2026-05-09T14:55:41.0895031Z 113 |     assert "Table 1: My Table" in result.text
lint-and-security	Lint with ruff	2026-05-09T14:55:41.0895099Z     |     ^^^^^^
lint-and-security	Lint with ruff	2026-05-09T14:55:41.0895234Z 114 |     assert "<table>Table Content</table>" in result.text
lint-and-security	Lint with ruff	2026-05-09T14:55:41.0895738Z 115 |     assert result.text == "Table 1: My Table\n\n<table>Table Content</table>"
lint-and-security	Lint with ruff	2026-05-09T14:55:41.0895806Z     |
lint-and-security	Lint with ruff	2026-05-09T14:55:41.0895811Z 
lint-and-security	Lint with ruff	2026-05-09T14:55:41.0895888Z S101 Use of `assert` detected
lint-and-security	Lint with ruff	2026-05-09T14:55:41.0895993Z    --> tests/test_table_serialization.py:114:5
lint-and-security	Lint with ruff	2026-05-09T14:55:41.0896061Z     |
lint-and-security	Lint with ruff	2026-05-09T14:55:41.0896131Z 112 |     # Assert
lint-and-security	Lint with ruff	2026-05-09T14:55:41.0896231Z 113 |     assert "Table 1: My Table" in result.text
lint-and-security	Lint with ruff	2026-05-09T14:55:41.0896357Z 114 |     assert "<table>Table Content</table>" in result.text
lint-and-security	Lint with ruff	2026-05-09T14:55:41.0896424Z     |     ^^^^^^
lint-and-security	Lint with ruff	2026-05-09T14:55:41.0896599Z 115 |     assert result.text == "Table 1: My Table\n\n<table>Table Content</table>"
lint-and-security	Lint with ruff	2026-05-09T14:55:41.0896724Z 116 |     # Verify both caption and table spans are present
lint-and-security	Lint with ruff	2026-05-09T14:55:41.0896789Z     |
lint-and-security	Lint with ruff	2026-05-09T14:55:41.0896794Z 
lint-and-security	Lint with ruff	2026-05-09T14:55:41.0896868Z S101 Use of `assert` detected
lint-and-security	Lint with ruff	2026-05-09T14:55:41.0896967Z    --> tests/test_table_serialization.py:115:5
lint-and-security	Lint with ruff	2026-05-09T14:55:41.0897038Z     |
lint-and-security	Lint with ruff	2026-05-09T14:55:41.0897137Z 113 |     assert "Table 1: My Table" in result.text
lint-and-security	Lint with ruff	2026-05-09T14:55:41.0897260Z 114 |     assert "<table>Table Content</table>" in result.text
lint-and-security	Lint with ruff	2026-05-09T14:55:41.0897432Z 115 |     assert result.text == "Table 1: My Table\n\n<table>Table Content</table>"
lint-and-security	Lint with ruff	2026-05-09T14:55:41.0897498Z     |     ^^^^^^
lint-and-security	Lint with ruff	2026-05-09T14:55:41.0897622Z 116 |     # Verify both caption and table spans are present
lint-and-security	Lint with ruff	2026-05-09T14:55:41.0897709Z 117 |     assert len(result.spans) == 2
lint-and-security	Lint with ruff	2026-05-09T14:55:41.0897774Z     |
lint-and-security	Lint with ruff	2026-05-09T14:55:41.0897780Z 
lint-and-security	Lint with ruff	2026-05-09T14:55:41.0897855Z S101 Use of `assert` detected
lint-and-security	Lint with ruff	2026-05-09T14:55:41.0897953Z    --> tests/test_table_serialization.py:117:5
lint-and-security	Lint with ruff	2026-05-09T14:55:41.0898018Z     |
lint-and-security	Lint with ruff	2026-05-09T14:55:41.0898193Z 115 |     assert result.text == "Table 1: My Table\n\n<table>Table Content</table>"
lint-and-security	Lint with ruff	2026-05-09T14:55:41.0898309Z 116 |     # Verify both caption and table spans are present
lint-and-security	Lint with ruff	2026-05-09T14:55:41.0898392Z 117 |     assert len(result.spans) == 2
lint-and-security	Lint with ruff	2026-05-09T14:55:41.0898460Z     |     ^^^^^^
lint-and-security	Lint with ruff	2026-05-09T14:55:41.0898639Z 118 |     assert any(span.item.self_ref == "#/texts/2" for span in result.spans)
lint-and-security	Lint with ruff	2026-05-09T14:55:41.0898815Z 119 |     assert any(span.item.self_ref == "#/tables/1" for span in result.spans)
lint-and-security	Lint with ruff	2026-05-09T14:55:41.0898880Z     |
lint-and-security	Lint with ruff	2026-05-09T14:55:41.0898885Z 
lint-and-security	Lint with ruff	2026-05-09T14:55:41.0898960Z S101 Use of `assert` detected
lint-and-security	Lint with ruff	2026-05-09T14:55:41.0899180Z    --> tests/test_table_serialization.py:118:5
lint-and-security	Lint with ruff	2026-05-09T14:55:41.0899245Z     |
lint-and-security	Lint with ruff	2026-05-09T14:55:41.0899363Z 116 |     # Verify both caption and table spans are present
lint-and-security	Lint with ruff	2026-05-09T14:55:41.0899447Z 117 |     assert len(result.spans) == 2
lint-and-security	Lint with ruff	2026-05-09T14:55:41.0899617Z 118 |     assert any(span.item.self_ref == "#/texts/2" for span in result.spans)
lint-and-security	Lint with ruff	2026-05-09T14:55:41.0899684Z     |     ^^^^^^
lint-and-security	Lint with ruff	2026-05-09T14:55:41.0899851Z 119 |     assert any(span.item.self_ref == "#/tables/1" for span in result.spans)
lint-and-security	Lint with ruff	2026-05-09T14:55:41.0899911Z     |
lint-and-security	Lint with ruff	2026-05-09T14:55:41.0899916Z 
lint-and-security	Lint with ruff	2026-05-09T14:55:41.0899996Z S101 Use of `assert` detected
lint-and-security	Lint with ruff	2026-05-09T14:55:41.0900097Z    --> tests/test_table_serialization.py:119:5
lint-and-security	Lint with ruff	2026-05-09T14:55:41.0900158Z     |
lint-and-security	Lint with ruff	2026-05-09T14:55:41.0900245Z 117 |     assert len(result.spans) == 2
lint-and-security	Lint with ruff	2026-05-09T14:55:41.0900411Z 118 |     assert any(span.item.self_ref == "#/texts/2" for span in result.spans)
lint-and-security	Lint with ruff	2026-05-09T14:55:41.0900577Z 119 |     assert any(span.item.self_ref == "#/tables/1" for span in result.spans)
lint-and-security	Lint with ruff	2026-05-09T14:55:41.0900644Z     |     ^^^^^^
lint-and-security	Lint with ruff	2026-05-09T14:55:41.0900709Z     |
lint-and-security	Lint with ruff	2026-05-09T14:55:41.0900713Z 
lint-and-security	Lint with ruff	2026-05-09T14:55:41.0900787Z S101 Use of `assert` detected
lint-and-security	Lint with ruff	2026-05-09T14:55:41.0900873Z   --> tests/test_utils.py:20:5
lint-and-security	Lint with ruff	2026-05-09T14:55:41.0900941Z    |
lint-and-security	Lint with ruff	2026-05-09T14:55:41.0901000Z 18 | )
lint-and-security	Lint with ruff	2026-05-09T14:55:41.0901159Z 19 | def test_sanitize_log_message(input_message, expected_output):
lint-and-security	Lint with ruff	2026-05-09T14:55:41.0901321Z 20 |     assert sanitize_log_message(input_message) == expected_output
lint-and-security	Lint with ruff	2026-05-09T14:55:41.0901383Z    |     ^^^^^^
lint-and-security	Lint with ruff	2026-05-09T14:55:41.0901449Z    |
lint-and-security	Lint with ruff	2026-05-09T14:55:41.0901723Z 
lint-and-security	Lint with ruff	2026-05-09T14:55:41.0901812Z S101 Use of `assert` detected
lint-and-security	Lint with ruff	2026-05-09T14:55:41.0901911Z   --> tests/test_vulnerability.py:32:5
lint-and-security	Lint with ruff	2026-05-09T14:55:41.0901972Z    |
lint-and-security	Lint with ruff	2026-05-09T14:55:41.0902083Z 30 |     result = process_pdf(pdf_path, outside_dir)
lint-and-security	Lint with ruff	2026-05-09T14:55:41.0902150Z 31 |
lint-and-security	Lint with ruff	2026-05-09T14:55:41.0902225Z 32 |     assert result is None
lint-and-security	Lint with ruff	2026-05-09T14:55:41.0902293Z    |     ^^^^^^
lint-and-security	Lint with ruff	2026-05-09T14:55:41.0902382Z 33 |     # Converter should NOT be called
lint-and-security	Lint with ruff	2026-05-09T14:55:41.0902566Z 34 |     assert MockDocumentConverter.return_value.convert.call_count == 0
lint-and-security	Lint with ruff	2026-05-09T14:55:41.0902626Z    |
lint-and-security	Lint with ruff	2026-05-09T14:55:41.0902631Z 
lint-and-security	Lint with ruff	2026-05-09T14:55:41.0902704Z S101 Use of `assert` detected
lint-and-security	Lint with ruff	2026-05-09T14:55:41.0902798Z   --> tests/test_vulnerability.py:34:5
lint-and-security	Lint with ruff	2026-05-09T14:55:41.0902858Z    |
lint-and-security	Lint with ruff	2026-05-09T14:55:41.0902932Z 32 |     assert result is None
lint-and-security	Lint with ruff	2026-05-09T14:55:41.0903024Z 33 |     # Converter should NOT be called
lint-and-security	Lint with ruff	2026-05-09T14:55:41.0903195Z 34 |     assert MockDocumentConverter.return_value.convert.call_count == 0
lint-and-security	Lint with ruff	2026-05-09T14:55:41.0903263Z    |     ^^^^^^
lint-and-security	Lint with ruff	2026-05-09T14:55:41.0903321Z 35 |
lint-and-security	Lint with ruff	2026-05-09T14:55:41.0903454Z 36 | @patch('docling_lib.converter.DocumentConverter')
lint-and-security	Lint with ruff	2026-05-09T14:55:41.0903513Z    |
lint-and-security	Lint with ruff	2026-05-09T14:55:41.0903518Z 
lint-and-security	Lint with ruff	2026-05-09T14:55:41.0903590Z S101 Use of `assert` detected
lint-and-security	Lint with ruff	2026-05-09T14:55:41.0903681Z   --> tests/test_vulnerability.py:50:5
lint-and-security	Lint with ruff	2026-05-09T14:55:41.0903745Z    |
lint-and-security	Lint with ruff	2026-05-09T14:55:41.0903895Z 48 |     result = process_pdf(non_existent_file, tmp_path / "output")
lint-and-security	Lint with ruff	2026-05-09T14:55:41.0903959Z 49 |
lint-and-security	Lint with ruff	2026-05-09T14:55:41.0904032Z 50 |     assert result is None
lint-and-security	Lint with ruff	2026-05-09T14:55:41.0904093Z    |     ^^^^^^
lint-and-security	Lint with ruff	2026-05-09T14:55:41.0904262Z 51 |     assert MockDocumentConverter.return_value.convert.call_count == 0
lint-and-security	Lint with ruff	2026-05-09T14:55:41.0904325Z    |
lint-and-security	Lint with ruff	2026-05-09T14:55:41.0904330Z 
lint-and-security	Lint with ruff	2026-05-09T14:55:41.0904402Z S101 Use of `assert` detected
lint-and-security	Lint with ruff	2026-05-09T14:55:41.0904487Z   --> tests/test_vulnerability.py:51:5
lint-and-security	Lint with ruff	2026-05-09T14:55:41.0904552Z    |
lint-and-security	Lint with ruff	2026-05-09T14:55:41.0904626Z 50 |     assert result is None
lint-and-security	Lint with ruff	2026-05-09T14:55:41.0904797Z 51 |     assert MockDocumentConverter.return_value.convert.call_count == 0
lint-and-security	Lint with ruff	2026-05-09T14:55:41.0904858Z    |     ^^^^^^
lint-and-security	Lint with ruff	2026-05-09T14:55:41.0904923Z    |
lint-and-security	Lint with ruff	2026-05-09T14:55:41.0904928Z 
lint-and-security	Lint with ruff	2026-05-09T14:55:41.0905083Z S110 `try`-`except`-`pass` detected, consider logging the exception
lint-and-security	Lint with ruff	2026-05-09T14:55:41.0905179Z   --> tests/verify_log_injection_fix.py:25:5
lint-and-security	Lint with ruff	2026-05-09T14:55:41.0905472Z    |
lint-and-security	Lint with ruff	2026-05-09T14:55:41.0905539Z 23 |       try:
lint-and-security	Lint with ruff	2026-05-09T14:55:41.0905633Z 24 |           await convert_file(mock_file)
lint-and-security	Lint with ruff	2026-05-09T14:55:41.0905718Z 25 | /     except Exception:
lint-and-security	Lint with ruff	2026-05-09T14:55:41.0905784Z 26 | |         pass
lint-and-security	Lint with ruff	2026-05-09T14:55:41.0905847Z    | |____________^
lint-and-security	Lint with ruff	2026-05-09T14:55:41.0905906Z 27 |
lint-and-security	Lint with ruff	2026-05-09T14:55:41.0905982Z 28 |       found_log = False
lint-and-security	Lint with ruff	2026-05-09T14:55:41.0906041Z    |
lint-and-security	Lint with ruff	2026-05-09T14:55:41.0906046Z 
lint-and-security	Lint with ruff	2026-05-09T14:55:41.0906122Z S101 Use of `assert` detected
lint-and-security	Lint with ruff	2026-05-09T14:55:41.0906231Z   --> tests/verify_log_injection_fix.py:32:13
lint-and-security	Lint with ruff	2026-05-09T14:55:41.0906290Z    |
lint-and-security	Lint with ruff	2026-05-09T14:55:41.0906501Z 30 |         if "Processing file:" in record.message and "[INJECTED]" in record.message:
lint-and-security	Lint with ruff	2026-05-09T14:55:41.0906579Z 31 |             found_log = True
lint-and-security	Lint with ruff	2026-05-09T14:55:41.0906855Z 32 |             assert "\n" not in record.message, "Vulnerability still present: newline found in log message"
lint-and-security	Lint with ruff	2026-05-09T14:55:41.0906923Z    |             ^^^^^^
lint-and-security	Lint with ruff	2026-05-09T14:55:41.0907231Z 33 |             assert "malicious [INJECTED] forged log entry.pdf" in record.message, "Filename not correctly sanitized"
lint-and-security	Lint with ruff	2026-05-09T14:55:41.0907409Z 34 |             print(f"Verified! Log message is sanitized:\n{record.message}")
lint-and-security	Lint with ruff	2026-05-09T14:55:41.0907469Z    |
lint-and-security	Lint with ruff	2026-05-09T14:55:41.0907474Z 
lint-and-security	Lint with ruff	2026-05-09T14:55:41.0907546Z E501 Line too long (106 > 88)
lint-and-security	Lint with ruff	2026-05-09T14:55:41.0907649Z   --> tests/verify_log_injection_fix.py:32:89
lint-and-security	Lint with ruff	2026-05-09T14:55:41.0907710Z    |
lint-and-security	Lint with ruff	2026-05-09T14:55:41.0907905Z 30 |         if "Processing file:" in record.message and "[INJECTED]" in record.message:
lint-and-security	Lint with ruff	2026-05-09T14:55:41.0907985Z 31 |             found_log = True
lint-and-security	Lint with ruff	2026-05-09T14:55:41.0908370Z 32 |             assert "\n" not in record.message, "Vulnerability still present: newline found in log message"
lint-and-security	Lint with ruff	2026-05-09T14:55:41.0908506Z    |                                                                                         ^^^^^^^^^^^^^^^^^^
lint-and-security	Lint with ruff	2026-05-09T14:55:41.0908797Z 33 |             assert "malicious [INJECTED] forged log entry.pdf" in record.message, "Filename not correctly sanitized"
lint-and-security	Lint with ruff	2026-05-09T14:55:41.0908971Z 34 |             print(f"Verified! Log message is sanitized:\n{record.message}")
lint-and-security	Lint with ruff	2026-05-09T14:55:41.0909031Z    |
lint-and-security	Lint with ruff	2026-05-09T14:55:41.0909036Z 
lint-and-security	Lint with ruff	2026-05-09T14:55:41.0909110Z S101 Use of `assert` detected
lint-and-security	Lint with ruff	2026-05-09T14:55:41.0909210Z   --> tests/verify_log_injection_fix.py:33:13
lint-and-security	Lint with ruff	2026-05-09T14:55:41.0909269Z    |
lint-and-security	Lint with ruff	2026-05-09T14:55:41.0909341Z 31 |             found_log = True
lint-and-security	Lint with ruff	2026-05-09T14:55:41.0909597Z 32 |             assert "\n" not in record.message, "Vulnerability still present: newline found in log message"
lint-and-security	Lint with ruff	2026-05-09T14:55:41.0909883Z 33 |             assert "malicious [INJECTED] forged log entry.pdf" in record.message, "Filename not correctly sanitized"
lint-and-security	Lint with ruff	2026-05-09T14:55:41.0909955Z    |             ^^^^^^
lint-and-security	Lint with ruff	2026-05-09T14:55:41.0910116Z 34 |             print(f"Verified! Log message is sanitized:\n{record.message}")
lint-and-security	Lint with ruff	2026-05-09T14:55:41.0910183Z 35 |             break
lint-and-security	Lint with ruff	2026-05-09T14:55:41.0910243Z    |
lint-and-security	Lint with ruff	2026-05-09T14:55:41.0910253Z 
lint-and-security	Lint with ruff	2026-05-09T14:55:41.0910329Z E501 Line too long (116 > 88)
lint-and-security	Lint with ruff	2026-05-09T14:55:41.0910428Z   --> tests/verify_log_injection_fix.py:33:89
lint-and-security	Lint with ruff	2026-05-09T14:55:41.0910487Z    |
lint-and-security	Lint with ruff	2026-05-09T14:55:41.0910559Z 31 |             found_log = True
lint-and-security	Lint with ruff	2026-05-09T14:55:41.0910812Z 32 |             assert "\n" not in record.message, "Vulnerability still present: newline found in log message"
lint-and-security	Lint with ruff	2026-05-09T14:55:41.0911097Z 33 |             assert "malicious [INJECTED] forged log entry.pdf" in record.message, "Filename not correctly sanitized"
lint-and-security	Lint with ruff	2026-05-09T14:55:41.0911242Z    |                                                                                         ^^^^^^^^^^^^^^^^^^^^^^^^^^^^
lint-and-security	Lint with ruff	2026-05-09T14:55:41.0911407Z 34 |             print(f"Verified! Log message is sanitized:\n{record.message}")
lint-and-security	Lint with ruff	2026-05-09T14:55:41.0911473Z 35 |             break
lint-and-security	Lint with ruff	2026-05-09T14:55:41.0911532Z    |
lint-and-security	Lint with ruff	2026-05-09T14:55:41.0911537Z 
lint-and-security	Lint with ruff	2026-05-09T14:55:41.0911616Z S101 Use of `assert` detected
lint-and-security	Lint with ruff	2026-05-09T14:55:41.0911709Z   --> tests/verify_log_injection_fix.py:37:5
lint-and-security	Lint with ruff	2026-05-09T14:55:41.0911884Z    |
lint-and-security	Lint with ruff	2026-05-09T14:55:41.0911949Z 35 |             break
lint-and-security	Lint with ruff	2026-05-09T14:55:41.0912014Z 36 |
lint-and-security	Lint with ruff	2026-05-09T14:55:41.0912131Z 37 |     assert found_log, "Target log message not found"
lint-and-security	Lint with ruff	2026-05-09T14:55:41.0912196Z    |     ^^^^^^
lint-and-security	Lint with ruff	2026-05-09T14:55:41.0912261Z 38 |
lint-and-security	Lint with ruff	2026-05-09T14:55:41.0912337Z 39 | if __name__ == "__main__":
lint-and-security	Lint with ruff	2026-05-09T14:55:41.0912396Z    |
lint-and-security	Lint with ruff	2026-05-09T14:55:41.0912400Z 
lint-and-security	Lint with ruff	2026-05-09T14:55:41.0912465Z Found 185 errors.
lint-and-security	Lint with ruff	2026-05-09T14:55:41.0921824Z ##[error]Process completed with exit code 1.
lint-and-security	Post Run actions/checkout@v6	﻿2026-05-09T14:55:41.1044426Z Post job cleanup.
lint-and-security	Post Run actions/checkout@v6	2026-05-09T14:55:41.1853515Z [command]/usr/bin/git version
lint-and-security	Post Run actions/checkout@v6	2026-05-09T14:55:41.1889643Z git version 2.53.0
lint-and-security	Post Run actions/checkout@v6	2026-05-09T14:55:41.1930546Z Temporarily overriding HOME='/home/runner/work/_temp/05c020f8-58a2-438f-8d79-ca2205380374' before making global git config changes
lint-and-security	Post Run actions/checkout@v6	2026-05-09T14:55:41.1931909Z Adding repository directory to the temporary git global config as a safe directory
lint-and-security	Post Run actions/checkout@v6	2026-05-09T14:55:41.1937397Z [command]/usr/bin/git config --global --add safe.directory /home/runner/work/docling-markdown-generator/docling-markdown-generator
lint-and-security	Post Run actions/checkout@v6	2026-05-09T14:55:41.1967900Z Removing SSH command configuration
lint-and-security	Post Run actions/checkout@v6	2026-05-09T14:55:41.1973965Z [command]/usr/bin/git config --local --name-only --get-regexp core\.sshCommand
lint-and-security	Post Run actions/checkout@v6	2026-05-09T14:55:41.2007172Z [command]/usr/bin/git submodule foreach --recursive sh -c "git config --local --name-only --get-regexp 'core\.sshCommand' && git config --local --unset-all 'core.sshCommand' || :"
lint-and-security	Post Run actions/checkout@v6	2026-05-09T14:55:41.2227424Z Removing HTTP extra header
lint-and-security	Post Run actions/checkout@v6	2026-05-09T14:55:41.2231637Z [command]/usr/bin/git config --local --name-only --get-regexp http\.https\:\/\/github\.com\/\.extraheader
lint-and-security	Post Run actions/checkout@v6	2026-05-09T14:55:41.2261986Z [command]/usr/bin/git submodule foreach --recursive sh -c "git config --local --name-only --get-regexp 'http\.https\:\/\/github\.com\/\.extraheader' && git config --local --unset-all 'http.https://github.com/.extraheader' || :"
lint-and-security	Post Run actions/checkout@v6	2026-05-09T14:55:41.2476624Z Removing includeIf entries pointing to credentials config files
lint-and-security	Post Run actions/checkout@v6	2026-05-09T14:55:41.2482701Z [command]/usr/bin/git config --local --name-only --get-regexp ^includeIf\.gitdir:
lint-and-security	Post Run actions/checkout@v6	2026-05-09T14:55:41.2506529Z includeif.gitdir:/home/runner/work/docling-markdown-generator/docling-markdown-generator/.git.path
lint-and-security	Post Run actions/checkout@v6	2026-05-09T14:55:41.2507909Z includeif.gitdir:/home/runner/work/docling-markdown-generator/docling-markdown-generator/.git/worktrees/*.path
lint-and-security	Post Run actions/checkout@v6	2026-05-09T14:55:41.2508973Z includeif.gitdir:/github/workspace/.git.path
lint-and-security	Post Run actions/checkout@v6	2026-05-09T14:55:41.2509617Z includeif.gitdir:/github/workspace/.git/worktrees/*.path
lint-and-security	Post Run actions/checkout@v6	2026-05-09T14:55:41.2518215Z [command]/usr/bin/git config --local --get-all includeif.gitdir:/home/runner/work/docling-markdown-generator/docling-markdown-generator/.git.path
lint-and-security	Post Run actions/checkout@v6	2026-05-09T14:55:41.2539075Z /home/runner/work/_temp/git-credentials-50031c10-8560-4637-ab83-aa3c6d6a70a8.config
lint-and-security	Post Run actions/checkout@v6	2026-05-09T14:55:41.2549930Z [command]/usr/bin/git config --local --unset includeif.gitdir:/home/runner/work/docling-markdown-generator/docling-markdown-generator/.git.path /home/runner/work/_temp/git-credentials-50031c10-8560-4637-ab83-aa3c6d6a70a8.config
lint-and-security	Post Run actions/checkout@v6	2026-05-09T14:55:41.2584319Z [command]/usr/bin/git config --local --get-all includeif.gitdir:/home/runner/work/docling-markdown-generator/docling-markdown-generator/.git/worktrees/*.path
lint-and-security	Post Run actions/checkout@v6	2026-05-09T14:55:41.2604824Z /home/runner/work/_temp/git-credentials-50031c10-8560-4637-ab83-aa3c6d6a70a8.config
lint-and-security	Post Run actions/checkout@v6	2026-05-09T14:55:41.2613928Z [command]/usr/bin/git config --local --unset includeif.gitdir:/home/runner/work/docling-markdown-generator/docling-markdown-generator/.git/worktrees/*.path /home/runner/work/_temp/git-credentials-50031c10-8560-4637-ab83-aa3c6d6a70a8.config
lint-and-security	Post Run actions/checkout@v6	2026-05-09T14:55:41.2646943Z [command]/usr/bin/git config --local --get-all includeif.gitdir:/github/workspace/.git.path
lint-and-security	Post Run actions/checkout@v6	2026-05-09T14:55:41.2667630Z /github/runner_temp/git-credentials-50031c10-8560-4637-ab83-aa3c6d6a70a8.config
lint-and-security	Post Run actions/checkout@v6	2026-05-09T14:55:41.2675293Z [command]/usr/bin/git config --local --unset includeif.gitdir:/github/workspace/.git.path /github/runner_temp/git-credentials-50031c10-8560-4637-ab83-aa3c6d6a70a8.config
lint-and-security	Post Run actions/checkout@v6	2026-05-09T14:55:41.2705806Z [command]/usr/bin/git config --local --get-all includeif.gitdir:/github/workspace/.git/worktrees/*.path
lint-and-security	Post Run actions/checkout@v6	2026-05-09T14:55:41.2725234Z /github/runner_temp/git-credentials-50031c10-8560-4637-ab83-aa3c6d6a70a8.config
lint-and-security	Post Run actions/checkout@v6	2026-05-09T14:55:41.2734411Z [command]/usr/bin/git config --local --unset includeif.gitdir:/github/workspace/.git/worktrees/*.path /github/runner_temp/git-credentials-50031c10-8560-4637-ab83-aa3c6d6a70a8.config
lint-and-security	Post Run actions/checkout@v6	2026-05-09T14:55:41.2771013Z [command]/usr/bin/git submodule foreach --recursive git config --local --show-origin --name-only --get-regexp remote.origin.url
lint-and-security	Post Run actions/checkout@v6	2026-05-09T14:55:41.2981726Z Removing credentials config '/home/runner/work/_temp/git-credentials-50031c10-8560-4637-ab83-aa3c6d6a70a8.config'
lint-and-security	Complete job	﻿2026-05-09T14:55:41.3118418Z Cleaning up orphan processes
lint-and-security	Complete job	2026-05-09T14:55:41.3397380Z ##[warning]Node.js 20 actions are deprecated. The following actions are running on Node.js 20 and may not work as expected: actions/setup-python@v5. Actions will be forced to run with Node.js 24 by default starting June 2nd, 2026. Node.js 20 will be removed from the runner on September 16th, 2026. Please check if updated versions of these actions are available that support Node.js 24. To opt into Node.js 24 now, set the FORCE_JAVASCRIPT_ACTIONS_TO_NODE24=true environment variable on the runner or in your workflow file. Once Node.js 24 becomes the default, you can temporarily opt out by setting ACTIONS_ALLOW_USE_UNSECURE_NODE_VERSION=true. For more information see: https://github.blog/changelog/2025-09-19-deprecation-of-node-20-on-github-actions-runners/
